Component: ARM Compiler 5.06 update 7 (build 960) Tool: armlink [4d3601]

==============================================================================

Section Cross References

    main.o(i.HandleFingerprint) refers to app.o(i.FindFingerprint) for FindFingerprint
    main.o(i.HandleFingerprint) refers to oled.o(i.OLED_ClearScreen) for OLED_ClearScreen
    main.o(i.HandleFingerprint) refers to output_device.o(i.OutputDev_Write) for OutputDev_Write
    main.o(i.HandleFingerprint) refers to app.o(i.Display) for Display
    main.o(i.HandleFingerprint) refers to main.o(i.StoreSecurityTimestamp) for StoreSecurityTimestamp
    main.o(i.HandleFingerprint) refers to app.o(i.SetIntertaskData) for SetIntertaskData
    main.o(i.HandleFingerprint) refers to app.o(i.IntruderAlert) for IntruderAlert
    main.o(i.HandleFingerprint) refers to main.o(.data) for invalidPrint
    main.o(i.HandleFingerprint) refers to main.o(.constdata) for .constdata
    main.o(i.HandleHMI) refers to keypad.o(i.Keypad_GetChar) for Keypad_GetChar
    main.o(i.HandleHMI) refers to rt_memclr_w.o(.text) for __aeabi_memclr4
    main.o(i.HandleHMI) refers to eeprom.o(i.EEPROM_GetData) for EEPROM_GetData
    main.o(i.HandleHMI) refers to app.o(i.Display) for Display
    main.o(i.HandleHMI) refers to app.o(i.GetKeypadData) for GetKeypadData
    main.o(i.HandleHMI) refers to strcmpv7m.o(.text) for strcmp
    main.o(i.HandleHMI) refers to app.o(i.CheckKey) for CheckKey
    main.o(i.HandleHMI) refers to app.o(i.RetryPassword) for RetryPassword
    main.o(i.HandleHMI) refers to main.o(i.StoreSecurityTimestamp) for StoreSecurityTimestamp
    main.o(i.HandleHMI) refers to app.o(i.SetIntertaskData) for SetIntertaskData
    main.o(i.HandleHMI) refers to app.o(i.IntruderAlert) for IntruderAlert
    main.o(i.HandleHMI) refers to tasks.o(i.vTaskDelay) for vTaskDelay
    main.o(i.HandleHMI) refers to oled.o(i.OLED_ClearScreen) for OLED_ClearScreen
    main.o(i.HandleHMI) refers to main.o(.data) for invalidInput
    main.o(i.HandleRxBluetoothData) refers to strcmpv7m.o(.text) for strcmp
    main.o(i.HandleRxBluetoothData) refers to bluetooth.o(i.BT_Transmit) for BT_Transmit
    main.o(i.HandleRxBluetoothData) refers to bluetooth.o(i.BT_RxBufferReset) for BT_RxBufferReset
    main.o(i.HandleRxBluetoothData) refers to bluetooth.o(i.BT_Receive) for BT_Receive
    main.o(i.HandleRxBluetoothData) refers to output_device.o(i.OutputDev_Write) for OutputDev_Write
    main.o(i.HandleRxBluetoothData) refers to main.o(i.SendSecurityReportToApp) for SendSecurityReportToApp
    main.o(i.HandleRxBluetoothData) refers to rt_memclr.o(.text) for __aeabi_memclr
    main.o(i.HandleRxBluetoothData) refers to main.o(i.StoreSecurityTimestamp) for StoreSecurityTimestamp
    main.o(i.HandleRxBluetoothData) refers to app.o(i.IntruderAlert) for IntruderAlert
    main.o(i.HandleRxBluetoothData) refers to app.o(i.SetIntertaskData) for SetIntertaskData
    main.o(i.HandleRxBluetoothData) refers to main.o(.bss) for tamperDetectionTimes
    main.o(i.HandleRxBluetoothData) refers to main.o(.data) for wrongAttempts
    main.o(i.SendSecurityReportToApp) refers to bluetooth.o(i.BT_Transmit) for BT_Transmit
    main.o(i.SendSecurityReportToApp) refers to app.o(i.IntegerToString) for IntegerToString
    main.o(i.StoreSecurityTimestamp) refers to rtc.o(i.RTC_GetTime) for RTC_GetTime
    main.o(i.StoreSecurityTimestamp) refers to main.o(.bss) for tamperDetectionTimes
    main.o(i.StoreSecurityTimestamp) refers to main.o(.data) for tamperDetectionCounter
    main.o(i.Task1) refers to keypad.o(i.Keypad_Init) for Keypad_Init
    main.o(i.Task1) refers to button.o(i.Button_Init) for Button_Init
    main.o(i.Task1) refers to sensor.o(i.Sensor_Init) for Sensor_Init
    main.o(i.Task1) refers to bluetooth.o(i.BT_Init) for BT_Init
    main.o(i.Task1) refers to output_device.o(i.OutputDev_Init) for OutputDev_Init
    main.o(i.Task1) refers to gsm.o(i.GSM_Init) for GSM_Init
    main.o(i.Task1) refers to tasks.o(i.xTaskCreate) for xTaskCreate
    main.o(i.Task1) refers to timers.o(i.xTimerCreate) for xTimerCreate
    main.o(i.Task1) refers to tasks.o(i.xTaskGetTickCount) for xTaskGetTickCount
    main.o(i.Task1) refers to timers.o(i.xTimerGenericCommand) for xTimerGenericCommand
    main.o(i.Task1) refers to tasks.o(i.vTaskDelete) for vTaskDelete
    main.o(i.Task1) refers to main.o(i.Task3) for Task3
    main.o(i.Task1) refers to main.o(i.TimerCallback) for TimerCallback
    main.o(i.Task2) refers to main.o(i.HandleHMI) for HandleHMI
    main.o(i.Task2) refers to main.o(i.HandleFingerprint) for HandleFingerprint
    main.o(i.Task3) refers to sensor.o(i.Sensor_GetDistance) for Sensor_GetDistance
    main.o(i.Task3) refers to tasks.o(i.vTaskDelay) for vTaskDelay
    main.o(i.Task3) refers to main.o(.data) for test
    main.o(i.Task4) refers to rt_memclr_w.o(.text) for __aeabi_memclr4
    main.o(i.Task4) refers to bluetooth.o(i.BT_RxBufferInit) for BT_RxBufferInit
[...]
    Removing rtc.o(i.RTC_GetTime), (108 bytes).
    Removing rtc.o(i.RTC_SetTime), (84 bytes).
    Removing system.o(.rev16_text), (4 bytes).
    Removing system.o(.revsh_text), (4 bytes).
    Removing system.o(.rrx_text), (6 bytes).
    Removing system.o(i.System_Reset), (44 bytes).
    Removing sensor.o(.rev16_text), (4 bytes).
    Removing sensor.o(.revsh_text), (4 bytes).
    Removing sensor.o(.rrx_text), (6 bytes).
    Removing queue.o(i.uxQueueMessagesWaiting), (18 bytes).
    Removing queue.o(i.uxQueueMessagesWaitingFromISR), (8 bytes).
    Removing queue.o(i.uxQueueSpacesAvailable), (24 bytes).
    Removing queue.o(i.vQueueDelete), (14 bytes).
    Removing queue.o(i.xQueueGiveFromISR), (120 bytes).
    Removing queue.o(i.xQueueIsQueueEmptyFromISR), (16 bytes).
    Removing queue.o(i.xQueueIsQueueFullFromISR), (22 bytes).
    Removing queue.o(i.xQueuePeek), (268 bytes).
    Removing queue.o(i.xQueuePeekFromISR), (74 bytes).
    Removing queue.o(i.xQueueReceiveFromISR), (130 bytes).
    Removing queue.o(i.xQueueSemaphoreTake), (240 bytes).
    Removing tasks.o(i.pcTaskGetName), (24 bytes).
    Removing tasks.o(i.prvTaskCheckFreeStackSpace), (22 bytes).
    Removing tasks.o(i.prvTaskIsTaskSuspended), (64 bytes).
    Removing tasks.o(i.ulTaskGenericNotifyTake), (136 bytes).
    Removing tasks.o(i.ulTaskGenericNotifyValueClear), (64 bytes).
    Removing tasks.o(i.uxTaskGetNumberOfTasks), (12 bytes).
    Removing tasks.o(i.uxTaskGetStackHighWaterMark), (40 bytes).
    Removing tasks.o(i.uxTaskPriorityGet), (36 bytes).
    Removing tasks.o(i.uxTaskPriorityGetFromISR), (56 bytes).
    Removing tasks.o(i.uxTaskResetEventItemValue), (28 bytes).
    Removing tasks.o(i.vTaskEndScheduler), (36 bytes).
    Removing tasks.o(i.vTaskGenericNotifyGiveFromISR), (192 bytes).
    Removing tasks.o(i.vTaskPlaceOnUnorderedEventList), (44 bytes).
    Removing tasks.o(i.vTaskPrioritySet), (232 bytes).
    Removing tasks.o(i.vTaskRemoveFromUnorderedEventList), (100 bytes).
    Removing tasks.o(i.vTaskResume), (120 bytes).
    Removing tasks.o(i.vTaskSetTimeOutState), (36 bytes).
    Removing tasks.o(i.vTaskSuspend), (216 bytes).
    Removing tasks.o(i.xTaskCatchUpTicks), (32 bytes).
    Removing tasks.o(i.xTaskDelayUntil), (116 bytes).
    Removing tasks.o(i.xTaskGenericNotify), (252 bytes).
    Removing tasks.o(i.xTaskGenericNotifyFromISR), (300 bytes).
    Removing tasks.o(i.xTaskGenericNotifyStateClear), (64 bytes).
    Removing tasks.o(i.xTaskGenericNotifyWait), (172 bytes).
    Removing tasks.o(i.xTaskGetTickCountFromISR), (12 bytes).
    Removing tasks.o(i.xTaskResumeFromISR), (160 bytes).
    Removing port.o(i.vPortEndScheduler), (2 bytes).
    Removing heap_1.o(i.vPortInitialiseBlocks), (12 bytes).
    Removing heap_1.o(i.xPortGetFreeHeapSize), (16 bytes).
    Removing timers.o(i.pcTimerGetName), (8 bytes).
    Removing timers.o(i.pvTimerGetTimerID), (20 bytes).
    Removing timers.o(i.uxTimerGetReloadMode), (34 bytes).
    Removing timers.o(i.vTimerSetReloadMode), (46 bytes).
    Removing timers.o(i.vTimerSetTimerID), (20 bytes).
    Removing timers.o(i.xTimerGetExpiryTime), (8 bytes).
    Removing timers.o(i.xTimerGetPeriod), (8 bytes).
    Removing timers.o(i.xTimerGetTimerDaemonTaskHandle), (12 bytes).
    Removing timers.o(i.xTimerIsTimerActive), (34 bytes).
    Removing clock.o(.rev16_text), (4 bytes).
    Removing clock.o(.revsh_text), (4 bytes).
    Removing clock.o(.rrx_text), (6 bytes).
    Removing dma.o(.rev16_text), (4 bytes).
    Removing dma.o(.revsh_text), (4 bytes).
    Removing dma.o(.rrx_text), (6 bytes).
    Removing dma.o(i.DMA_RxBufferFull), (44 bytes).
    Removing dma.o(i.DMA_Rx_CNDTR), (8 bytes).
    Removing dma.o(i.DMA_USART_Rx_Init), (26 bytes).
    Removing gpio.o(.rev16_text), (4 bytes).
    Removing gpio.o(.revsh_text), (4 bytes).
    Removing gpio.o(.rrx_text), (6 bytes).
    Removing gpio.o(i.GPIO_InputRead), (18 bytes).
    Removing i2c.o(.rev16_text), (4 bytes).
    Removing i2c.o(.revsh_text), (4 bytes).
    Removing i2c.o(.rrx_text), (6 bytes).
    Removing i2c.o(i.I2C_Init), (38 bytes).
    Removing i2c.o(i.I2C_Read2Bytes), (170 bytes).
    Removing i2c.o(i.I2C_ReadByte), (158 bytes).
    Removing i2c.o(i.I2C_ReadMultiByte), (292 bytes).
    Removing i2c.o(i.I2C_Write), (100 bytes).
    Removing i2c.o(i.I2C_WriteByte), (114 bytes).
    Removing i2c.o(i.I2C_WriteMultiByte), (130 bytes).
    Removing uart.o(.rev16_text), (4 bytes).
    Removing uart.o(.revsh_text), (4 bytes).
    Removing uart.o(.rrx_text), (6 bytes).
    Removing uart.o(i.USART_RxBufferFull), (20 bytes).
    Removing uart.o(i.USART_RxIdleLineDetected), (28 bytes).
    Removing uart.o(i.USART_WriteByte), (16 bytes).
    Removing uart.o(i.USART_WriteBytes), (34 bytes).
    Removing uart.o(i.USART_WriteChars), (32 bytes).
    Removing timer.o(.rev16_text), (4 bytes).
    Removing timer.o(.revsh_text), (4 bytes).
    Removing timer.o(.rrx_text), (6 bytes).
    Removing system_stm32f10x.o(.rev16_text), (4 bytes).
    Removing system_stm32f10x.o(.revsh_text), (4 bytes).
    Removing system_stm32f10x.o(.rrx_text), (6 bytes).
    Removing system_stm32f10x.o(i.SystemCoreClockUpdate), (164 bytes).
    Removing system_stm32f10x.o(.data), (20 bytes).

198 unused section(s) (total 14148 bytes) removed from the image.

==============================================================================

Image Symbol Table

    Local Symbols

    Symbol Name                              Value     Ov Type        Size  Object(Section)

    ../clib/angel/boardlib.s                 0x00000000   Number         0  boardinit3.o ABSOLUTE
    ../clib/angel/boardlib.s                 0x00000000   Number         0  boardshut.o ABSOLUTE
    ../clib/angel/boardlib.s                 0x00000000   Number         0  boardinit1.o ABSOLUTE
    ../clib/angel/boardlib.s                 0x00000000   Number         0  boardinit2.o ABSOLUTE
    ../clib/angel/handlers.s                 0x00000000   Number         0  __scatter_zi.o ABSOLUTE
    ../clib/angel/handlers.s                 0x00000000   Number         0  __scatter_copy.o ABSOLUTE
    ../clib/angel/kernel.s                   0x00000000   Number         0  rtexit.o ABSOLUTE
    ../clib/angel/kernel.s                   0x00000000   Number         0  __rtentry.o ABSOLUTE
    ../clib/angel/kernel.s                   0x00000000   Number         0  rtexit2.o ABSOLUTE
    ../clib/angel/kernel.s                   0x00000000   Number         0  __rtentry2.o ABSOLUTE
    ../clib/angel/kernel.s                   0x00000000   Number         0  __rtentry4.o ABSOLUTE
    ../clib/angel/rt.s                       0x00000000   Number         0  rt_raise.o ABSOLUTE
    ../clib/angel/scatter.s                  0x00000000   Number         0  __scatter.o ABSOLUTE
    ../clib/angel/startup.s                  0x00000000   Number         0  __main.o ABSOLUTE
    ../clib/angel/sys.s                      0x00000000   Number         0  use_no_semi.o ABSOLUTE
    ../clib/angel/sys.s                      0x00000000   Number         0  libspace.o ABSOLUTE
    ../clib/angel/sys.s                      0x00000000   Number         0  indicate_semi.o ABSOLUTE
    ../clib/angel/sys.s                      0x00000000   Number         0  sys_stackheap_outer.o ABSOLUTE
    ../clib/angel/sysapp.c                   0x00000000   Number         0  sys_wrch.o ABSOLUTE
    ../clib/angel/sysapp.c                   0x00000000   Number         0  sys_exit.o ABSOLUTE
    ../clib/angel/sysapp.c                   0x00000000   Number         0  sys_command.o ABSOLUTE
    ../clib/armsys.c                         0x00000000   Number         0  _get_argv_nomalloc.o ABSOLUTE
    ../clib/armsys.c                         0x00000000   Number         0  no_argv.o ABSOLUTE
    ../clib/armsys.c                         0x00000000   Number         0  argv_veneer.o ABSOLUTE
    ../clib/armsys.c                         0x00000000   Number         0  argv_veneer.o ABSOLUTE
    ../clib/heapalloc.c                      0x00000000   Number         0  hrguard.o ABSOLUTE
    ../clib/heapaux.c                        0x00000000   Number         0  heapauxi.o ABSOLUTE
    ../clib/libinit.s                        0x00000000   Number         0  libinit2.o ABSOLUTE
    ../clib/libinit.s                        0x00000000   Number         0  libshutdown2.o ABSOLUTE
    ../clib/libinit.s                        0x00000000   Number         0  libinit.o ABSOLUTE
    ../clib/libinit.s                        0x00000000   Number         0  libshutdown.o ABSOLUTE
    ../clib/memcpset.s                       0x00000000   Number         0  rt_memcpy_w.o ABSOLUTE
    ../clib/memcpset.s                       0x00000000   Number         0  rt_memclr.o ABSOLUTE
    ../clib/memcpset.s                       0x00000000   Number         0  rt_memcpy_v6.o ABSOLUTE
    ../clib/memcpset.s                       0x00000000   Number         0  rt_memclr_w.o ABSOLUTE
    ../clib/memcpset.s                       0x00000000   Number         0  strcmpv7m.o ABSOLUTE
    ../clib/memcpset.s                       0x00000000   Number         0  aeabi_memset.o ABSOLUTE
    ../clib/signal.c                         0x00000000   Number         0  __raise.o ABSOLUTE
    ../clib/signal.c                         0x00000000   Number         0  defsig_segv_inner.o ABSOLUTE
    ../clib/signal.c                         0x00000000   Number         0  defsig_cppl_inner.o ABSOLUTE
    ../clib/signal.c                         0x00000000   Number         0  defsig_pvfn_inner.o ABSOLUTE
    ../clib/signal.c                         0x00000000   Number         0  defsig_stak_inner.o ABSOLUTE
    ../clib/signal.c                         0x00000000   Number         0  defsig_rtred_inner.o ABSOLUTE
    ../clib/signal.c                         0x00000000   Number         0  defsig_fpe_inner.o ABSOLUTE
    ../clib/signal.c                         0x00000000   Number         0  defsig_abrt_inner.o ABSOLUTE
    ../clib/signal.c                         0x00000000   Number         0  defsig_general.o ABSOLUTE
    ../clib/signal.c                         0x00000000   Number         0  defsig_rtmem_inner.o ABSOLUTE
    ../clib/signal.c                         0x00000000   Number         0  defsig_exit.o ABSOLUTE
    ../clib/signal.c                         0x00000000   Number         0  defsig_rtmem_outer.o ABSOLUTE
    ../clib/signal.c                         0x00000000   Number         0  defsig_rtmem_formal.o ABSOLUTE
    ../clib/signal.c                         0x00000000   Number         0  defsig_other.o ABSOLUTE
    ../clib/signal.s                         0x00000000   Number         0  defsig.o ABSOLUTE
    ../clib/stdlib.c                         0x00000000   Number         0  exit.o ABSOLUTE
    ../clib/string.c                         0x00000000   Number         0  strcpy.o ABSOLUTE
    ../clib/string.c                         0x00000000   Number         0  strcat.o ABSOLUTE
    ../fplib/fdiv.s                          0x00000000   Number         0  fdiv.o ABSOLUTE
    ../fplib/ffixu.s                         0x00000000   Number         0  ffixu.o ABSOLUTE
    ../fplib/fflt.s                          0x00000000   Number         0  fflt_clz.o ABSOLUTE
    ../fplib/fmul.s                          0x00000000   Number         0  fmul.o ABSOLUTE
    ../fplib/fnaninf.s                       0x00000000   Number         0  fnaninf.o ABSOLUTE
    ../fplib/fpinit.s                        0x00000000   Number         0  fpinit.o ABSOLUTE
    ../fplib/fretinf.s                       0x00000000   Number         0  fretinf.o ABSOLUTE
    ../fplib/usenofp.s                       0x00000000   Number         0  usenofp.o ABSOLUTE
    FreeRTOS\Source\list.c                   0x00000000   Number         0  list.o ABSOLUTE
    FreeRTOS\Source\portable\MemMang\heap_1.c 0x00000000   Number         0  heap_1.o ABSOLUTE
    FreeRTOS\Source\portable\RVDS\ARM_CM3\port.c 0x00000000   Number         0  port.o ABSOLUTE
    FreeRTOS\Source\queue.c                  0x00000000   Number         0  queue.o ABSOLUTE
    FreeRTOS\Source\tasks.c                  0x00000000   Number         0  tasks.o ABSOLUTE
    FreeRTOS\Source\timers.c                 0x00000000   Number         0  timers.o ABSOLUTE
    FreeRTOS\\Source\\portable\\RVDS\\ARM_CM3\\port.c 0x00000000   Number         0  port.o ABSOLUTE
    RTE\Device\STM32F103C8\startup_stm32f10x_md.s 0x00000000   Number         0  startup_stm32f10x_md.o ABSOLUTE
    RTE\Device\STM32F103C8\system_stm32f10x.c 0x00000000   Number         0  system_stm32f10x.o ABSOLUTE
    RTE\\Device\\STM32F103C8\\system_stm32f10x.c 0x00000000   Number         0  system_stm32f10x.o ABSOLUTE
    app.c                                    0x00000000   Number         0  app.o ABSOLUTE
    app.c                                    0x00000000   Number         0  app.o ABSOLUTE
    bluetooth.c                              0x00000000   Number         0  bluetooth.o ABSOLUTE
    bluetooth.c                              0x00000000   Number         0  bluetooth.o ABSOLUTE
    button.c                                 0x00000000   Number         0  button.o ABSOLUTE
    button.c                                 0x00000000   Number         0  button.o ABSOLUTE
    clock.c                                  0x00000000   Number         0  clock.o ABSOLUTE
    clock.c                                  0x00000000   Number         0  clock.o ABSOLUTE
    dc.s                                     0x00000000   Number         0  dc.o ABSOLUTE
    dma.c                                    0x00000000   Number         0  dma.o ABSOLUTE
    dma.c                                    0x00000000   Number         0  dma.o ABSOLUTE
    eeprom.c                                 0x00000000   Number         0  eeprom.o ABSOLUTE
    eeprom.c                                 0x00000000   Number         0  eeprom.o ABSOLUTE
    fingerprint.c                            0x00000000   Number         0  fingerprint.o ABSOLUTE
    fingerprint.c                            0x00000000   Number         0  fingerprint.o ABSOLUTE
    gpio.c                                   0x00000000   Number         0  gpio.o ABSOLUTE
    gpio.c                                   0x00000000   Number         0  gpio.o ABSOLUTE
    gsm.c                                    0x00000000   Number         0  gsm.o ABSOLUTE
    gsm.c                                    0x00000000   Number         0  gsm.o ABSOLUTE
    i2c.c                                    0x00000000   Number         0  i2c.o ABSOLUTE
    i2c.c                                    0x00000000   Number         0  i2c.o ABSOLUTE
    keypad.c                                 0x00000000   Number         0  keypad.o ABSOLUTE
    keypad.c                                 0x00000000   Number         0  keypad.o ABSOLUTE
    main.c                                   0x00000000   Number         0  main.o ABSOLUTE
    main.c                                   0x00000000   Number         0  main.o ABSOLUTE
    oled.c                                   0x00000000   Number         0  oled.o ABSOLUTE
    oled.c                                   0x00000000   Number         0  oled.o ABSOLUTE
    output_device.c                          0x00000000   Number         0  output_device.o ABSOLUTE
    output_device.c                          0x00000000   Number         0  output_device.o ABSOLUTE
    rtc.c                                    0x00000000   Number         0  rtc.o ABSOLUTE
    rtc.c                                    0x00000000   Number         0  rtc.o ABSOLUTE
    sensor.c                                 0x00000000   Number         0  sensor.o ABSOLUTE
    sensor.c                                 0x00000000   Number         0  sensor.o ABSOLUTE
    system.c                                 0x00000000   Number         0  system.o ABSOLUTE
    system.c                                 0x00000000   Number         0  system.o ABSOLUTE
    timer.c                                  0x00000000   Number         0  timer.o ABSOLUTE
    timer.c                                  0x00000000   Number         0  timer.o ABSOLUTE
    uart.c                                   0x00000000   Number         0  uart.o ABSOLUTE
    uart.c                                   0x00000000   Number         0  uart.o ABSOLUTE
    RESET                                    0x08000000   Section      236  startup_stm32f10x_md.o(RESET)
    !!!main                                  0x080000ec   Section        8  __main.o(!!!main)
    !!!scatter                               0x080000f4   Section       52  __scatter.o(!!!scatter)
    !!handler_copy                           0x08000128   Section       26  __scatter_copy.o(!!handler_copy)
    !!handler_zi                             0x08000144   Section       28  __scatter_zi.o(!!handler_zi)
    .ARM.Collect$$libinit$$00000000          0x08000160   Section        2  libinit.o(.ARM.Collect$$libinit$$00000000)
    .ARM.Collect$$libinit$$00000002          0x08000162   Section        0  libinit2.o(.ARM.Collect$$libinit$$00000002)
    .ARM.Collect$$libinit$$00000004          0x08000162   Section        0  libinit2.o(.ARM.Collect$$libinit$$00000004)
    .ARM.Collect$$libinit$$0000000A          0x08000162   Section        0  libinit2.o(.ARM.Collect$$libinit$$0000000A)
    .ARM.Collect$$libinit$$0000000C          0x08000162   Section        0  libinit2.o(.ARM.Collect$$libinit$$0000000C)
    .ARM.Collect$$libinit$$0000000E          0x08000162   Section        0  libinit2.o(.ARM.Collect$$libinit$$0000000E)
    .ARM.Collect$$libinit$$00000011          0x08000162   Section        0  libinit2.o(.ARM.Collect$$libinit$$00000011)
    .ARM.Collect$$libinit$$00000013          0x08000162   Section        0  libinit2.o(.ARM.Collect$$libinit$$00000013)
    .ARM.Collect$$libinit$$00000015          0x08000162   Section        0  libinit2.o(.ARM.Collect$$libinit$$00000015)
    .ARM.Collect$$libinit$$00000017          0x08000162   Section        0  libinit2.o(.ARM.Collect$$libinit$$00000017)
    .ARM.Collect$$libinit$$00000019          0x08000162   Section        0  libinit2.o(.ARM.Collect$$libinit$$00000019)
    .ARM.Collect$$libinit$$0000001B          0x08000162   Section        0  libinit2.o(.ARM.Collect$$libinit$$0000001B)
    .ARM.Collect$$libinit$$0000001D          0x08000162   Section        0  libinit2.o(.ARM.Collect$$libinit$$0000001D)
    .ARM.Collect$$libinit$$0000001F          0x08000162   Section        0  libinit2.o(.ARM.Collect$$libinit$$0000001F)
    .ARM.Collect$$libinit$$00000021          0x08000162   Section        0  libinit2.o(.ARM.Collect$$libinit$$00000021)
    .ARM.Collect$$libinit$$00000023          0x08000162   Section        0  libinit2.o(.ARM.Collect$$libinit$$00000023)
    .ARM.Collect$$libinit$$00000025          0x08000162   Section        0  libinit2.o(.ARM.Collect$$libinit$$00000025)
    .ARM.Collect$$libinit$$0000002C          0x08000162   Section        0  libinit2.o(.ARM.Collect$$libinit$$0000002C)
    .ARM.Collect$$libinit$$0000002E          0x08000162   Section        0  libinit2.o(.ARM.Collect$$libinit$$0000002E)
    .ARM.Collect$$libinit$$00000030          0x08000162   Section        0  libinit2.o(.ARM.Collect$$libinit$$00000030)
    .ARM.Collect$$libinit$$00000032          0x08000162   Section        0  libinit2.o(.ARM.Collect$$libinit$$00000032)
    .ARM.Collect$$libinit$$00000033          0x08000162   Section        2  libinit2.o(.ARM.Collect$$libinit$$00000033)
    .ARM.Collect$$libshutdown$$00000000      0x08000164   Section        2  libshutdown.o(.ARM.Collect$$libshutdown$$00000000)
    .ARM.Collect$$libshutdown$$00000002      0x08000166   Section        0  libshutdown2.o(.ARM.Collect$$libshutdown$$00000002)
    .ARM.Collect$$libshutdown$$00000004      0x08000166   Section        0  libshutdown2.o(.ARM.Collect$$libshutdown$$00000004)
    .ARM.Collect$$libshutdown$$00000006      0x08000166   Section        0  libshutdown2.o(.ARM.Collect$$libshutdown$$00000006)
    .ARM.Collect$$libshutdown$$00000009      0x08000166   Section        0  libshutdown2.o(.ARM.Collect$$libshutdown$$00000009)
    .ARM.Collect$$libshutdown$$0000000C      0x08000166   Section        0  libshutdown2.o(.ARM.Collect$$libshutdown$$0000000C)
    .ARM.Collect$$libshutdown$$0000000E      0x08000166   Section        0  libshutdown2.o(.ARM.Collect$$libshutdown$$0000000E)
    .ARM.Collect$$libshutdown$$00000011      0x08000166   Section        0  libshutdown2.o(.ARM.Collect$$libshutdown$$00000011)
    .ARM.Collect$$libshutdown$$00000012      0x08000166   Section        2  libshutdown2.o(.ARM.Collect$$libshutdown$$00000012)
    .ARM.Collect$$rtentry$$00000000          0x08000168   Section        0  __rtentry.o(.ARM.Collect$$rtentry$$00000000)
    .ARM.Collect$$rtentry$$00000002          0x08000168   Section        0  __rtentry2.o(.ARM.Collect$$rtentry$$00000002)
    .ARM.Collect$$rtentry$$00000004          0x08000168   Section        6  __rtentry4.o(.ARM.Collect$$rtentry$$00000004)
    .ARM.Collect$$rtentry$$00000009          0x0800016e   Section        0  __rtentry2.o(.ARM.Collect$$rtentry$$00000009)
    .ARM.Collect$$rtentry$$0000000A          0x0800016e   Section        4  __rtentry2.o(.ARM.Collect$$rtentry$$0000000A)
    .ARM.Collect$$rtentry$$0000000C          0x08000172   Section        0  __rtentry2.o(.ARM.Collect$$rtentry$$0000000C)
    .ARM.Collect$$rtentry$$0000000D          0x08000172   Section        8  __rtentry2.o(.ARM.Collect$$rtentry$$0000000D)
    .ARM.Collect$$rtexit$$00000000           0x0800017a   Section        2  rtexit.o(.ARM.Collect$$rtexit$$00000000)
    .ARM.Collect$$rtexit$$00000002           0x0800017c   Section        0  rtexit2.o(.ARM.Collect$$rtexit$$00000002)
    .ARM.Collect$$rtexit$$00000003           0x0800017c   Section        4  rtexit2.o(.ARM.Collect$$rtexit$$00000003)
    .ARM.Collect$$rtexit$$00000004           0x08000180   Section        6  rtexit2.o(.ARM.Collect$$rtexit$$00000004)
    .emb_text                                0x08000188   Section      150  port.o(.emb_text)
    .text                                    0x08000220   Section       64  startup_stm32f10x_md.o(.text)
    .text                                    0x08000260   Section      138  rt_memcpy_v6.o(.text)
    .text                                    0x080002ea   Section      100  rt_memcpy_w.o(.text)
    .text                                    0x0800034e   Section       16  aeabi_memset.o(.text)
    .text                                    0x0800035e   Section       68  rt_memclr.o(.text)
    .text                                    0x080003a2   Section       78  rt_memclr_w.o(.text)
    .text                                    0x080003f0   Section        0  heapauxi.o(.text)
    .text                                    0x080003f6   Section       74  sys_stackheap_outer.o(.text)
    .text                                    0x08000440   Section        0  exit.o(.text)
    .text                                    0x08000454   Section        8  libspace.o(.text)
    .text                                    0x0800045c   Section        0  sys_exit.o(.text)
    .text                                    0x08000468   Section        2  use_no_semi.o(.text)
    .text                                    0x0800046a   Section        0  indicate_semi.o(.text)
    i.BT_Init                                0x0800046c   Section        0  bluetooth.o(i.BT_Init)
    i.Button_Init                            0x080004a4   Section        0  button.o(i.Button_Init)
    i.Clock_HSI_8MHz_Init                    0x080004bc   Section        0  clock.o(i.Clock_HSI_8MHz_Init)
    i.GPIO_InputInit                         0x08000510   Section        0  gpio.o(i.GPIO_InputInit)
    i.GPIO_OutputInit                        0x08000530   Section        0  gpio.o(i.GPIO_OutputInit)
    i.GPIO_OutputRead                        0x08000552   Section        0  gpio.o(i.GPIO_OutputRead)
    i.GPIO_OutputWrite                       0x08000564   Section        0  gpio.o(i.GPIO_OutputWrite)
    i.GPIO_Reset                             0x08000574   Section        0  gpio.o(i.GPIO_Reset)
    i.GSM_Init                               0x080005d4   Section        0  gsm.o(i.GSM_Init)
    i.HasTimedOut                            0x080005fc   Section        0  app.o(i.HasTimedOut)
    i.IntertaskTimeout                       0x08000616   Section        0  app.o(i.IntertaskTimeout)
    i.Keypad_Init                            0x08000638   Section        0  keypad.o(i.Keypad_Init)
    i.OutputDev_Init                         0x08000674   Section        0  output_device.o(i.OutputDev_Init)
    i.OutputDev_Read                         0x080006a4   Section        0  output_device.o(i.OutputDev_Read)
    i.OutputDev_Write                        0x080006cc   Section        0  output_device.o(i.OutputDev_Write)
    i.Sensor_GetDistance                     0x080006f8   Section        0  sensor.o(i.Sensor_GetDistance)
    i.Sensor_Init                            0x08000734   Section        0  sensor.o(i.Sensor_Init)
    i.SetIntertaskData                       0x080007bc   Section        0  app.o(i.SetIntertaskData)
    i.SetSysClock                            0x080007c0   Section        0  system_stm32f10x.o(i.SetSysClock)
    SetSysClock                              0x080007c1   Thumb Code     8  system_stm32f10x.o(i.SetSysClock)
    i.SetSysClockTo72                        0x080007c8   Section        0  system_stm32f10x.o(i.SetSysClockTo72)
    SetSysClockTo72                          0x080007c9   Thumb Code   214  system_stm32f10x.o(i.SetSysClockTo72)
    i.SysTick_Handler                        0x080008a8   Section        0  port.o(i.SysTick_Handler)
    i.SystemInit                             0x080008dc   Section        0  system_stm32f10x.o(i.SystemInit)
    i.System_Config                          0x0800093c   Section        0  system.o(i.System_Config)
    i.TIM_DelayMicros                        0x08000948   Section        0  timer.o(i.TIM_DelayMicros)
    i.TIM_GetDutyCycle                       0x0800096e   Section        0  timer.o(i.TIM_GetDutyCycle)
    i.TIM_Init                               0x08000982   Section        0  timer.o(i.TIM_Init)
    i.TIM_InputCaptureInit                   0x08000990   Section        0  timer.o(i.TIM_InputCaptureInit)
    i.Task1                                  0x080009dc   Section        0  main.o(i.Task1)
    i.Task3                                  0x08000a48   Section        0  main.o(i.Task3)
    i.TimerCallback                          0x08000a64   Section        0  main.o(i.TimerCallback)
    i.TrigCallback                           0x08000af8   Section        0  sensor.o(i.TrigCallback)
    TrigCallback                             0x08000af9   Thumb Code    34  sensor.o(i.TrigCallback)
    i.USART_Init                             0x08000b20   Section        0  uart.o(i.USART_Init)
    i.main                                   0x08000b70   Section        0  main.o(i.main)
    i.prvAddCurrentTaskToDelayedList         0x08000b9c   Section        0  tasks.o(i.prvAddCurrentTaskToDelayedList)
    prvAddCurrentTaskToDelayedList           0x08000b9d   Thumb Code   124  tasks.o(i.prvAddCurrentTaskToDelayedList)
    i.prvAddNewTaskToReadyList               0x08000c34   Section        0  tasks.o(i.prvAddNewTaskToReadyList)
    prvAddNewTaskToReadyList                 0x08000c35   Thumb Code   150  tasks.o(i.prvAddNewTaskToReadyList)
    i.prvCheckForValidListAndQueue           0x08000ce8   Section        0  timers.o(i.prvCheckForValidListAndQueue)
    prvCheckForValidListAndQueue             0x08000ce9   Thumb Code    56  timers.o(i.prvCheckForValidListAndQueue)
    i.prvCheckTasksWaitingTermination        0x08000d34   Section        0  tasks.o(i.prvCheckTasksWaitingTermination)
    prvCheckTasksWaitingTermination          0x08000d35   Thumb Code    60  tasks.o(i.prvCheckTasksWaitingTermination)
    i.prvCopyDataFromQueue                   0x08000d7c   Section        0  queue.o(i.prvCopyDataFromQueue)
    prvCopyDataFromQueue                     0x08000d7d   Thumb Code    42  queue.o(i.prvCopyDataFromQueue)
    i.prvCopyDataToQueue                     0x08000da6   Section        0  queue.o(i.prvCopyDataToQueue)
    prvCopyDataToQueue                       0x08000da7   Thumb Code   106  queue.o(i.prvCopyDataToQueue)
    i.prvDeleteTCB                           0x08000e10   Section        0  tasks.o(i.prvDeleteTCB)
    prvDeleteTCB                             0x08000e11   Thumb Code    18  tasks.o(i.prvDeleteTCB)
    i.prvGetNextExpireTime                   0x08000e24   Section        0  timers.o(i.prvGetNextExpireTime)
    prvGetNextExpireTime                     0x08000e25   Thumb Code    36  timers.o(i.prvGetNextExpireTime)
    i.prvIdleTask                            0x08000e4c   Section        0  tasks.o(i.prvIdleTask)
    prvIdleTask                              0x08000e4d   Thumb Code    32  tasks.o(i.prvIdleTask)
    i.prvInitialiseNewQueue                  0x08000e74   Section        0  queue.o(i.prvInitialiseNewQueue)
    prvInitialiseNewQueue                    0x08000e75   Thumb Code    38  queue.o(i.prvInitialiseNewQueue)
    i.prvInitialiseNewTask                   0x08000e9a   Section        0  tasks.o(i.prvInitialiseNewTask)
    prvInitialiseNewTask                     0x08000e9b   Thumb Code   152  tasks.o(i.prvInitialiseNewTask)
    i.prvInitialiseNewTimer                  0x08000f32   Section        0  timers.o(i.prvInitialiseNewTimer)
    prvInitialiseNewTimer                    0x08000f33   Thumb Code    58  timers.o(i.prvInitialiseNewTimer)
    i.prvInitialiseTaskLists                 0x08000f6c   Section        0  tasks.o(i.prvInitialiseTaskLists)
    prvInitialiseTaskLists                   0x08000f6d   Thumb Code    70  tasks.o(i.prvInitialiseTaskLists)
    i.prvInsertTimerInActiveList             0x08000fd4   Section        0  timers.o(i.prvInsertTimerInActiveList)
    prvInsertTimerInActiveList               0x08000fd5   Thumb Code    80  timers.o(i.prvInsertTimerInActiveList)
    i.prvIsQueueEmpty                        0x0800102c   Section        0  queue.o(i.prvIsQueueEmpty)
    prvIsQueueEmpty                          0x0800102d   Thumb Code    26  queue.o(i.prvIsQueueEmpty)
    i.prvIsQueueFull                         0x08001046   Section        0  queue.o(i.prvIsQueueFull)
    prvIsQueueFull                           0x08001047   Thumb Code    30  queue.o(i.prvIsQueueFull)
    i.prvProcessExpiredTimer                 0x08001064   Section        0  timers.o(i.prvProcessExpiredTimer)
    prvProcessExpiredTimer                   0x08001065   Thumb Code    86  timers.o(i.prvProcessExpiredTimer)
    i.prvProcessReceivedCommands             0x080010c0   Section        0  timers.o(i.prvProcessReceivedCommands)
    prvProcessReceivedCommands               0x080010c1   Thumb Code   246  timers.o(i.prvProcessReceivedCommands)
    i.prvProcessTimerOrBlockTask             0x080011bc   Section        0  timers.o(i.prvProcessTimerOrBlockTask)
    prvProcessTimerOrBlockTask               0x080011bd   Thumb Code   102  timers.o(i.prvProcessTimerOrBlockTask)
    i.prvResetNextTaskUnblockTime            0x08001230   Section        0  tasks.o(i.prvResetNextTaskUnblockTime)
    prvResetNextTaskUnblockTime              0x08001231   Thumb Code    40  tasks.o(i.prvResetNextTaskUnblockTime)
    i.prvSampleTimeNow                       0x08001260   Section        0  timers.o(i.prvSampleTimeNow)
    prvSampleTimeNow                         0x08001261   Thumb Code    40  timers.o(i.prvSampleTimeNow)
    i.prvSwitchTimerLists                    0x0800128c   Section        0  timers.o(i.prvSwitchTimerLists)
    prvSwitchTimerLists                      0x0800128d   Thumb Code   126  timers.o(i.prvSwitchTimerLists)
    i.prvTaskExitError                       0x08001314   Section        0  port.o(i.prvTaskExitError)
    prvTaskExitError                         0x08001315   Thumb Code    22  port.o(i.prvTaskExitError)
    i.prvTimerTask                           0x0800132a   Section        0  timers.o(i.prvTimerTask)
    prvTimerTask                             0x0800132b   Thumb Code    26  timers.o(i.prvTimerTask)
    i.prvUnlockQueue                         0x08001344   Section        0  queue.o(i.prvUnlockQueue)
    prvUnlockQueue                           0x08001345   Thumb Code   126  queue.o(i.prvUnlockQueue)
    i.pvPortMalloc                           0x080013c4   Section        0  heap_1.o(i.pvPortMalloc)
    i.pxPortInitialiseStack                  0x08001448   Section        0  port.o(i.pxPortInitialiseStack)
    i.uxListRemove                           0x0800146c   Section        0  list.o(i.uxListRemove)
    i.vListInitialise                        0x08001494   Section        0  list.o(i.vListInitialise)
    i.vListInitialiseItem                    0x080014ae   Section        0  list.o(i.vListInitialiseItem)
    i.vListInsert                            0x080014b4   Section        0  list.o(i.vListInsert)
    i.vListInsertEnd                         0x080014e8   Section        0  list.o(i.vListInsertEnd)
    i.vPortEnterCritical                     0x08001500   Section        0  port.o(i.vPortEnterCritical)
    i.vPortExitCritical                      0x08001524   Section        0  port.o(i.vPortExitCritical)
    i.vPortFree                              0x08001544   Section        0  heap_1.o(i.vPortFree)
    i.vPortSetupTimerInterrupt               0x08001548   Section        0  port.o(i.vPortSetupTimerInterrupt)
    i.vQueueWaitForMessageRestricted         0x08001560   Section        0  queue.o(i.vQueueWaitForMessageRestricted)
    i.vTaskDelay                             0x080015ac   Section        0  tasks.o(i.vTaskDelay)
    i.vTaskDelete                            0x080015e0   Section        0  tasks.o(i.vTaskDelete)
    i.vTaskInternalSetTimeOutState           0x080016ac   Section        0  tasks.o(i.vTaskInternalSetTimeOutState)
    i.vTaskMissedYield                       0x080016c4   Section        0  tasks.o(i.vTaskMissedYield)
    i.vTaskPlaceOnEventList                  0x080016d0   Section        0  tasks.o(i.vTaskPlaceOnEventList)
    i.vTaskPlaceOnEventListRestricted        0x080016f0   Section        0  tasks.o(i.vTaskPlaceOnEventListRestricted)
    i.vTaskStartScheduler                    0x08001718   Section        0  tasks.o(i.vTaskStartScheduler)
    i.vTaskSuspendAll                        0x08001790   Section        0  tasks.o(i.vTaskSuspendAll)
    i.vTaskSwitchContext                     0x080017a0   Section        0  tasks.o(i.vTaskSwitchContext)
    i.xPortStartScheduler                    0x08001800   Section        0  port.o(i.xPortStartScheduler)
    i.xQueueGenericCreate                    0x08001834   Section        0  queue.o(i.xQueueGenericCreate)
    i.xQueueGenericReset                     0x08001868   Section        0  queue.o(i.xQueueGenericReset)
    i.xQueueGenericSend                      0x080018e8   Section        0  queue.o(i.xQueueGenericSend)
    i.xQueueGenericSendFromISR               0x08001a00   Section        0  queue.o(i.xQueueGenericSendFromISR)
    i.xQueueReceive                          0x08001a8c   Section        0  queue.o(i.xQueueReceive)
    i.xTaskCheckForTimeOut                   0x08001b90   Section        0  tasks.o(i.xTaskCheckForTimeOut)
    i.xTaskCreate                            0x08001bf0   Section        0  tasks.o(i.xTaskCreate)
    i.xTaskGetSchedulerState                 0x08001c50   Section        0  tasks.o(i.xTaskGetSchedulerState)
    i.xTaskGetTickCount                      0x08001c70   Section        0  tasks.o(i.xTaskGetTickCount)
    i.xTaskIncrementTick                     0x08001c7c   Section        0  tasks.o(i.xTaskIncrementTick)
    i.xTaskRemoveFromEventList               0x08001d98   Section        0  tasks.o(i.xTaskRemoveFromEventList)
    i.xTaskResumeAll                         0x08001e18   Section        0  tasks.o(i.xTaskResumeAll)
    i.xTimerCreate                           0x08001f00   Section        0  timers.o(i.xTimerCreate)
    i.xTimerCreateTimerTask                  0x08001f38   Section        0  timers.o(i.xTimerCreateTimerTask)
    i.xTimerGenericCommand                   0x08001f74   Section        0  timers.o(i.xTimerGenericCommand)
    x$fpl$fdiv                               0x08001fe0   Section      388  fdiv.o(x$fpl$fdiv)
    _fdiv1                                   0x08001fe1   Thumb Code     0  fdiv.o(x$fpl$fdiv)
    x$fpl$ffixu                              0x08002164   Section       62  ffixu.o(x$fpl$ffixu)
    x$fpl$ffltu                              0x080021a4   Section       38  fflt_clz.o(x$fpl$ffltu)
    x$fpl$fmul                               0x080021cc   Section      258  fmul.o(x$fpl$fmul)
    x$fpl$fnaninf                            0x080022ce   Section      140  fnaninf.o(x$fpl$fnaninf)
    x$fpl$fretinf                            0x0800235a   Section       10  fretinf.o(x$fpl$fretinf)
    x$fpl$usenofp                            0x08002364   Section        0  usenofp.o(x$fpl$usenofp)
    .data                                    0x20000000   Section       18  main.o(.data)
    test                                     0x20000000   Data           4  main.o(.data)
    numOfInvalidPrints                       0x20000008   Data           1  main.o(.data)
    tamperDetectionCounter                   0x20000009   Data           1  main.o(.data)
    failedAccessCounter                      0x2000000a   Data           1  main.o(.data)
    wrongAttempts                            0x2000000b   Data           1  main.o(.data)
    tLock                                    0x2000000c   Data           1  main.o(.data)
    tBuzzer                                  0x2000000d   Data           1  main.o(.data)
    tKeypadInput                             0x2000000e   Data           1  main.o(.data)
    tPrint                                   0x2000000f   Data           1  main.o(.data)
    tDeviceTamper                            0x20000010   Data           1  main.o(.data)
    tBluetooth                               0x20000011   Data           1  main.o(.data)
    .data                                    0x20000014   Section       64  tasks.o(.data)
    pxDelayedTaskList                        0x20000018   Data           4  tasks.o(.data)
    pxOverflowDelayedTaskList                0x2000001c   Data           4  tasks.o(.data)
    uxDeletedTasksWaitingCleanUp             0x20000020   Data           4  tasks.o(.data)
    uxCurrentNumberOfTasks                   0x20000024   Data           4  tasks.o(.data)
    xTickCount                               0x20000028   Data           4  tasks.o(.data)
    uxTopReadyPriority                       0x2000002c   Data           4  tasks.o(.data)
    xSchedulerRunning                        0x20000030   Data           4  tasks.o(.data)
    xPendedTicks                             0x20000034   Data           4  tasks.o(.data)
    xYieldPending                            0x20000038   Data           4  tasks.o(.data)
    xNumOfOverflows                          0x2000003c   Data           4  tasks.o(.data)
    uxTaskNumber                             0x20000040   Data           4  tasks.o(.data)
    xNextTaskUnblockTime                     0x20000044   Data           4  tasks.o(.data)
    xIdleTaskHandle                          0x20000048   Data           4  tasks.o(.data)
    uxSchedulerSuspended                     0x20000050   Data           4  tasks.o(.data)
    .data                                    0x20000054   Section        4  port.o(.data)
    uxCriticalNesting                        0x20000054   Data           4  port.o(.data)
    .data                                    0x20000058   Section        8  heap_1.o(.data)
    xNextFreeByte                            0x20000058   Data           4  heap_1.o(.data)
    pucAlignedHeap                           0x2000005c   Data           4  heap_1.o(.data)
    .data                                    0x20000060   Section       20  timers.o(.data)
    pxCurrentTimerList                       0x20000060   Data           4  timers.o(.data)
    pxOverflowTimerList                      0x20000064   Data           4  timers.o(.data)
    xTimerQueue                              0x20000068   Data           4  timers.o(.data)
    xTimerTaskHandle                         0x2000006c   Data           4  timers.o(.data)
    xLastTime                                0x20000070   Data           4  timers.o(.data)
    .bss                                     0x20000074   Section      200  tasks.o(.bss)
    pxReadyTasksLists                        0x20000074   Data         100  tasks.o(.bss)
    xDelayedTaskList1                        0x200000d8   Data          20  tasks.o(.bss)
    xDelayedTaskList2                        0x200000ec   Data          20  tasks.o(.bss)
    xPendingReadyList                        0x20000100   Data          20  tasks.o(.bss)
    xTasksWaitingTermination                 0x20000114   Data          20  tasks.o(.bss)
    xSuspendedTaskList                       0x20000128   Data          20  tasks.o(.bss)
    .bss                                     0x2000013c   Section     5120  heap_1.o(.bss)
    ucHeap                                   0x2000013c   Data        5120  heap_1.o(.bss)
    .bss                                     0x2000153c   Section       40  timers.o(.bss)
    xActiveTimerList1                        0x2000153c   Data          20  timers.o(.bss)
    xActiveTimerList2                        0x20001550   Data          20  timers.o(.bss)
    .bss                                     0x20001564   Section       96  libspace.o(.bss)
    HEAP                                     0x200015c8   Section      512  startup_stm32f10x_md.o(HEAP)
    Heap_Mem                                 0x200015c8   Data         512  startup_stm32f10x_md.o(HEAP)
    STACK                                    0x200017c8   Section     1024  startup_stm32f10x_md.o(STACK)
    Stack_Mem                                0x200017c8   Data        1024  startup_stm32f10x_md.o(STACK)
    __initial_sp                             0x20001bc8   Data           0  startup_stm32f10x_md.o(STACK)

    Global Symbols

    Symbol Name                              Value     Ov Type        Size  Object(Section)

    BuildAttributes$$THM_ISAv4$P$D$K$B$S$PE$A:L22UL41UL21$X:L11$S22US41US21$IEEE1$IW$USESV6$~STKCKD$USESV7$~SHL$OSPACE$ROPI$EBA8$UX$STANDARDLIB$REQ8$PRES8$EABIv2 0x00000000   Number         0  anon$$obj.o ABSOLUTE
    __ARM_use_no_argv                        0x00000000   Number         0  main.o ABSOLUTE
    __ARM_exceptions_init                     - Undefined Weak Reference
    __alloca_initialize                       - Undefined Weak Reference
    __arm_fini_                               - Undefined Weak Reference
    __arm_preinit_                            - Undefined Weak Reference
    __cpp_initialize__aeabi_                  - Undefined Weak Reference
    __cxa_finalize                            - Undefined Weak Reference
    __rt_locale                               - Undefined Weak Reference
    __sigvec_lookup                           - Undefined Weak Reference
    _atexit_init                              - Undefined Weak Reference
    _call_atexit_fns                          - Undefined Weak Reference
    _clock_init                               - Undefined Weak Reference
    _fp_trap_init                             - Undefined Weak Reference
    _fp_trap_shutdown                         - Undefined Weak Reference
    _get_lc_collate                           - Undefined Weak Reference
    _get_lc_ctype                             - Undefined Weak Reference
    _get_lc_monetary                          - Undefined Weak Reference
    _get_lc_numeric                           - Undefined Weak Reference
    _get_lc_time                              - Undefined Weak Reference
    _getenv_init                              - Undefined Weak Reference
    _handle_redirection                       - Undefined Weak Reference
    _init_alloc                               - Undefined Weak Reference
    _init_user_alloc                          - Undefined Weak Reference
    _initio                                   - Undefined Weak Reference
    _rand_init                                - Undefined Weak Reference
    _signal_finish                            - Undefined Weak Reference
    _signal_init                              - Undefined Weak Reference
    _terminate_alloc                          - Undefined Weak Reference
    _terminate_user_alloc                     - Undefined Weak Reference
    _terminateio                              - Undefined Weak Reference
    __Vectors_Size                           0x000000ec   Number         0  startup_stm32f10x_md.o ABSOLUTE
    __Vectors                                0x08000000   Data           4  startup_stm32f10x_md.o(RESET)
    __Vectors_End                            0x080000ec   Data           0  startup_stm32f10x_md.o(RESET)
    __main                                   0x080000ed   Thumb Code     8  __main.o(!!!main)
    __scatterload                            0x080000f5   Thumb Code     0  __scatter.o(!!!scatter)
    __scatterload_rt2                        0x080000f5   Thumb Code    44  __scatter.o(!!!scatter)
    __scatterload_rt2_thumb_only             0x080000f5   Thumb Code     0  __scatter.o(!!!scatter)
    __scatterload_null                       0x08000103   Thumb Code     0  __scatter.o(!!!scatter)
    __scatterload_copy                       0x08000129   Thumb Code    26  __scatter_copy.o(!!handler_copy)
    __scatterload_zeroinit                   0x08000145   Thumb Code    28  __scatter_zi.o(!!handler_zi)
    __rt_lib_init                            0x08000161   Thumb Code     0  libinit.o(.ARM.Collect$$libinit$$00000000)
    __rt_lib_init_alloca_1                   0x08000163   Thumb Code     0  libinit2.o(.ARM.Collect$$libinit$$0000002E)
    __rt_lib_init_argv_1                     0x08000163   Thumb Code     0  libinit2.o(.ARM.Collect$$libinit$$0000002C)
    __rt_lib_init_atexit_1                   0x08000163   Thumb Code     0  libinit2.o(.ARM.Collect$$libinit$$0000001B)
    __rt_lib_init_clock_1                    0x08000163   Thumb Code     0  libinit2.o(.ARM.Collect$$libinit$$00000021)
    __rt_lib_init_cpp_1                      0x08000163   Thumb Code     0  libinit2.o(.ARM.Collect$$libinit$$00000032)
    __rt_lib_init_exceptions_1               0x08000163   Thumb Code     0  libinit2.o(.ARM.Collect$$libinit$$00000030)
    __rt_lib_init_fp_1                       0x08000163   Thumb Code     0  libinit2.o(.ARM.Collect$$libinit$$00000002)
    __rt_lib_init_fp_trap_1                  0x08000163   Thumb Code     0  libinit2.o(.ARM.Collect$$libinit$$0000001F)
    __rt_lib_init_getenv_1                   0x08000163   Thumb Code     0  libinit2.o(.ARM.Collect$$libinit$$00000023)
    __rt_lib_init_heap_1                     0x08000163   Thumb Code     0  libinit2.o(.ARM.Collect$$libinit$$0000000A)
    __rt_lib_init_lc_collate_1               0x08000163   Thumb Code     0  libinit2.o(.ARM.Collect$$libinit$$00000011)
    __rt_lib_init_lc_ctype_1                 0x08000163   Thumb Code     0  libinit2.o(.ARM.Collect$$libinit$$00000013)
    __rt_lib_init_lc_monetary_1              0x08000163   Thumb Code     0  libinit2.o(.ARM.Collect$$libinit$$00000015)
    __rt_lib_init_lc_numeric_1               0x08000163   Thumb Code     0  libinit2.o(.ARM.Collect$$libinit$$00000017)
    __rt_lib_init_lc_time_1                  0x08000163   Thumb Code     0  libinit2.o(.ARM.Collect$$libinit$$00000019)
    __rt_lib_init_preinit_1                  0x08000163   Thumb Code     0  libinit2.o(.ARM.Collect$$libinit$$00000004)
    __rt_lib_init_rand_1                     0x08000163   Thumb Code     0  libinit2.o(.ARM.Collect$$libinit$$0000000E)
    __rt_lib_init_return                     0x08000163   Thumb Code     0  libinit2.o(.ARM.Collect$$libinit$$00000033)
    __rt_lib_init_signal_1                   0x08000163   Thumb Code     0  libinit2.o(.ARM.Collect$$libinit$$0000001D)
    __rt_lib_init_stdio_1                    0x08000163   Thumb Code     0  libinit2.o(.ARM.Collect$$libinit$$00000025)
    __rt_lib_init_user_alloc_1               0x08000163   Thumb Code     0  libinit2.o(.ARM.Collect$$libinit$$0000000C)
    __rt_lib_shutdown                        0x08000165   Thumb Code     0  libshutdown.o(.ARM.Collect$$libshutdown$$00000000)
    __rt_lib_shutdown_cpp_1                  0x08000167   Thumb Code     0  libshutdown2.o(.ARM.Collect$$libshutdown$$00000004)
    __rt_lib_shutdown_fini_1                 0x08000167   Thumb Code     0  libshutdown2.o(.ARM.Collect$$libshutdown$$00000002)
    __rt_lib_shutdown_fp_trap_1              0x08000167   Thumb Code     0  libshutdown2.o(.ARM.Collect$$libshutdown$$00000009)
    __rt_lib_shutdown_heap_1                 0x08000167   Thumb Code     0  libshutdown2.o(.ARM.Collect$$libshutdown$$00000011)
    __rt_lib_shutdown_return                 0x08000167   Thumb Code     0  libshutdown2.o(.ARM.Collect$$libshutdown$$00000012)
    __rt_lib_shutdown_signal_1               0x08000167   Thumb Code     0  libshutdown2.o(.ARM.Collect$$libshutdown$$0000000C)
    __rt_lib_shutdown_stdio_1                0x08000167   Thumb Code     0  libshutdown2.o(.ARM.Collect$$libshutdown$$00000006)
    __rt_lib_shutdown_user_alloc_1           0x08000167   Thumb Code     0  libshutdown2.o(.ARM.Collect$$libshutdown$$0000000E)
    __rt_entry                               0x08000169   Thumb Code     0  __rtentry.o(.ARM.Collect$$rtentry$$00000000)
    __rt_entry_presh_1                       0x08000169   Thumb Code     0  __rtentry2.o(.ARM.Collect$$rtentry$$00000002)
    __rt_entry_sh                            0x08000169   Thumb Code     0  __rtentry4.o(.ARM.Collect$$rtentry$$00000004)
    __rt_entry_li                            0x0800016f   Thumb Code     0  __rtentry2.o(.ARM.Collect$$rtentry$$0000000A)
    __rt_entry_postsh_1                      0x0800016f   Thumb Code     0  __rtentry2.o(.ARM.Collect$$rtentry$$00000009)
    __rt_entry_main                          0x08000173   Thumb Code     0  __rtentry2.o(.ARM.Collect$$rtentry$$0000000D)
    __rt_entry_postli_1                      0x08000173   Thumb Code     0  __rtentry2.o(.ARM.Collect$$rtentry$$0000000C)
    __rt_exit                                0x0800017b   Thumb Code     0  rtexit.o(.ARM.Collect$$rtexit$$00000000)
    __rt_exit_ls                             0x0800017d   Thumb Code     0  rtexit2.o(.ARM.Collect$$rtexit$$00000003)
    __rt_exit_prels_1                        0x0800017d   Thumb Code     0  rtexit2.o(.ARM.Collect$$rtexit$$00000002)
    __rt_exit_exit                           0x08000181   Thumb Code     0  rtexit2.o(.ARM.Collect$$rtexit$$00000004)
    SVC_Handler                              0x08000189   Thumb Code    32  port.o(.emb_text)
    __asm___6_port_c_39a90d8d__prvStartFirstTask 0x080001ad   Thumb Code    28  port.o(.emb_text)
    PendSV_Handler                           0x080001cd   Thumb Code    72  port.o(.emb_text)
    vPortGetIPSR                             0x08000219   Thumb Code     6  port.o(.emb_text)
    Reset_Handler                            0x08000221   Thumb Code     8  startup_stm32f10x_md.o(.text)
    NMI_Handler                              0x08000229   Thumb Code     2  startup_stm32f10x_md.o(.text)
    HardFault_Handler                        0x0800022b   Thumb Code     2  startup_stm32f10x_md.o(.text)
    MemManage_Handler                        0x0800022d   Thumb Code     2  startup_stm32f10x_md.o(.text)
    BusFault_Handler                         0x0800022f   Thumb Code     2  startup_stm32f10x_md.o(.text)
    UsageFault_Handler                       0x08000231   Thumb Code     2  startup_stm32f10x_md.o(.text)
    DebugMon_Handler                         0x08000235   Thumb Code     2  startup_stm32f10x_md.o(.text)
    ADC1_2_IRQHandler                        0x0800023b   Thumb Code     0  startup_stm32f10x_md.o(.text)
    CAN1_RX1_IRQHandler                      0x0800023b   Thumb Code     0  startup_stm32f10x_md.o(.text)
    CAN1_SCE_IRQHandler                      0x0800023b   Thumb Code     0  startup_stm32f10x_md.o(.text)
    DMA1_Channel1_IRQHandler                 0x0800023b   Thumb Code     0  startup_stm32f10x_md.o(.text)
    DMA1_Channel2_IRQHandler                 0x0800023b   Thumb Code     0  startup_stm32f10x_md.o(.text)
    DMA1_Channel3_IRQHandler                 0x0800023b   Thumb Code     0  startup_stm32f10x_md.o(.text)
    DMA1_Channel4_IRQHandler                 0x0800023b   Thumb Code     0  startup_stm32f10x_md.o(.text)
    DMA1_Channel5_IRQHandler                 0x0800023b   Thumb Code     0  startup_stm32f10x_md.o(.text)
    DMA1_Channel6_IRQHandler                 0x0800023b   Thumb Code     0  startup_stm32f10x_md.o(.text)
    DMA1_Channel7_IRQHandler                 0x0800023b   Thumb Code     0  startup_stm32f10x_md.o(.text)
    EXTI0_IRQHandler                         0x0800023b   Thumb Code     0  startup_stm32f10x_md.o(.text)
    EXTI15_10_IRQHandler                     0x0800023b   Thumb Code     0  startup_stm32f10x_md.o(.text)
    EXTI1_IRQHandler                         0x0800023b   Thumb Code     0  startup_stm32f10x_md.o(.text)
    EXTI2_IRQHandler                         0x0800023b   Thumb Code     0  startup_stm32f10x_md.o(.text)
    EXTI3_IRQHandler                         0x0800023b   Thumb Code     0  startup_stm32f10x_md.o(.text)
    EXTI4_IRQHandler                         0x0800023b   Thumb Code     0  startup_stm32f10x_md.o(.text)
    EXTI9_5_IRQHandler                       0x0800023b   Thumb Code     0  startup_stm32f10x_md.o(.text)
    FLASH_IRQHandler                         0x0800023b   Thumb Code     0  startup_stm32f10x_md.o(.text)
    I2C1_ER_IRQHandler                       0x0800023b   Thumb Code     0  startup_stm32f10x_md.o(.text)
    I2C1_EV_IRQHandler                       0x0800023b   Thumb Code     0  startup_stm32f10x_md.o(.text)
    I2C2_ER_IRQHandler                       0x0800023b   Thumb Code     0  startup_stm32f10x_md.o(.text)
    I2C2_EV_IRQHandler                       0x0800023b   Thumb Code     0  startup_stm32f10x_md.o(.text)
    PVD_IRQHandler                           0x0800023b   Thumb Code     0  startup_stm32f10x_md.o(.text)
    RCC_IRQHandler                           0x0800023b   Thumb Code     0  startup_stm32f10x_md.o(.text)
    RTCAlarm_IRQHandler                      0x0800023b   Thumb Code     0  startup_stm32f10x_md.o(.text)
    RTC_IRQHandler                           0x0800023b   Thumb Code     0  startup_stm32f10x_md.o(.text)
    SPI1_IRQHandler                          0x0800023b   Thumb Code     0  startup_stm32f10x_md.o(.text)
    SPI2_IRQHandler                          0x0800023b   Thumb Code     0  startup_stm32f10x_md.o(.text)
    TAMPER_IRQHandler                        0x0800023b   Thumb Code     0  startup_stm32f10x_md.o(.text)
    TIM1_BRK_IRQHandler                      0x0800023b   Thumb Code     0  startup_stm32f10x_md.o(.text)
    TIM1_CC_IRQHandler                       0x0800023b   Thumb Code     0  startup_stm32f10x_md.o(.text)
    TIM1_TRG_COM_IRQHandler                  0x0800023b   Thumb Code     0  startup_stm32f10x_md.o(.text)
    TIM1_UP_IRQHandler                       0x0800023b   Thumb Code     0  startup_stm32f10x_md.o(.text)
    TIM2_IRQHandler                          0x0800023b   Thumb Code     0  startup_stm32f10x_md.o(.text)
    TIM3_IRQHandler                          0x0800023b   Thumb Code     0  startup_stm32f10x_md.o(.text)
    TIM4_IRQHandler                          0x0800023b   Thumb Code     0  startup_stm32f10x_md.o(.text)
    USART1_IRQHandler                        0x0800023b   Thumb Code     0  startup_stm32f10x_md.o(.text)
    USART2_IRQHandler                        0x0800023b   Thumb Code     0  startup_stm32f10x_md.o(.text)
    USART3_IRQHandler                        0x0800023b   Thumb Code     0  startup_stm32f10x_md.o(.text)
    USBWakeUp_IRQHandler                     0x0800023b   Thumb Code     0  startup_stm32f10x_md.o(.text)
    USB_HP_CAN1_TX_IRQHandler                0x0800023b   Thumb Code     0  startup_stm32f10x_md.o(.text)
    USB_LP_CAN1_RX0_IRQHandler               0x0800023b   Thumb Code     0  startup_stm32f10x_md.o(.text)
    WWDG_IRQHandler                          0x0800023b   Thumb Code     0  startup_stm32f10x_md.o(.text)
    __user_initial_stackheap                 0x0800023d   Thumb Code     0  startup_stm32f10x_md.o(.text)
    __aeabi_memcpy                           0x08000261   Thumb Code     0  rt_memcpy_v6.o(.text)
    __rt_memcpy                              0x08000261   Thumb Code   138  rt_memcpy_v6.o(.text)
    _memcpy_lastbytes                        0x080002c7   Thumb Code     0  rt_memcpy_v6.o(.text)
    __aeabi_memcpy4                          0x080002eb   Thumb Code     0  rt_memcpy_w.o(.text)
    __aeabi_memcpy8                          0x080002eb   Thumb Code     0  rt_memcpy_w.o(.text)
    __rt_memcpy_w                            0x080002eb   Thumb Code   100  rt_memcpy_w.o(.text)
    _memcpy_lastbytes_aligned                0x08000333   Thumb Code     0  rt_memcpy_w.o(.text)
    __aeabi_memset                           0x0800034f   Thumb Code    16  aeabi_memset.o(.text)
    __aeabi_memclr                           0x0800035f   Thumb Code     0  rt_memclr.o(.text)
    __rt_memclr                              0x0800035f   Thumb Code    68  rt_memclr.o(.text)
    _memset                                  0x08000363   Thumb Code     0  rt_memclr.o(.text)
    __aeabi_memclr4                          0x080003a3   Thumb Code     0  rt_memclr_w.o(.text)
    __aeabi_memclr8                          0x080003a3   Thumb Code     0  rt_memclr_w.o(.text)
    __rt_memclr_w                            0x080003a3   Thumb Code    78  rt_memclr_w.o(.text)
    _memset_w                                0x080003a7   Thumb Code     0  rt_memclr_w.o(.text)
    __use_two_region_memory                  0x080003f1   Thumb Code     2  heapauxi.o(.text)
    __rt_heap_escrow$2region                 0x080003f3   Thumb Code     2  heapauxi.o(.text)
    __rt_heap_expand$2region                 0x080003f5   Thumb Code     2  heapauxi.o(.text)
    __user_setup_stackheap                   0x080003f7   Thumb Code    74  sys_stackheap_outer.o(.text)
    exit                                     0x08000441   Thumb Code    18  exit.o(.text)
    __user_libspace                          0x08000455   Thumb Code     8  libspace.o(.text)
    __user_perproc_libspace                  0x08000455   Thumb Code     0  libspace.o(.text)
    __user_perthread_libspace                0x08000455   Thumb Code     0  libspace.o(.text)
    _sys_exit                                0x0800045d   Thumb Code     8  sys_exit.o(.text)
    __I$use$semihosting                      0x08000469   Thumb Code     0  use_no_semi.o(.text)
    __use_no_semihosting_swi                 0x08000469   Thumb Code     2  use_no_semi.o(.text)
    __semihosting_library_function           0x0800046b   Thumb Code     0  indicate_semi.o(.text)
    BT_Init                                  0x0800046d   Thumb Code    48  bluetooth.o(i.BT_Init)
    Button_Init                              0x080004a5   Thumb Code    20  button.o(i.Button_Init)
    Clock_HSI_8MHz_Init                      0x080004bd   Thumb Code    70  clock.o(i.Clock_HSI_8MHz_Init)
    GPIO_InputInit                           0x08000511   Thumb Code    32  gpio.o(i.GPIO_InputInit)
    GPIO_OutputInit                          0x08000531   Thumb Code    34  gpio.o(i.GPIO_OutputInit)
    GPIO_OutputRead                          0x08000553   Thumb Code    18  gpio.o(i.GPIO_OutputRead)
    GPIO_OutputWrite                         0x08000565   Thumb Code    16  gpio.o(i.GPIO_OutputWrite)
    GPIO_Reset                               0x08000575   Thumb Code    74  gpio.o(i.GPIO_Reset)
    GSM_Init                                 0x080005d5   Thumb Code    32  gsm.o(i.GSM_Init)
    HasTimedOut                              0x080005fd   Thumb Code    26  app.o(i.HasTimedOut)
    IntertaskTimeout                         0x08000617   Thumb Code    32  app.o(i.IntertaskTimeout)
    Keypad_Init                              0x08000639   Thumb Code    46  keypad.o(i.Keypad_Init)
    OutputDev_Init                           0x08000675   Thumb Code    42  output_device.o(i.OutputDev_Init)
    OutputDev_Read                           0x080006a5   Thumb Code    34  output_device.o(i.OutputDev_Read)
    OutputDev_Write                          0x080006cd   Thumb Code    38  output_device.o(i.OutputDev_Write)
    Sensor_GetDistance                       0x080006f9   Thumb Code    46  sensor.o(i.Sensor_GetDistance)
    Sensor_Init                              0x08000735   Thumb Code   118  sensor.o(i.Sensor_Init)
    SetIntertaskData                         0x080007bd   Thumb Code     4  app.o(i.SetIntertaskData)
    SysTick_Handler                          0x080008a9   Thumb Code    46  port.o(i.SysTick_Handler)
    SystemInit                               0x080008dd   Thumb Code    78  system_stm32f10x.o(i.SystemInit)
    System_Config                            0x0800093d   Thumb Code    12  system.o(i.System_Config)
    TIM_DelayMicros                          0x08000949   Thumb Code    38  timer.o(i.TIM_DelayMicros)
    TIM_GetDutyCycle                         0x0800096f   Thumb Code    20  timer.o(i.TIM_GetDutyCycle)
    TIM_Init                                 0x08000983   Thumb Code    14  timer.o(i.TIM_Init)
    TIM_InputCaptureInit                     0x08000991   Thumb Code    74  timer.o(i.TIM_InputCaptureInit)
    Task1                                    0x080009dd   Thumb Code    96  main.o(i.Task1)
    Task3                                    0x08000a49   Thumb Code    22  main.o(i.Task3)
    TimerCallback                            0x08000a65   Thumb Code   106  main.o(i.TimerCallback)
    USART_Init                               0x08000b21   Thumb Code    78  uart.o(i.USART_Init)
    main                                     0x08000b71   Thumb Code    34  main.o(i.main)
    pvPortMalloc                             0x080013c5   Thumb Code   118  heap_1.o(i.pvPortMalloc)
    pxPortInitialiseStack                    0x08001449   Thumb Code    30  port.o(i.pxPortInitialiseStack)
    uxListRemove                             0x0800146d   Thumb Code    40  list.o(i.uxListRemove)
    vListInitialise                          0x08001495   Thumb Code    26  list.o(i.vListInitialise)
    vListInitialiseItem                      0x080014af   Thumb Code     6  list.o(i.vListInitialiseItem)
    vListInsert                              0x080014b5   Thumb Code    52  list.o(i.vListInsert)
    vListInsertEnd                           0x080014e9   Thumb Code    24  list.o(i.vListInsertEnd)
    vPortEnterCritical                       0x08001501   Thumb Code    30  port.o(i.vPortEnterCritical)
    vPortExitCritical                        0x08001525   Thumb Code    28  port.o(i.vPortExitCritical)
    vPortFree                                0x08001545   Thumb Code     2  heap_1.o(i.vPortFree)
    vPortSetupTimerInterrupt                 0x08001549   Thumb Code    20  port.o(i.vPortSetupTimerInterrupt)
    vQueueWaitForMessageRestricted           0x08001561   Thumb Code    74  queue.o(i.vQueueWaitForMessageRestricted)
    vTaskDelay                               0x080015ad   Thumb Code    46  tasks.o(i.vTaskDelay)
    vTaskDelete                              0x080015e1   Thumb Code   166  tasks.o(i.vTaskDelete)
    vTaskInternalSetTimeOutState             0x080016ad   Thumb Code    14  tasks.o(i.vTaskInternalSetTimeOutState)
    vTaskMissedYield                         0x080016c5   Thumb Code     8  tasks.o(i.vTaskMissedYield)
    vTaskPlaceOnEventList                    0x080016d1   Thumb Code    28  tasks.o(i.vTaskPlaceOnEventList)
    vTaskPlaceOnEventListRestricted          0x080016f1   Thumb Code    36  tasks.o(i.vTaskPlaceOnEventListRestricted)
    vTaskStartScheduler                      0x08001719   Thumb Code    86  tasks.o(i.vTaskStartScheduler)
    vTaskSuspendAll                          0x08001791   Thumb Code    12  tasks.o(i.vTaskSuspendAll)
    vTaskSwitchContext                       0x080017a1   Thumb Code    76  tasks.o(i.vTaskSwitchContext)
    xPortStartScheduler                      0x08001801   Thumb Code    42  port.o(i.xPortStartScheduler)
    xQueueGenericCreate                      0x08001835   Thumb Code    52  queue.o(i.xQueueGenericCreate)
    xQueueGenericReset                       0x08001869   Thumb Code   122  queue.o(i.xQueueGenericReset)
    xQueueGenericSend                        0x080018e9   Thumb Code   276  queue.o(i.xQueueGenericSend)
    xQueueGenericSendFromISR                 0x08001a01   Thumb Code   138  queue.o(i.xQueueGenericSendFromISR)
    xQueueReceive                            0x08001a8d   Thumb Code   256  queue.o(i.xQueueReceive)
    xTaskCheckForTimeOut                     0x08001b91   Thumb Code    88  tasks.o(i.xTaskCheckForTimeOut)
    xTaskCreate                              0x08001bf1   Thumb Code    96  tasks.o(i.xTaskCreate)
    xTaskGetSchedulerState                   0x08001c51   Thumb Code    24  tasks.o(i.xTaskGetSchedulerState)
    xTaskGetTickCount                        0x08001c71   Thumb Code     6  tasks.o(i.xTaskGetTickCount)
    xTaskIncrementTick                       0x08001c7d   Thumb Code   238  tasks.o(i.xTaskIncrementTick)
    xTaskRemoveFromEventList                 0x08001d99   Thumb Code   104  tasks.o(i.xTaskRemoveFromEventList)
    xTaskResumeAll                           0x08001e19   Thumb Code   196  tasks.o(i.xTaskResumeAll)
    xTimerCreate                             0x08001f01   Thumb Code    54  timers.o(i.xTimerCreate)
    xTimerCreateTimerTask                    0x08001f39   Thumb Code    40  timers.o(i.xTimerCreateTimerTask)
    xTimerGenericCommand                     0x08001f75   Thumb Code   102  timers.o(i.xTimerGenericCommand)
    __aeabi_fdiv                             0x08001fe1   Thumb Code     0  fdiv.o(x$fpl$fdiv)
    _fdiv                                    0x08001fe1   Thumb Code   384  fdiv.o(x$fpl$fdiv)
    __aeabi_f2uiz                            0x08002165   Thumb Code     0  ffixu.o(x$fpl$ffixu)
    _ffixu                                   0x08002165   Thumb Code    62  ffixu.o(x$fpl$ffixu)
    __aeabi_ui2f                             0x080021a5   Thumb Code     0  fflt_clz.o(x$fpl$ffltu)
    _ffltu                                   0x080021a5   Thumb Code    38  fflt_clz.o(x$fpl$ffltu)
    __aeabi_fmul                             0x080021cd   Thumb Code     0  fmul.o(x$fpl$fmul)
    _fmul                                    0x080021cd   Thumb Code   258  fmul.o(x$fpl$fmul)
    __fpl_fnaninf                            0x080022cf   Thumb Code   140  fnaninf.o(x$fpl$fnaninf)
    __fpl_fretinf                            0x0800235b   Thumb Code    10  fretinf.o(x$fpl$fretinf)
    Region$$Table$$Base                      0x08002364   Number         0  anon$$obj.o(Region$$Table)
    __I$use$fp                               0x08002364   Number         0  usenofp.o(x$fpl$usenofp)
    Region$$Table$$Limit                     0x08002384   Number         0  anon$$obj.o(Region$$Table)
    invalidInput                             0x20000004   Data           1  main.o(.data)
    invalidPrint                             0x20000005   Data           1  main.o(.data)
    deviceTampered                           0x20000006   Data           1  main.o(.data)
    invalidBluetoothPswd                     0x20000007   Data           1  main.o(.data)
    pxCurrentTCB                             0x20000014   Data           4  tasks.o(.data)
    uxTopUsedPriority                        0x2000004c   Data           4  tasks.o(.data)
    __libspace_start                         0x20001564   Data          96  libspace.o(.bss)
    __temporary_stack_top$libspace           0x200015c4   Data           0  libspace.o(.bss)



==============================================================================

Memory Map of the image

  Image Entry point : 0x080000ed

  Load Region LR_IROM1 (Base: 0x08000000, Size: 0x000023f8, Max: 0x00010000, ABSOLUTE)

    Execution Region ER_IROM1 (Exec base: 0x08000000, Load base: 0x08000000, Size: 0x00002384, Max: 0x00010000, ABSOLUTE)

    Exec Addr    Load Addr    Size         Type   Attr      Idx    E Section Name        Object

    0x08000000   0x08000000   0x000000ec   Data   RO         1874    RESET               startup_stm32f10x_md.o
    0x080000ec   0x080000ec   0x00000008   Code   RO         1945  * !!!main             c_w.l(__main.o)
    0x080000f4   0x080000f4   0x00000034   Code   RO         2125    !!!scatter          c_w.l(__scatter.o)
    0x08000128   0x08000128   0x0000001a   Code   RO         2127    !!handler_copy      c_w.l(__scatter_copy.o)
    0x08000142   0x08000142   0x00000002   PAD
    0x08000144   0x08000144   0x0000001c   Code   RO         2129    !!handler_zi        c_w.l(__scatter_zi.o)
    0x08000160   0x08000160   0x00000002   Code   RO         1993    .ARM.Collect$$libinit$$00000000  c_w.l(libinit.o)
    0x08000162   0x08000162   0x00000000   Code   RO         2000    .ARM.Collect$$libinit$$00000002  c_w.l(libinit2.o)
    0x08000162   0x08000162   0x00000000   Code   RO         2002    .ARM.Collect$$libinit$$00000004  c_w.l(libinit2.o)
    0x08000162   0x08000162   0x00000000   Code   RO         2005    .ARM.Collect$$libinit$$0000000A  c_w.l(libinit2.o)
    0x08000162   0x08000162   0x00000000   Code   RO         2007    .ARM.Collect$$libinit$$0000000C  c_w.l(libinit2.o)
    0x08000162   0x08000162   0x00000000   Code   RO         2009    .ARM.Collect$$libinit$$0000000E  c_w.l(libinit2.o)
    0x08000162   0x08000162   0x00000000   Code   RO         2012    .ARM.Collect$$libinit$$00000011  c_w.l(libinit2.o)
    0x08000162   0x08000162   0x00000000   Code   RO         2014    .ARM.Collect$$libinit$$00000013  c_w.l(libinit2.o)
    0x08000162   0x08000162   0x00000000   Code   RO         2016    .ARM.Collect$$libinit$$00000015  c_w.l(libinit2.o)
    0x08000162   0x08000162   0x00000000   Code   RO         2018    .ARM.Collect$$libinit$$00000017  c_w.l(libinit2.o)
    0x08000162   0x08000162   0x00000000   Code   RO         2020    .ARM.Collect$$libinit$$00000019  c_w.l(libinit2.o)
    0x08000162   0x08000162   0x00000000   Code   RO         2022    .ARM.Collect$$libinit$$0000001B  c_w.l(libinit2.o)
    0x08000162   0x08000162   0x00000000   Code   RO         2024    .ARM.Collect$$libinit$$0000001D  c_w.l(libinit2.o)
    0x08000162   0x08000162   0x00000000   Code   RO         2026    .ARM.Collect$$libinit$$0000001F  c_w.l(libinit2.o)
    0x08000162   0x08000162   0x00000000   Code   RO         2028    .ARM.Collect$$libinit$$00000021  c_w.l(libinit2.o)
    0x08000162   0x08000162   0x00000000   Code   RO         2030    .ARM.Collect$$libinit$$00000023  c_w.l(libinit2.o)
    0x08000162   0x08000162   0x00000000   Code   RO         2032    .ARM.Collect$$libinit$$00000025  c_w.l(libinit2.o)
    0x08000162   0x08000162   0x00000000   Code   RO         2036    .ARM.Collect$$libinit$$0000002C  c_w.l(libinit2.o)
    0x08000162   0x08000162   0x00000000   Code   RO         2038    .ARM.Collect$$libinit$$0000002E  c_w.l(libinit2.o)
    0x08000162   0x08000162   0x00000000   Code   RO         2040    .ARM.Collect$$libinit$$00000030  c_w.l(libinit2.o)
    0x08000162   0x08000162   0x00000000   Code   RO         2042    .ARM.Collect$$libinit$$00000032  c_w.l(libinit2.o)
    0x08000162   0x08000162   0x00000002   Code   RO         2043    .ARM.Collect$$libinit$$00000033  c_w.l(libinit2.o)
    0x08000164   0x08000164   0x00000002   Code   RO         2063    .ARM.Collect$$libshutdown$$00000000  c_w.l(libshutdown.o)
    0x08000166   0x08000166   0x00000000   Code   RO         2076    .ARM.Collect$$libshutdown$$00000002  c_w.l(libshutdown2.o)
    0x08000166   0x08000166   0x00000000   Code   RO         2078    .ARM.Collect$$libshutdown$$00000004  c_w.l(libshutdown2.o)
    0x08000166   0x08000166   0x00000000   Code   RO         2080    .ARM.Collect$$libshutdown$$00000006  c_w.l(libshutdown2.o)
    0x08000166   0x08000166   0x00000000   Code   RO         2083    .ARM.Collect$$libshutdown$$00000009  c_w.l(libshutdown2.o)
    0x08000166   0x08000166   0x00000000   Code   RO         2086    .ARM.Collect$$libshutdown$$0000000C  c_w.l(libshutdown2.o)
    0x08000166   0x08000166   0x00000000   Code   RO         2088    .ARM.Collect$$libshutdown$$0000000E  c_w.l(libshutdown2.o)
    0x08000166   0x08000166   0x00000000   Code   RO         2091    .ARM.Collect$$libshutdown$$00000011  c_w.l(libshutdown2.o)
    0x08000166   0x08000166   0x00000002   Code   RO         2092    .ARM.Collect$$libshutdown$$00000012  c_w.l(libshutdown2.o)
    0x08000168   0x08000168   0x00000000   Code   RO         1963    .ARM.Collect$$rtentry$$00000000  c_w.l(__rtentry.o)
    0x08000168   0x08000168   0x00000000   Code   RO         1970    .ARM.Collect$$rtentry$$00000002  c_w.l(__rtentry2.o)
    0x08000168   0x08000168   0x00000006   Code   RO         1982    .ARM.Collect$$rtentry$$00000004  c_w.l(__rtentry4.o)
    0x0800016e   0x0800016e   0x00000000   Code   RO         1972    .ARM.Collect$$rtentry$$00000009  c_w.l(__rtentry2.o)
    0x0800016e   0x0800016e   0x00000004   Code   RO         1973    .ARM.Collect$$rtentry$$0000000A  c_w.l(__rtentry2.o)
    0x08000172   0x08000172   0x00000000   Code   RO         1975    .ARM.Collect$$rtentry$$0000000C  c_w.l(__rtentry2.o)
    0x08000172   0x08000172   0x00000008   Code   RO         1976    .ARM.Collect$$rtentry$$0000000D  c_w.l(__rtentry2.o)
    0x0800017a   0x0800017a   0x00000002   Code   RO         1997    .ARM.Collect$$rtexit$$00000000  c_w.l(rtexit.o)
    0x0800017c   0x0800017c   0x00000000   Code   RO         2045    .ARM.Collect$$rtexit$$00000002  c_w.l(rtexit2.o)
    0x0800017c   0x0800017c   0x00000004   Code   RO         2046    .ARM.Collect$$rtexit$$00000003  c_w.l(rtexit2.o)
    0x08000180   0x08000180   0x00000006   Code   RO         2047    .ARM.Collect$$rtexit$$00000004  c_w.l(rtexit2.o)
    0x08000186   0x08000186   0x00000002   PAD
    0x08000188   0x08000188   0x00000096   Code   RO         1361    .emb_text           port.o
    0x0800021e   0x0800021e   0x00000002   PAD
    0x08000220   0x08000220   0x00000040   Code   RO         1875    .text               startup_stm32f10x_md.o
    0x08000260   0x08000260   0x0000008a   Code   RO         1931    .text               c_w.l(rt_memcpy_v6.o)
    0x080002ea   0x080002ea   0x00000064   Code   RO         1933    .text               c_w.l(rt_memcpy_w.o)
    0x0800034e   0x0800034e   0x00000010   Code   RO         1935    .text               c_w.l(aeabi_memset.o)
    0x0800035e   0x0800035e   0x00000044   Code   RO         1937    .text               c_w.l(rt_memclr.o)
    0x080003a2   0x080003a2   0x0000004e   Code   RO         1939    .text               c_w.l(rt_memclr_w.o)
    0x080003f0   0x080003f0   0x00000006   Code   RO         1943    .text               c_w.l(heapauxi.o)
    0x080003f6   0x080003f6   0x0000004a   Code   RO         1984    .text               c_w.l(sys_stackheap_outer.o)
    0x08000440   0x08000440   0x00000012   Code   RO         1986    .text               c_w.l(exit.o)
    0x08000452   0x08000452   0x00000002   PAD
    0x08000454   0x08000454   0x00000008   Code   RO         1994    .text               c_w.l(libspace.o)
    0x0800045c   0x0800045c   0x0000000c   Code   RO         2055    .text               c_w.l(sys_exit.o)
    0x08000468   0x08000468   0x00000002   Code   RO         2066    .text               c_w.l(use_no_semi.o)
    0x0800046a   0x0800046a   0x00000000   Code   RO         2068    .text               c_w.l(indicate_semi.o)
    0x0800046a   0x0800046a   0x00000002   PAD
    0x0800046c   0x0800046c   0x00000038   Code   RO          290    i.BT_Init           bluetooth.o
    0x080004a4   0x080004a4   0x00000018   Code   RO          347    i.Button_Init       button.o
    0x080004bc   0x080004bc   0x00000054   Code   RO         1605    i.Clock_HSI_8MHz_Init  clock.o
    0x08000510   0x08000510   0x00000020   Code   RO         1665    i.GPIO_InputInit    gpio.o
    0x08000530   0x08000530   0x00000022   Code   RO         1667    i.GPIO_OutputInit   gpio.o
    0x08000552   0x08000552   0x00000012   Code   RO         1668    i.GPIO_OutputRead   gpio.o
    0x08000564   0x08000564   0x00000010   Code   RO         1669    i.GPIO_OutputWrite  gpio.o
    0x08000574   0x08000574   0x00000060   Code   RO         1670    i.GPIO_Reset        gpio.o
    0x080005d4   0x080005d4   0x00000028   Code   RO          527    i.GSM_Init          gsm.o
    0x080005fc   0x080005fc   0x0000001a   Code   RO          196    i.HasTimedOut       app.o
    0x08000616   0x08000616   0x00000020   Code   RO          200    i.IntertaskTimeout  app.o
    0x08000636   0x08000636   0x00000002   PAD
    0x08000638   0x08000638   0x0000003c   Code   RO          560    i.Keypad_Init       keypad.o
    0x08000674   0x08000674   0x00000030   Code   RO          682    i.OutputDev_Init    output_device.o
    0x080006a4   0x080006a4   0x00000028   Code   RO          683    i.OutputDev_Read    output_device.o
    0x080006cc   0x080006cc   0x0000002c   Code   RO          684    i.OutputDev_Write   output_device.o
    0x080006f8   0x080006f8   0x0000003c   Code   RO          807    i.Sensor_GetDistance  sensor.o
    0x08000734   0x08000734   0x00000088   Code   RO          808    i.Sensor_Init       sensor.o
    0x080007bc   0x080007bc   0x00000004   Code   RO          203    i.SetIntertaskData  app.o
    0x080007c0   0x080007c0   0x00000008   Code   RO         1882    i.SetSysClock       system_stm32f10x.o
    0x080007c8   0x080007c8   0x000000e0   Code   RO         1883    i.SetSysClockTo72   system_stm32f10x.o
    0x080008a8   0x080008a8   0x00000034   Code   RO         1362    i.SysTick_Handler   port.o
    0x080008dc   0x080008dc   0x00000060   Code   RO         1885    i.SystemInit        system_stm32f10x.o
    0x0800093c   0x0800093c   0x0000000c   Code   RO          770    i.System_Config     system.o
    0x08000948   0x08000948   0x00000026   Code   RO         1833    i.TIM_DelayMicros   timer.o
    0x0800096e   0x0800096e   0x00000014   Code   RO         1834    i.TIM_GetDutyCycle  timer.o
    0x08000982   0x08000982   0x0000000e   Code   RO         1835    i.TIM_Init          timer.o
    0x08000990   0x08000990   0x0000004a   Code   RO         1836    i.TIM_InputCaptureInit  timer.o
    0x080009da   0x080009da   0x00000002   PAD
    0x080009dc   0x080009dc   0x0000006c   Code   RO            9    i.Task1             main.o
    0x08000a48   0x08000a48   0x0000001c   Code   RO           11    i.Task3             main.o
    0x08000a64   0x08000a64   0x00000094   Code   RO           13    i.TimerCallback     main.o
    0x08000af8   0x08000af8   0x00000028   Code   RO          809    i.TrigCallback      sensor.o
    0x08000b20   0x08000b20   0x0000004e   Code   RO         1779    i.USART_Init        uart.o
    0x08000b6e   0x08000b6e   0x00000002   PAD
    0x08000b70   0x08000b70   0x0000002c   Code   RO           14    i.main              main.o
    0x08000b9c   0x08000b9c   0x00000098   Code   RO         1047    i.prvAddCurrentTaskToDelayedList  tasks.o
    0x08000c34   0x08000c34   0x000000b4   Code   RO         1048    i.prvAddNewTaskToReadyList  tasks.o
    0x08000ce8   0x08000ce8   0x0000004c   Code   RO         1466    i.prvCheckForValidListAndQueue  timers.o
    0x08000d34   0x08000d34   0x00000048   Code   RO         1049    i.prvCheckTasksWaitingTermination  tasks.o
    0x08000d7c   0x08000d7c   0x0000002a   Code   RO          890    i.prvCopyDataFromQueue  queue.o
    0x08000da6   0x08000da6   0x0000006a   Code   RO          891    i.prvCopyDataToQueue  queue.o
    0x08000e10   0x08000e10   0x00000012   Code   RO         1050    i.prvDeleteTCB      tasks.o
    0x08000e22   0x08000e22   0x00000002   PAD
    0x08000e24   0x08000e24   0x00000028   Code   RO         1467    i.prvGetNextExpireTime  timers.o
    0x08000e4c   0x08000e4c   0x00000028   Code   RO         1051    i.prvIdleTask       tasks.o
    0x08000e74   0x08000e74   0x00000026   Code   RO          892    i.prvInitialiseNewQueue  queue.o
    0x08000e9a   0x08000e9a   0x00000098   Code   RO         1052    i.prvInitialiseNewTask  tasks.o
    0x08000f32   0x08000f32   0x0000003a   Code   RO         1468    i.prvInitialiseNewTimer  timers.o
    0x08000f6c   0x08000f6c   0x00000068   Code   RO         1053    i.prvInitialiseTaskLists  tasks.o
    0x08000fd4   0x08000fd4   0x00000058   Code   RO         1469    i.prvInsertTimerInActiveList  timers.o
    0x0800102c   0x0800102c   0x0000001a   Code   RO          893    i.prvIsQueueEmpty   queue.o
    0x08001046   0x08001046   0x0000001e   Code   RO          894    i.prvIsQueueFull    queue.o
    0x08001064   0x08001064   0x0000005c   Code   RO         1470    i.prvProcessExpiredTimer  timers.o
    0x080010c0   0x080010c0   0x000000fc   Code   RO         1471    i.prvProcessReceivedCommands  timers.o
    0x080011bc   0x080011bc   0x00000074   Code   RO         1472    i.prvProcessTimerOrBlockTask  timers.o
    0x08001230   0x08001230   0x00000030   Code   RO         1054    i.prvResetNextTaskUnblockTime  tasks.o
    0x08001260   0x08001260   0x0000002c   Code   RO         1473    i.prvSampleTimeNow  timers.o
    0x0800128c   0x0800128c   0x00000088   Code   RO         1474    i.prvSwitchTimerLists  timers.o
    0x08001314   0x08001314   0x00000016   Code   RO         1363    i.prvTaskExitError  port.o
    0x0800132a   0x0800132a   0x0000001a   Code   RO         1475    i.prvTimerTask      timers.o
    0x08001344   0x08001344   0x0000007e   Code   RO          895    i.prvUnlockQueue    queue.o
    0x080013c2   0x080013c2   0x00000002   PAD
    0x080013c4   0x080013c4   0x00000084   Code   RO         1432    i.pvPortMalloc      heap_1.o
    0x08001448   0x08001448   0x00000024   Code   RO         1364    i.pxPortInitialiseStack  port.o
    0x0800146c   0x0800146c   0x00000028   Code   RO          842    i.uxListRemove      list.o
    0x08001494   0x08001494   0x0000001a   Code   RO          843    i.vListInitialise   list.o
    0x080014ae   0x080014ae   0x00000006   Code   RO          844    i.vListInitialiseItem  list.o
    0x080014b4   0x080014b4   0x00000034   Code   RO          845    i.vListInsert       list.o
    0x080014e8   0x080014e8   0x00000018   Code   RO          846    i.vListInsertEnd    list.o
    0x08001500   0x08001500   0x00000024   Code   RO         1366    i.vPortEnterCritical  port.o
    0x08001524   0x08001524   0x00000020   Code   RO         1367    i.vPortExitCritical  port.o
    0x08001544   0x08001544   0x00000002   Code   RO         1433    i.vPortFree         heap_1.o
    0x08001546   0x08001546   0x00000002   PAD
    0x08001548   0x08001548   0x00000018   Code   RO         1368    i.vPortSetupTimerInterrupt  port.o
    0x08001560   0x08001560   0x0000004a   Code   RO          900    i.vQueueWaitForMessageRestricted  queue.o
    0x080015aa   0x080015aa   0x00000002   PAD
    0x080015ac   0x080015ac   0x00000034   Code   RO         1064    i.vTaskDelay        tasks.o
    0x080015e0   0x080015e0   0x000000cc   Code   RO         1065    i.vTaskDelete       tasks.o
    0x080016ac   0x080016ac   0x00000018   Code   RO         1068    i.vTaskInternalSetTimeOutState  tasks.o
    0x080016c4   0x080016c4   0x0000000c   Code   RO         1069    i.vTaskMissedYield  tasks.o
    0x080016d0   0x080016d0   0x00000020   Code   RO         1070    i.vTaskPlaceOnEventList  tasks.o
    0x080016f0   0x080016f0   0x00000028   Code   RO         1071    i.vTaskPlaceOnEventListRestricted  tasks.o
    0x08001718   0x08001718   0x00000078   Code   RO         1077    i.vTaskStartScheduler  tasks.o
    0x08001790   0x08001790   0x00000010   Code   RO         1079    i.vTaskSuspendAll   tasks.o
    0x080017a0   0x080017a0   0x00000060   Code   RO         1080    i.vTaskSwitchContext  tasks.o
    0x08001800   0x08001800   0x00000034   Code   RO         1369    i.xPortStartScheduler  port.o
    0x08001834   0x08001834   0x00000034   Code   RO          901    i.xQueueGenericCreate  queue.o
    0x08001868   0x08001868   0x00000080   Code   RO          902    i.xQueueGenericReset  queue.o
    0x080018e8   0x080018e8   0x00000118   Code   RO          903    i.xQueueGenericSend  queue.o
    0x08001a00   0x08001a00   0x0000008a   Code   RO          904    i.xQueueGenericSendFromISR  queue.o
    0x08001a8a   0x08001a8a   0x00000002   PAD
    0x08001a8c   0x08001a8c   0x00000104   Code   RO          910    i.xQueueReceive     queue.o
    0x08001b90   0x08001b90   0x00000060   Code   RO         1082    i.xTaskCheckForTimeOut  tasks.o
    0x08001bf0   0x08001bf0   0x00000060   Code   RO         1083    i.xTaskCreate       tasks.o
    0x08001c50   0x08001c50   0x00000020   Code   RO         1089    i.xTaskGetSchedulerState  tasks.o
    0x08001c70   0x08001c70   0x0000000c   Code   RO         1090    i.xTaskGetTickCount  tasks.o
    0x08001c7c   0x08001c7c   0x0000011c   Code   RO         1092    i.xTaskIncrementTick  tasks.o
    0x08001d98   0x08001d98   0x00000080   Code   RO         1093    i.xTaskRemoveFromEventList  tasks.o
    0x08001e18   0x08001e18   0x000000e8   Code   RO         1094    i.xTaskResumeAll    tasks.o
    0x08001f00   0x08001f00   0x00000036   Code   RO         1480    i.xTimerCreate      timers.o
    0x08001f36   0x08001f36   0x00000002   PAD
    0x08001f38   0x08001f38   0x0000003c   Code   RO         1481    i.xTimerCreateTimerTask  timers.o
    0x08001f74   0x08001f74   0x0000006c   Code   RO         1482    i.xTimerGenericCommand  timers.o
    0x08001fe0   0x08001fe0   0x00000184   Code   RO         1948    x$fpl$fdiv          fz_ws.l(fdiv.o)
    0x08002164   0x08002164   0x0000003e   Code   RO         1951    x$fpl$ffixu         fz_ws.l(ffixu.o)
    0x080021a2   0x080021a2   0x00000002   PAD
    0x080021a4   0x080021a4   0x00000026   Code   RO         1955    x$fpl$ffltu         fz_ws.l(fflt_clz.o)
    0x080021ca   0x080021ca   0x00000002   PAD
    0x080021cc   0x080021cc   0x00000102   Code   RO         1961    x$fpl$fmul          fz_ws.l(fmul.o)
    0x080022ce   0x080022ce   0x0000008c   Code   RO         1964    x$fpl$fnaninf       fz_ws.l(fnaninf.o)
    0x0800235a   0x0800235a   0x0000000a   Code   RO         1966    x$fpl$fretinf       fz_ws.l(fretinf.o)
    0x08002364   0x08002364   0x00000000   Code   RO         1968    x$fpl$usenofp       fz_ws.l(usenofp.o)
    0x08002364   0x08002364   0x00000020   Data   RO         2123    Region$$Table       anon$$obj.o


    Execution Region RW_IRAM1 (Exec base: 0x20000000, Load base: 0x08002384, Size: 0x00001bc8, Max: 0x00005000, ABSOLUTE)

    Exec Addr    Load Addr    Size         Type   Attr      Idx    E Section Name        Object

    0x20000000   0x08002384   0x00000012   Data   RW           17    .data               main.o
    0x20000012   0x08002396   0x00000002   PAD
    0x20000014   0x08002398   0x00000040   Data   RW         1097    .data               tasks.o
    0x20000054   0x080023d8   0x00000004   Data   RW         1370    .data               port.o
    0x20000058   0x080023dc   0x00000008   Data   RW         1437    .data               heap_1.o
    0x20000060   0x080023e4   0x00000014   Data   RW         1488    .data               timers.o
    0x20000074        -       0x000000c8   Zero   RW         1096    .bss                tasks.o
    0x2000013c        -       0x00001400   Zero   RW         1436    .bss                heap_1.o
    0x2000153c        -       0x00000028   Zero   RW         1487    .bss                timers.o
    0x20001564        -       0x00000060   Zero   RW         1995    .bss                c_w.l(libspace.o)
    0x200015c4   0x080023f8   0x00000004   PAD
    0x200015c8        -       0x00000200   Zero   RW         1873    HEAP                startup_stm32f10x_md.o
    0x200017c8        -       0x00000400   Zero   RW         1872    STACK               startup_stm32f10x_md.o


==============================================================================

Image component sizes


      Code (inc. data)   RO Data    RW Data    ZI Data      Debug   Object Name

        62          0          0          0          0       2004   app.o
        56          8          0          0          0        450   bluetooth.o
        24          4          0          0          0        446   button.o
        84         14          0          0          0        458   clock.o
       196         22          0          0          0       3277   gpio.o
        40          8          0          0          0        439   gsm.o
       134         14          0          8       5120       2119   heap_1.o
        60         14          0          0          0        462   keypad.o
       148          0          0          0          0       4802   list.o
       328         70          0         18          0     230063   main.o
       132         18          0          0          0       1660   output_device.o
       404         48          0          4          0       9564   port.o
      1300         14          0          0          0      25019   queue.o
       236         38          0          0          0       1479   sensor.o
        64         26        236          0       1536        860   startup_stm32f10x_md.o
        12          0          0          0          0        456   system.o
       328         28          0          0          0       2165   system_stm32f10x.o
      2242        372          0         64        200      30764   tasks.o
       146          0          0          0          0       2583   timer.o
      1150        108          0         20         40      15382   timers.o
        78          0          0          0          0       1073   uart.o

    ----------------------------------------------------------------------
      7244        806        268        116       6896     335525   Object Totals
         0          0         32          0          0          0   (incl. Generated)
        20          0          0          2          0          0   (incl. Padding)

    ----------------------------------------------------------------------

      Code (inc. data)   RO Data    RW Data    ZI Data      Debug   Library Member Name

         8          0          0          0          0         68   __main.o
         0          0          0          0          0          0   __rtentry.o
        12          0          0          0          0          0   __rtentry2.o
         6          0          0          0          0          0   __rtentry4.o
        52          8          0          0          0          0   __scatter.o
        26          0          0          0          0          0   __scatter_copy.o
        28          0          0          0          0          0   __scatter_zi.o
        16          0          0          0          0         68   aeabi_memset.o
        18          0          0          0          0         80   exit.o
         6          0          0          0          0        152   heapauxi.o
         0          0          0          0          0          0   indicate_semi.o
         2          0          0          0          0          0   libinit.o
         2          0          0          0          0          0   libinit2.o
         2          0          0          0          0          0   libshutdown.o
         2          0          0          0          0          0   libshutdown2.o
         8          4          0          0         96         68   libspace.o
        68          0          0          0          0         68   rt_memclr.o
        78          0          0          0          0         80   rt_memclr_w.o
       138          0          0          0          0         68   rt_memcpy_v6.o
       100          0          0          0          0         80   rt_memcpy_w.o
         2          0          0          0          0          0   rtexit.o
        10          0          0          0          0          0   rtexit2.o
        12          4          0          0          0         68   sys_exit.o
        74          0          0          0          0         80   sys_stackheap_outer.o
         2          0          0          0          0         68   use_no_semi.o
       388         76          0          0          0         96   fdiv.o
        62          4          0          0          0         84   ffixu.o
        38          0          0          0          0         68   fflt_clz.o
       258          4          0          0          0         84   fmul.o
       140          4          0          0          0         84   fnaninf.o
        10          0          0          0          0         68   fretinf.o
         0          0          0          0          0          0   usenofp.o

    ----------------------------------------------------------------------
      1580        104          0          0        100       1432   Library Totals
        12          0          0          0          4          0   (incl. Padding)

    ----------------------------------------------------------------------

      Code (inc. data)   RO Data    RW Data    ZI Data      Debug   Library Name

       672         16          0          0         96        948   c_w.l
       896         88          0          0          0        484   fz_ws.l

    ----------------------------------------------------------------------
      1580        104          0          0        100       1432   Library Totals

    ----------------------------------------------------------------------

==============================================================================


      Code (inc. data)   RO Data    RW Data    ZI Data      Debug   

      8824        910        268        116       6996     331441   Grand Totals
      8824        910        268        116       6996     331441   ELF Image Totals
      8824        910        268        116          0          0   ROM Totals

==============================================================================

    Total RO  Size (Code + RO Data)                 9092 (   8.88kB)
    Total RW  Size (RW Data + ZI Data)              7112 (   6.95kB)
    Total ROM Size (Code + RO Data + RW Data)       9208 (   8.99kB)

==============================================================================

