Component: ARM Compiler 5.06 update 7 (build 960) Tool: armlink [4d3601]

==============================================================================

Section Cross References

    main.o(i.main) refers to system.o(i.System_Config) for System_Config
    main.o(i.main) refers to keypad.o(i.Keypad_Init) for Keypad_Init
    main.o(i.main) refers to oled.o(i.OLED_Init) for OLED_Init
    main.o(i.main) refers to oled.o(i.OLED_ClearScreen) for OLED_ClearScreen
    main.o(i.main) refers to bluetooth.o(i.BT_Init) for BT_Init
    main.o(i.main) refers to bluetooth.o(i.BT_RxBufferInit) for BT_RxBufferInit
    main.o(i.main) refers to bluetooth.o(i.BT_Transmit) for BT_Transmit
    main.o(i.main) refers to button.o(i.Button_Init) for Button_Init
    main.o(i.main) refers to output_device.o(i.OutputDev_Init) for OutputDev_Init
    main.o(i.main) refers to sd_card.o(i.SD_Init) for SD_Init
    main.o(i.main) refers to ff.o(i.f_mount) for f_mount
    main.o(i.main) refers to ff.o(i.f_open) for f_open
    main.o(i.main) refers to ff.o(i.f_gets) for f_gets
    main.o(i.main) refers to ff.o(i.f_close) for f_close
    main.o(i.main) refers to output_device.o(i.OutputDev_Write) for OutputDev_Write
    main.o(i.main) refers to system.o(i.System_DelayMs) for System_DelayMs
    main.o(i.main) refers to button.o(i.Button_IsPressedOnce) for Button_IsPressedOnce
    main.o(i.main) refers to bluetooth.o(i.BT_Receive) for BT_Receive
    main.o(i.main) refers to rt_memclr_w.o(.text) for __aeabi_memclr4
    main.o(i.main) refers to keypad.o(i.Keypad_GetChar) for Keypad_GetChar
    main.o(i.main) refers to oled.o(i.OLED_SetCursor) for OLED_SetCursor
    main.o(i.main) refers to oled.o(i.OLED_WriteString) for OLED_WriteString
    main.o(i.main) refers to oled.o(i.OLED_UpdateScreen) for OLED_UpdateScreen
    main.o(i.main) refers to main.o(.bss) for btRxBuffer
    main.o(i.main) refers to main.o(.data) for fresult
    ccsbcs.o(i.ff_convert) refers to ccsbcs.o(.constdata) for Tbl
    ccsbcs.o(i.ff_wtoupper) refers to ccsbcs.o(.constdata) for cvt1
    diskio.o(i.disk_initialize) refers to sd_card.o(i.SD_DiskInit) for SD_DiskInit
    diskio.o(i.disk_ioctl) refers to sd_card.o(i.SD_DiskIoctl) for SD_DiskIoctl
    diskio.o(i.disk_read) refers to sd_card.o(i.SD_DiskRead) for SD_DiskRead
    diskio.o(i.disk_status) refers to sd_card.o(i.SD_DiskStatus) for SD_DiskStatus
    diskio.o(i.disk_write) refers to sd_card.o(i.SD_DiskWrite) for SD_DiskWrite
    ff.o(i.check_fs) refers to ff.o(i.move_window) for move_window
    ff.o(i.check_fs) refers to ff.o(i.ld_word) for ld_word
    ff.o(i.check_fs) refers to ff.o(i.ld_dword) for ld_dword
    ff.o(i.chk_lock) refers to ff.o(.bss) for Files
    ff.o(i.clear_lock) refers to ff.o(.bss) for Files
    ff.o(i.cmp_lfn) refers to ff.o(i.ld_word) for ld_word
    ff.o(i.cmp_lfn) refers to ccsbcs.o(i.ff_wtoupper) for ff_wtoupper
    ff.o(i.cmp_lfn) refers to ff.o(.constdata) for LfnOfs
    ff.o(i.create_chain) refers to ff.o(i.get_fat) for get_fat
    ff.o(i.create_chain) refers to ff.o(i.put_fat) for put_fat
    ff.o(i.create_name) refers to ccsbcs.o(i.ff_convert) for ff_convert
    ff.o(i.create_name) refers to ff.o(i.chk_chr) for chk_chr
    ff.o(i.create_name) refers to ff.o(i.mem_set) for mem_set
    ff.o(i.create_name) refers to ff.o(.constdata) for ExCvt
    ff.o(i.dec_lock) refers to ff.o(.bss) for Files
    ff.o(i.dir_alloc) refers to ff.o(i.dir_sdi) for dir_sdi
    ff.o(i.dir_alloc) refers to ff.o(i.move_window) for move_window
    ff.o(i.dir_alloc) refers to ff.o(i.dir_next) for dir_next
    ff.o(i.dir_find) refers to ff.o(i.dir_sdi) for dir_sdi
    ff.o(i.dir_find) refers to ff.o(i.move_window) for move_window
    ff.o(i.dir_find) refers to ff.o(i.cmp_lfn) for cmp_lfn
    ff.o(i.dir_find) refers to ff.o(i.sum_sfn) for sum_sfn
    ff.o(i.dir_find) refers to ff.o(i.mem_cmp) for mem_cmp
    ff.o(i.dir_find) refers to ff.o(i.dir_next) for dir_next
    ff.o(i.dir_next) refers to ff.o(i.get_fat) for get_fat
    ff.o(i.dir_next) refers to ff.o(i.create_chain) for create_chain
    ff.o(i.dir_next) refers to ff.o(i.sync_window) for sync_window
    ff.o(i.dir_next) refers to ff.o(i.mem_set) for mem_set
    ff.o(i.dir_next) refers to ff.o(i.clust2sect) for clust2sect
    ff.o(i.dir_read) refers to ff.o(i.move_window) for move_window
    ff.o(i.dir_read) refers to ff.o(i.pick_lfn) for pick_lfn
    ff.o(i.dir_read) refers to ff.o(i.sum_sfn) for sum_sfn
    ff.o(i.dir_read) refers to ff.o(i.dir_next) for dir_next
    ff.o(i.dir_register) refers to ff.o(i.mem_cpy) for mem_cpy
    ff.o(i.dir_register) refers to ff.o(i.gen_numname) for gen_numname
    ff.o(i.dir_register) refers to ff.o(i.dir_find) for dir_find
    ff.o(i.dir_register) refers to ff.o(i.dir_alloc) for dir_alloc
    ff.o(i.dir_register) refers to ff.o(i.dir_sdi) for dir_sdi
    ff.o(i.dir_register) refers to ff.o(i.sum_sfn) for sum_sfn
    ff.o(i.dir_register) refers to ff.o(i.move_window) for move_window
[...]
    Removing ff.o(i.pick_lfn), (136 bytes).
    Removing ff.o(i.putc_bfd), (78 bytes).
    Removing ff.o(i.putc_flush), (44 bytes).
    Removing ff.o(i.putc_init), (10 bytes).
    Removing sd_card.o(.rev16_text), (4 bytes).
    Removing sd_card.o(.revsh_text), (4 bytes).
    Removing sd_card.o(.rrx_text), (6 bytes).
    Removing system.o(.rev16_text), (4 bytes).
    Removing system.o(.revsh_text), (4 bytes).
    Removing system.o(.rrx_text), (6 bytes).
    Removing system.o(i.System_Reset), (44 bytes).
    Removing system.o(i.System_TimerInit), (10 bytes).
    Removing eeprom.o(.rev16_text), (4 bytes).
    Removing eeprom.o(.revsh_text), (4 bytes).
    Removing eeprom.o(.rrx_text), (6 bytes).
    Removing eeprom.o(i.EEPROM_GetData), (72 bytes).
    Removing eeprom.o(i.EEPROM_ReadPage), (76 bytes).
    Removing eeprom.o(i.EEPROM_StoreData), (72 bytes).
    Removing eeprom.o(i.EEPROM_WritePage), (80 bytes).
    Removing rtc.o(.rev16_text), (4 bytes).
    Removing rtc.o(.revsh_text), (4 bytes).
    Removing rtc.o(.rrx_text), (6 bytes).
    Removing rtc.o(i.BCDToHex), (20 bytes).
    Removing rtc.o(i.HexToBCD), (28 bytes).
    Removing rtc.o(i.RTC_12HourFormat), (72 bytes).
    Removing rtc.o(i.RTC_24HourFormat), (44 bytes).
    Removing rtc.o(i.RTC_GetTime), (108 bytes).
    Removing rtc.o(i.RTC_SetTime), (84 bytes).
    Removing fingerprint.o(.rev16_text), (4 bytes).
    Removing fingerprint.o(.revsh_text), (4 bytes).
    Removing fingerprint.o(.rrx_text), (6 bytes).
    Removing fingerprint.o(i.Fingerprint_CreateModel), (60 bytes).
    Removing fingerprint.o(i.Fingerprint_DeleteModel), (80 bytes).
    Removing fingerprint.o(i.Fingerprint_EmptyDatabase), (60 bytes).
    Removing fingerprint.o(i.Fingerprint_FingerFastSearch), (64 bytes).
    Removing fingerprint.o(i.Fingerprint_GetImage), (60 bytes).
    Removing fingerprint.o(i.Fingerprint_GetModel), (60 bytes).
    Removing fingerprint.o(i.Fingerprint_Image2Tz), (64 bytes).
    Removing fingerprint.o(i.Fingerprint_Init), (84 bytes).
    Removing fingerprint.o(i.Fingerprint_LoadModel), (72 bytes).
    Removing fingerprint.o(i.Fingerprint_StoreModel), (72 bytes).
    Removing fingerprint.o(i.GetStructuredPacket), (264 bytes).
    Removing fingerprint.o(i.PacketInit), (80 bytes).
    Removing fingerprint.o(i.WriteStructuredPacket), (148 bytes).
    Removing fingerprint.o(.bss), (124 bytes).
    Removing keypad.o(.rev16_text), (4 bytes).
    Removing keypad.o(.revsh_text), (4 bytes).
    Removing keypad.o(.rrx_text), (6 bytes).
    Removing button.o(.rev16_text), (4 bytes).
    Removing button.o(.revsh_text), (4 bytes).
    Removing button.o(.rrx_text), (6 bytes).
    Removing gsm.o(.rev16_text), (4 bytes).
    Removing gsm.o(.revsh_text), (4 bytes).
    Removing gsm.o(.rrx_text), (6 bytes).
    Removing gsm.o(i.GSM_Init), (40 bytes).
    Removing gsm.o(i.GSM_SendText), (128 bytes).
    Removing gsm.o(.constdata), (27 bytes).
    Removing oled.o(.rev16_text), (4 bytes).
    Removing oled.o(.revsh_text), (4 bytes).
    Removing oled.o(.rrx_text), (6 bytes).
    Removing bluetooth.o(.rev16_text), (4 bytes).
    Removing bluetooth.o(.revsh_text), (4 bytes).
    Removing bluetooth.o(.rrx_text), (6 bytes).
    Removing output_device.o(.rev16_text), (4 bytes).
    Removing output_device.o(.revsh_text), (4 bytes).
    Removing output_device.o(.rrx_text), (6 bytes).
    Removing clock.o(.rev16_text), (4 bytes).
    Removing clock.o(.revsh_text), (4 bytes).
    Removing clock.o(.rrx_text), (6 bytes).
    Removing gpio.o(.rev16_text), (4 bytes).
    Removing gpio.o(.revsh_text), (4 bytes).
    Removing gpio.o(.rrx_text), (6 bytes).
    Removing gpio.o(i.GPIO_OutputRead), (18 bytes).
    Removing uart.o(.rev16_text), (4 bytes).
    Removing uart.o(.revsh_text), (4 bytes).
    Removing uart.o(.rrx_text), (6 bytes).
    Removing uart.o(i.USART_RxBufferFull), (20 bytes).
    Removing uart.o(i.USART_WriteByte), (16 bytes).
    Removing uart.o(i.USART_WriteBytes), (34 bytes).
    Removing systick.o(.rev16_text), (4 bytes).
    Removing systick.o(.revsh_text), (4 bytes).
    Removing systick.o(.rrx_text), (6 bytes).
    Removing dma.o(.rev16_text), (4 bytes).
    Removing dma.o(.revsh_text), (4 bytes).
    Removing dma.o(.rrx_text), (6 bytes).
    Removing dma.o(i.DMA_Rx_CNDTR), (8 bytes).
    Removing i2c.o(.rev16_text), (4 bytes).
    Removing i2c.o(.revsh_text), (4 bytes).
    Removing i2c.o(.rrx_text), (6 bytes).
    Removing i2c.o(i.I2C_Read2Bytes), (170 bytes).
    Removing i2c.o(i.I2C_ReadByte), (158 bytes).
    Removing i2c.o(i.I2C_ReadMultiByte), (292 bytes).
    Removing i2c.o(i.I2C_Write), (100 bytes).
    Removing spi.o(.rev16_text), (4 bytes).
    Removing spi.o(.revsh_text), (4 bytes).
    Removing spi.o(.rrx_text), (6 bytes).
    Removing spi.o(i.SPI_ReceiveByte), (20 bytes).
    Removing system_stm32f10x.o(.rev16_text), (4 bytes).
    Removing system_stm32f10x.o(.revsh_text), (4 bytes).
    Removing system_stm32f10x.o(.rrx_text), (6 bytes).
    Removing system_stm32f10x.o(i.SystemCoreClockUpdate), (164 bytes).
    Removing system_stm32f10x.o(.data), (20 bytes).

123 unused section(s) (total 9671 bytes) removed from the image.

==============================================================================

Image Symbol Table

    Local Symbols

    Symbol Name                              Value     Ov Type        Size  Object(Section)

    ../clib/angel/boardlib.s                 0x00000000   Number         0  boardshut.o ABSOLUTE
    ../clib/angel/boardlib.s                 0x00000000   Number         0  boardinit1.o ABSOLUTE
    ../clib/angel/boardlib.s                 0x00000000   Number         0  boardinit2.o ABSOLUTE
    ../clib/angel/boardlib.s                 0x00000000   Number         0  boardinit3.o ABSOLUTE
    ../clib/angel/handlers.s                 0x00000000   Number         0  __scatter_copy.o ABSOLUTE
    ../clib/angel/handlers.s                 0x00000000   Number         0  __scatter_zi.o ABSOLUTE
    ../clib/angel/kernel.s                   0x00000000   Number         0  __rtentry2.o ABSOLUTE
    ../clib/angel/kernel.s                   0x00000000   Number         0  __rtentry.o ABSOLUTE
    ../clib/angel/kernel.s                   0x00000000   Number         0  __rtentry4.o ABSOLUTE
    ../clib/angel/kernel.s                   0x00000000   Number         0  rtexit2.o ABSOLUTE
    ../clib/angel/kernel.s                   0x00000000   Number         0  rtexit.o ABSOLUTE
    ../clib/angel/rt.s                       0x00000000   Number         0  rt_raise.o ABSOLUTE
    ../clib/angel/scatter.s                  0x00000000   Number         0  __scatter.o ABSOLUTE
    ../clib/angel/startup.s                  0x00000000   Number         0  __main.o ABSOLUTE
    ../clib/angel/sys.s                      0x00000000   Number         0  indicate_semi.o ABSOLUTE
    ../clib/angel/sys.s                      0x00000000   Number         0  use_no_semi.o ABSOLUTE
    ../clib/angel/sys.s                      0x00000000   Number         0  sys_stackheap_outer.o ABSOLUTE
    ../clib/angel/sys.s                      0x00000000   Number         0  libspace.o ABSOLUTE
    ../clib/angel/sysapp.c                   0x00000000   Number         0  sys_command.o ABSOLUTE
    ../clib/angel/sysapp.c                   0x00000000   Number         0  sys_wrch.o ABSOLUTE
    ../clib/angel/sysapp.c                   0x00000000   Number         0  sys_exit.o ABSOLUTE
    ../clib/armsys.c                         0x00000000   Number         0  argv_veneer.o ABSOLUTE
    ../clib/armsys.c                         0x00000000   Number         0  no_argv.o ABSOLUTE
    ../clib/armsys.c                         0x00000000   Number         0  _get_argv_nomalloc.o ABSOLUTE
    ../clib/armsys.c                         0x00000000   Number         0  argv_veneer.o ABSOLUTE
    ../clib/heapalloc.c                      0x00000000   Number         0  hrguard.o ABSOLUTE
    ../clib/heapaux.c                        0x00000000   Number         0  heapauxi.o ABSOLUTE
    ../clib/libinit.s                        0x00000000   Number         0  libinit2.o ABSOLUTE
    ../clib/libinit.s                        0x00000000   Number         0  libshutdown2.o ABSOLUTE
    ../clib/libinit.s                        0x00000000   Number         0  libshutdown.o ABSOLUTE
    ../clib/libinit.s                        0x00000000   Number         0  libinit.o ABSOLUTE
    ../clib/memcpset.s                       0x00000000   Number         0  rt_memclr_w.o ABSOLUTE
    ../clib/memcpset.s                       0x00000000   Number         0  rt_memcpy_v6.o ABSOLUTE
    ../clib/memcpset.s                       0x00000000   Number         0  rt_memcpy_w.o ABSOLUTE
    ../clib/memcpset.s                       0x00000000   Number         0  rt_memclr.o ABSOLUTE
    ../clib/signal.c                         0x00000000   Number         0  defsig_rtmem_formal.o ABSOLUTE
    ../clib/signal.c                         0x00000000   Number         0  defsig_rtmem_outer.o ABSOLUTE
    ../clib/signal.c                         0x00000000   Number         0  defsig_exit.o ABSOLUTE
    ../clib/signal.c                         0x00000000   Number         0  defsig_cppl_inner.o ABSOLUTE
    ../clib/signal.c                         0x00000000   Number         0  defsig_general.o ABSOLUTE
    ../clib/signal.c                         0x00000000   Number         0  __raise.o ABSOLUTE
    ../clib/signal.c                         0x00000000   Number         0  defsig_rtmem_inner.o ABSOLUTE
    ../clib/signal.c                         0x00000000   Number         0  defsig_fpe_inner.o ABSOLUTE
    ../clib/signal.c                         0x00000000   Number         0  defsig_abrt_inner.o ABSOLUTE
    ../clib/signal.c                         0x00000000   Number         0  defsig_rtred_inner.o ABSOLUTE
    ../clib/signal.c                         0x00000000   Number         0  defsig_stak_inner.o ABSOLUTE
    ../clib/signal.c                         0x00000000   Number         0  defsig_pvfn_inner.o ABSOLUTE
    ../clib/signal.c                         0x00000000   Number         0  defsig_segv_inner.o ABSOLUTE
    ../clib/signal.c                         0x00000000   Number         0  defsig_other.o ABSOLUTE
    ../clib/signal.s                         0x00000000   Number         0  defsig.o ABSOLUTE
    ../clib/stdlib.c                         0x00000000   Number         0  exit.o ABSOLUTE
    ../clib/string.c                         0x00000000   Number         0  strcat.o ABSOLUTE
    ../fplib/fpinit.s                        0x00000000   Number         0  fpinit.o ABSOLUTE
    RTE\Device\STM32F103C8\startup_stm32f10x_md.s 0x00000000   Number         0  startup_stm32f10x_md.o ABSOLUTE
    RTE\Device\STM32F103C8\system_stm32f10x.c 0x00000000   Number         0  system_stm32f10x.o ABSOLUTE
    RTE\\Device\\STM32F103C8\\system_stm32f10x.c 0x00000000   Number         0  system_stm32f10x.o ABSOLUTE
    bluetooth.c                              0x00000000   Number         0  bluetooth.o ABSOLUTE
    bluetooth.c                              0x00000000   Number         0  bluetooth.o ABSOLUTE
    button.c                                 0x00000000   Number         0  button.o ABSOLUTE
    button.c                                 0x00000000   Number         0  button.o ABSOLUTE
    ccsbcs.c                                 0x00000000   Number         0  ccsbcs.o ABSOLUTE
    clock.c                                  0x00000000   Number         0  clock.o ABSOLUTE
    clock.c                                  0x00000000   Number         0  clock.o ABSOLUTE
    dc.s                                     0x00000000   Number         0  dc.o ABSOLUTE
    diskio.c                                 0x00000000   Number         0  diskio.o ABSOLUTE
    dma.c                                    0x00000000   Number         0  dma.o ABSOLUTE
    dma.c                                    0x00000000   Number         0  dma.o ABSOLUTE
    eeprom.c                                 0x00000000   Number         0  eeprom.o ABSOLUTE
    eeprom.c                                 0x00000000   Number         0  eeprom.o ABSOLUTE
    ff.c                                     0x00000000   Number         0  ff.o ABSOLUTE
    fingerprint.c                            0x00000000   Number         0  fingerprint.o ABSOLUTE
    fingerprint.c                            0x00000000   Number         0  fingerprint.o ABSOLUTE
    gpio.c                                   0x00000000   Number         0  gpio.o ABSOLUTE
    gpio.c                                   0x00000000   Number         0  gpio.o ABSOLUTE
    gsm.c                                    0x00000000   Number         0  gsm.o ABSOLUTE
    gsm.c                                    0x00000000   Number         0  gsm.o ABSOLUTE
    i2c.c                                    0x00000000   Number         0  i2c.o ABSOLUTE
    i2c.c                                    0x00000000   Number         0  i2c.o ABSOLUTE
    keypad.c                                 0x00000000   Number         0  keypad.o ABSOLUTE
    keypad.c                                 0x00000000   Number         0  keypad.o ABSOLUTE
    main.c                                   0x00000000   Number         0  main.o ABSOLUTE
    main.c                                   0x00000000   Number         0  main.o ABSOLUTE
    oled.c                                   0x00000000   Number         0  oled.o ABSOLUTE
    oled.c                                   0x00000000   Number         0  oled.o ABSOLUTE
    output_device.c                          0x00000000   Number         0  output_device.o ABSOLUTE
    output_device.c                          0x00000000   Number         0  output_device.o ABSOLUTE
    rtc.c                                    0x00000000   Number         0  rtc.o ABSOLUTE
    rtc.c                                    0x00000000   Number         0  rtc.o ABSOLUTE
    sd_card.c                                0x00000000   Number         0  sd_card.o ABSOLUTE
    sd_card.c                                0x00000000   Number         0  sd_card.o ABSOLUTE
    spi.c                                    0x00000000   Number         0  spi.o ABSOLUTE
    spi.c                                    0x00000000   Number         0  spi.o ABSOLUTE
    system.c                                 0x00000000   Number         0  system.o ABSOLUTE
    system.c                                 0x00000000   Number         0  system.o ABSOLUTE
    systick.c                                0x00000000   Number         0  systick.o ABSOLUTE
    systick.c                                0x00000000   Number         0  systick.o ABSOLUTE
    uart.c                                   0x00000000   Number         0  uart.o ABSOLUTE
    uart.c                                   0x00000000   Number         0  uart.o ABSOLUTE
    RESET                                    0x08000000   Section      236  startup_stm32f10x_md.o(RESET)
    !!!main                                  0x080000ec   Section        8  __main.o(!!!main)
    !!!scatter                               0x080000f4   Section       52  __scatter.o(!!!scatter)
    !!handler_copy                           0x08000128   Section       26  __scatter_copy.o(!!handler_copy)
    !!handler_zi                             0x08000144   Section       28  __scatter_zi.o(!!handler_zi)
    .ARM.Collect$$libinit$$00000000          0x08000160   Section        2  libinit.o(.ARM.Collect$$libinit$$00000000)
    .ARM.Collect$$libinit$$00000002          0x08000162   Section        0  libinit2.o(.ARM.Collect$$libinit$$00000002)
    .ARM.Collect$$libinit$$00000004          0x08000162   Section        0  libinit2.o(.ARM.Collect$$libinit$$00000004)
    .ARM.Collect$$libinit$$0000000A          0x08000162   Section        0  libinit2.o(.ARM.Collect$$libinit$$0000000A)
    .ARM.Collect$$libinit$$0000000C          0x08000162   Section        0  libinit2.o(.ARM.Collect$$libinit$$0000000C)
    .ARM.Collect$$libinit$$0000000E          0x08000162   Section        0  libinit2.o(.ARM.Collect$$libinit$$0000000E)
    .ARM.Collect$$libinit$$00000011          0x08000162   Section        0  libinit2.o(.ARM.Collect$$libinit$$00000011)
    .ARM.Collect$$libinit$$00000013          0x08000162   Section        0  libinit2.o(.ARM.Collect$$libinit$$00000013)
    .ARM.Collect$$libinit$$00000015          0x08000162   Section        0  libinit2.o(.ARM.Collect$$libinit$$00000015)
    .ARM.Collect$$libinit$$00000017          0x08000162   Section        0  libinit2.o(.ARM.Collect$$libinit$$00000017)
    .ARM.Collect$$libinit$$00000019          0x08000162   Section        0  libinit2.o(.ARM.Collect$$libinit$$00000019)
    .ARM.Collect$$libinit$$0000001B          0x08000162   Section        0  libinit2.o(.ARM.Collect$$libinit$$0000001B)
    .ARM.Collect$$libinit$$0000001D          0x08000162   Section        0  libinit2.o(.ARM.Collect$$libinit$$0000001D)
    .ARM.Collect$$libinit$$0000001F          0x08000162   Section        0  libinit2.o(.ARM.Collect$$libinit$$0000001F)
    .ARM.Collect$$libinit$$00000021          0x08000162   Section        0  libinit2.o(.ARM.Collect$$libinit$$00000021)
    .ARM.Collect$$libinit$$00000023          0x08000162   Section        0  libinit2.o(.ARM.Collect$$libinit$$00000023)
    .ARM.Collect$$libinit$$00000025          0x08000162   Section        0  libinit2.o(.ARM.Collect$$libinit$$00000025)
    .ARM.Collect$$libinit$$0000002C          0x08000162   Section        0  libinit2.o(.ARM.Collect$$libinit$$0000002C)
    .ARM.Collect$$libinit$$0000002E          0x08000162   Section        0  libinit2.o(.ARM.Collect$$libinit$$0000002E)
    .ARM.Collect$$libinit$$00000030          0x08000162   Section        0  libinit2.o(.ARM.Collect$$libinit$$00000030)
    .ARM.Collect$$libinit$$00000032          0x08000162   Section        0  libinit2.o(.ARM.Collect$$libinit$$00000032)
    .ARM.Collect$$libinit$$00000033          0x08000162   Section        2  libinit2.o(.ARM.Collect$$libinit$$00000033)
    .ARM.Collect$$libshutdown$$00000000      0x08000164   Section        2  libshutdown.o(.ARM.Collect$$libshutdown$$00000000)
    .ARM.Collect$$libshutdown$$00000002      0x08000166   Section        0  libshutdown2.o(.ARM.Collect$$libshutdown$$00000002)
    .ARM.Collect$$libshutdown$$00000004      0x08000166   Section        0  libshutdown2.o(.ARM.Collect$$libshutdown$$00000004)
    .ARM.Collect$$libshutdown$$00000006      0x08000166   Section        0  libshutdown2.o(.ARM.Collect$$libshutdown$$00000006)
    .ARM.Collect$$libshutdown$$00000009      0x08000166   Section        0  libshutdown2.o(.ARM.Collect$$libshutdown$$00000009)
    .ARM.Collect$$libshutdown$$0000000C      0x08000166   Section        0  libshutdown2.o(.ARM.Collect$$libshutdown$$0000000C)
    .ARM.Collect$$libshutdown$$0000000E      0x08000166   Section        0  libshutdown2.o(.ARM.Collect$$libshutdown$$0000000E)
    .ARM.Collect$$libshutdown$$00000011      0x08000166   Section        0  libshutdown2.o(.ARM.Collect$$libshutdown$$00000011)
    .ARM.Collect$$libshutdown$$00000012      0x08000166   Section        2  libshutdown2.o(.ARM.Collect$$libshutdown$$00000012)
    .ARM.Collect$$rtentry$$00000000          0x08000168   Section        0  __rtentry.o(.ARM.Collect$$rtentry$$00000000)
    .ARM.Collect$$rtentry$$00000002          0x08000168   Section        0  __rtentry2.o(.ARM.Collect$$rtentry$$00000002)
    .ARM.Collect$$rtentry$$00000004          0x08000168   Section        6  __rtentry4.o(.ARM.Collect$$rtentry$$00000004)
    .ARM.Collect$$rtentry$$00000009          0x0800016e   Section        0  __rtentry2.o(.ARM.Collect$$rtentry$$00000009)
    .ARM.Collect$$rtentry$$0000000A          0x0800016e   Section        4  __rtentry2.o(.ARM.Collect$$rtentry$$0000000A)
    .ARM.Collect$$rtentry$$0000000C          0x08000172   Section        0  __rtentry2.o(.ARM.Collect$$rtentry$$0000000C)
    .ARM.Collect$$rtentry$$0000000D          0x08000172   Section        8  __rtentry2.o(.ARM.Collect$$rtentry$$0000000D)
    .ARM.Collect$$rtexit$$00000000           0x0800017a   Section        2  rtexit.o(.ARM.Collect$$rtexit$$00000000)
    .ARM.Collect$$rtexit$$00000002           0x0800017c   Section        0  rtexit2.o(.ARM.Collect$$rtexit$$00000002)
    .ARM.Collect$$rtexit$$00000003           0x0800017c   Section        4  rtexit2.o(.ARM.Collect$$rtexit$$00000003)
    .ARM.Collect$$rtexit$$00000004           0x08000180   Section        6  rtexit2.o(.ARM.Collect$$rtexit$$00000004)
    .text                                    0x08000188   Section       64  startup_stm32f10x_md.o(.text)
    .text                                    0x080001c8   Section       68  rt_memclr.o(.text)
    .text                                    0x0800020c   Section       78  rt_memclr_w.o(.text)
    .text                                    0x0800025a   Section        0  heapauxi.o(.text)
    .text                                    0x08000260   Section       74  sys_stackheap_outer.o(.text)
    .text                                    0x080002aa   Section        0  exit.o(.text)
    .text                                    0x080002bc   Section        8  libspace.o(.text)
    .text                                    0x080002c4   Section        0  sys_exit.o(.text)
    .text                                    0x080002d0   Section        2  use_no_semi.o(.text)
    .text                                    0x080002d2   Section        0  indicate_semi.o(.text)
    i.BT_Init                                0x080002d4   Section        0  bluetooth.o(i.BT_Init)
    i.BT_Receive                             0x0800030c   Section        0  bluetooth.o(i.BT_Receive)
    i.BT_RxBufferInit                        0x08000334   Section        0  bluetooth.o(i.BT_RxBufferInit)
    i.BT_Transmit                            0x08000354   Section        0  bluetooth.o(i.BT_Transmit)
    i.Button_Init                            0x08000368   Section        0  button.o(i.Button_Init)
    i.Button_IsPressedOnce                   0x08000380   Section        0  button.o(i.Button_IsPressedOnce)
    i.Clock_HSI_8MHz_Init                    0x080003d0   Section        0  clock.o(i.Clock_HSI_8MHz_Init)
    i.DESELECT                               0x0800041c   Section        0  sd_card.o(i.DESELECT)
    DESELECT                                 0x0800041d   Thumb Code    18  sd_card.o(i.DESELECT)
    i.DMA_RxBufferFull                       0x08000434   Section        0  dma.o(i.DMA_RxBufferFull)
    i.DMA_USART_Rx_Init                      0x08000460   Section        0  dma.o(i.DMA_USART_Rx_Init)
    i.GPIO_InputInit                         0x0800047a   Section        0  gpio.o(i.GPIO_InputInit)
    i.GPIO_InputRead                         0x0800049a   Section        0  gpio.o(i.GPIO_InputRead)
    i.GPIO_OutputInit                        0x080004ac   Section        0  gpio.o(i.GPIO_OutputInit)
    i.GPIO_OutputWrite                       0x080004ce   Section        0  gpio.o(i.GPIO_OutputWrite)
    i.GPIO_Reset                             0x080004e0   Section        0  gpio.o(i.GPIO_Reset)
    i.I2C_Init                               0x08000540   Section        0  i2c.o(i.I2C_Init)
    i.I2C_WriteByte                          0x08000566   Section        0  i2c.o(i.I2C_WriteByte)
    i.I2C_WriteMultiByte                     0x080005d8   Section        0  i2c.o(i.I2C_WriteMultiByte)
    i.IsDebounced                            0x0800065c   Section        0  keypad.o(i.IsDebounced)
    IsDebounced                              0x0800065d   Thumb Code    80  keypad.o(i.IsDebounced)
    i.Keypad_GetChar                         0x080006b0   Section        0  keypad.o(i.Keypad_GetChar)
    i.Keypad_Init                            0x08000720   Section        0  keypad.o(i.Keypad_Init)
    i.OLED_ClearScreen                       0x0800075c   Section        0  oled.o(i.OLED_ClearScreen)
    i.OLED_DrawPixel                         0x08000770   Section        0  oled.o(i.OLED_DrawPixel)
    i.OLED_Fill                              0x0800080c   Section        0  oled.o(i.OLED_Fill)
    OLED_Fill                                0x0800080d   Thumb Code    28  oled.o(i.OLED_Fill)
    i.OLED_Init                              0x0800082c   Section        0  oled.o(i.OLED_Init)
    i.OLED_SetCursor                         0x080008fc   Section        0  oled.o(i.OLED_SetCursor)
    i.OLED_UpdateScreen                      0x08000910   Section        0  oled.o(i.OLED_UpdateScreen)
    i.OLED_WriteChar                         0x08000948   Section        0  oled.o(i.OLED_WriteChar)
    i.OLED_WriteCommand                      0x080009f8   Section        0  oled.o(i.OLED_WriteCommand)
    OLED_WriteCommand                        0x080009f9   Thumb Code    18  oled.o(i.OLED_WriteCommand)
    i.OLED_WriteData                         0x08000a10   Section        0  oled.o(i.OLED_WriteData)
    OLED_WriteData                           0x08000a11   Thumb Code    22  oled.o(i.OLED_WriteData)
    i.OLED_WriteString                       0x08000a2c   Section        0  oled.o(i.OLED_WriteString)
    i.OutputDev_Init                         0x08000a54   Section        0  output_device.o(i.OutputDev_Init)
    i.OutputDev_Write                        0x08000a84   Section        0  output_device.o(i.OutputDev_Write)
    i.SD_CheckPower                          0x08000ab0   Section        0  sd_card.o(i.SD_CheckPower)
    SD_CheckPower                            0x08000ab1   Thumb Code     6  sd_card.o(i.SD_CheckPower)
    i.SD_DiskInit                            0x08000abc   Section        0  sd_card.o(i.SD_DiskInit)
    i.SD_DiskIoctl                           0x08000c30   Section        0  sd_card.o(i.SD_DiskIoctl)
    i.SD_DiskRead                            0x08000dd4   Section        0  sd_card.o(i.SD_DiskRead)
    i.SD_DiskStatus                          0x08000e6c   Section        0  sd_card.o(i.SD_DiskStatus)
    i.SD_DiskWrite                           0x08000e80   Section        0  sd_card.o(i.SD_DiskWrite)
    i.SD_Init                                0x08000f44   Section        0  sd_card.o(i.SD_Init)
    i.SD_PowerOff                            0x08000f88   Section        0  sd_card.o(i.SD_PowerOff)
    SD_PowerOff                              0x08000f89   Thumb Code     8  sd_card.o(i.SD_PowerOff)
    i.SD_PowerOn                             0x08000f94   Section        0  sd_card.o(i.SD_PowerOn)
    SD_PowerOn                               0x08000f95   Thumb Code   104  sd_card.o(i.SD_PowerOn)
    i.SD_ReadyWait                           0x08001000   Section        0  sd_card.o(i.SD_ReadyWait)
    SD_ReadyWait                             0x08001001   Thumb Code    40  sd_card.o(i.SD_ReadyWait)
    i.SD_RxDataBlock                         0x08001028   Section        0  sd_card.o(i.SD_RxDataBlock)
    SD_RxDataBlock                           0x08001029   Thumb Code    76  sd_card.o(i.SD_RxDataBlock)
    i.SD_SendCmd                             0x08001074   Section        0  sd_card.o(i.SD_SendCmd)
    SD_SendCmd                               0x08001075   Thumb Code   122  sd_card.o(i.SD_SendCmd)
    i.SD_TxDataBlock                         0x080010ee   Section        0  sd_card.o(i.SD_TxDataBlock)
    SD_TxDataBlock                           0x080010ef   Thumb Code   106  sd_card.o(i.SD_TxDataBlock)
    i.SELECT                                 0x08001158   Section        0  sd_card.o(i.SELECT)
    SELECT                                   0x08001159   Thumb Code    18  sd_card.o(i.SELECT)
    i.SPI_ChipDeselect                       0x08001170   Section        0  spi.o(i.SPI_ChipDeselect)
    i.SPI_ChipSelect                         0x0800117c   Section        0  spi.o(i.SPI_ChipSelect)
    i.SPI_Init                               0x08001188   Section        0  spi.o(i.SPI_Init)
    i.SPI_RxByte                             0x08001190   Section        0  sd_card.o(i.SPI_RxByte)
    SPI_RxByte                               0x08001191   Thumb Code    22  sd_card.o(i.SPI_RxByte)
    i.SPI_RxBytePtr                          0x080011ac   Section        0  sd_card.o(i.SPI_RxBytePtr)
    SPI_RxBytePtr                            0x080011ad   Thumb Code    12  sd_card.o(i.SPI_RxBytePtr)
    i.SPI_Transceive                         0x080011b8   Section        0  spi.o(i.SPI_Transceive)
    i.SPI_TxBuffer                           0x080011dc   Section        0  sd_card.o(i.SPI_TxBuffer)
    SPI_TxBuffer                             0x080011dd   Thumb Code    18  sd_card.o(i.SPI_TxBuffer)
    i.SPI_TxByte                             0x080011f4   Section        0  sd_card.o(i.SPI_TxByte)
    SPI_TxByte                               0x080011f5   Thumb Code    12  sd_card.o(i.SPI_TxByte)
    i.SPI_WriteByte                          0x08001204   Section        0  spi.o(i.SPI_WriteByte)
    i.SPI_WriteBytes                         0x08001216   Section        0  spi.o(i.SPI_WriteBytes)
    i.SelectRow                              0x08001238   Section        0  keypad.o(i.SelectRow)
    SelectRow                                0x08001239   Thumb Code   120  keypad.o(i.SelectRow)
    i.SetSysClock                            0x080012b4   Section        0  system_stm32f10x.o(i.SetSysClock)
    SetSysClock                              0x080012b5   Thumb Code     8  system_stm32f10x.o(i.SetSysClock)
    i.SetSysClockTo72                        0x080012bc   Section        0  system_stm32f10x.o(i.SetSysClockTo72)
    SetSysClockTo72                          0x080012bd   Thumb Code   214  system_stm32f10x.o(i.SetSysClockTo72)
    i.SysTick_DelayMs                        0x0800139c   Section        0  systick.o(i.SysTick_DelayMs)
    i.SysTick_GetTick                        0x080013b4   Section        0  systick.o(i.SysTick_GetTick)
    i.SysTick_Handler                        0x080013c0   Section        0  systick.o(i.SysTick_Handler)
    i.SysTick_Init                           0x080013d0   Section        0  systick.o(i.SysTick_Init)
    i.SystemInit                             0x080013ec   Section        0  system_stm32f10x.o(i.SystemInit)
    i.System_Config                          0x0800144c   Section        0  system.o(i.System_Config)
    i.System_DelayMs                         0x08001480   Section        0  system.o(i.System_DelayMs)
    i.System_TimerDoneCounting               0x0800148c   Section        0  system.o(i.System_TimerDoneCounting)
    i.USART_Init                             0x080014bc   Section        0  uart.o(i.USART_Init)
    i.USART_RxIdleLineDetected               0x0800150a   Section        0  uart.o(i.USART_RxIdleLineDetected)
    i.USART_WriteChars                       0x08001526   Section        0  uart.o(i.USART_WriteChars)
    i.check_fs                               0x08001548   Section        0  ff.o(i.check_fs)
    check_fs                                 0x08001549   Thumb Code   116  ff.o(i.check_fs)
    i.chk_chr                                0x080015c4   Section        0  ff.o(i.chk_chr)
    chk_chr                                  0x080015c5   Thumb Code    20  ff.o(i.chk_chr)
    i.chk_lock                               0x080015d8   Section        0  ff.o(i.chk_lock)
    chk_lock                                 0x080015d9   Thumb Code   120  ff.o(i.chk_lock)
    i.clear_lock                             0x08001654   Section        0  ff.o(i.clear_lock)
    clear_lock                               0x08001655   Thumb Code    36  ff.o(i.clear_lock)
    i.clmt_clust                             0x0800167c   Section        0  ff.o(i.clmt_clust)
    clmt_clust                               0x0800167d   Thumb Code    54  ff.o(i.clmt_clust)
    i.clust2sect                             0x080016b2   Section        0  ff.o(i.clust2sect)
    clust2sect                               0x080016b3   Thumb Code    26  ff.o(i.clust2sect)
    i.cmp_lfn                                0x080016cc   Section        0  ff.o(i.cmp_lfn)
    cmp_lfn                                  0x080016cd   Thumb Code   148  ff.o(i.cmp_lfn)
    i.create_chain                           0x08001764   Section        0  ff.o(i.create_chain)
    create_chain                             0x08001765   Thumb Code   222  ff.o(i.create_chain)
    i.create_name                            0x08001844   Section        0  ff.o(i.create_name)
    create_name                              0x08001845   Thumb Code   534  ff.o(i.create_name)
    i.dec_lock                               0x08001a74   Section        0  ff.o(i.dec_lock)
    dec_lock                                 0x08001a75   Thumb Code    64  ff.o(i.dec_lock)
    i.dir_alloc                              0x08001ab8   Section        0  ff.o(i.dir_alloc)
    dir_alloc                                0x08001ab9   Thumb Code    96  ff.o(i.dir_alloc)
    i.dir_find                               0x08001b18   Section        0  ff.o(i.dir_find)
    dir_find                                 0x08001b19   Thumb Code   252  ff.o(i.dir_find)
    i.dir_next                               0x08001c14   Section        0  ff.o(i.dir_next)
    dir_next                                 0x08001c15   Thumb Code   282  ff.o(i.dir_next)
    i.dir_register                           0x08001d2e   Section        0  ff.o(i.dir_register)
    dir_register                             0x08001d2f   Thumb Code   322  ff.o(i.dir_register)
    i.dir_sdi                                0x08001e70   Section        0  ff.o(i.dir_sdi)
    dir_sdi                                  0x08001e71   Thumb Code   166  ff.o(i.dir_sdi)
    i.disk_initialize                        0x08001f16   Section        0  diskio.o(i.disk_initialize)
    i.disk_ioctl                             0x08001f22   Section        0  diskio.o(i.disk_ioctl)
    i.disk_read                              0x08001f36   Section        0  diskio.o(i.disk_read)
    i.disk_status                            0x08001f52   Section        0  diskio.o(i.disk_status)
    i.disk_write                             0x08001f5e   Section        0  diskio.o(i.disk_write)
    i.enq_lock                               0x08001f7c   Section        0  ff.o(i.enq_lock)
    enq_lock                                 0x08001f7d   Thumb Code    34  ff.o(i.enq_lock)
    i.f_close                                0x08001fa4   Section        0  ff.o(i.f_close)
    i.f_gets                                 0x08001fd0   Section        0  ff.o(i.f_gets)
    i.f_mount                                0x08002028   Section        0  ff.o(i.f_mount)
    i.f_open                                 0x08002088   Section        0  ff.o(i.f_open)
    i.f_read                                 0x080022ca   Section        0  ff.o(i.f_read)
    i.f_sync                                 0x080024a8   Section        0  ff.o(i.f_sync)
    i.ff_convert                             0x08002548   Section        0  ccsbcs.o(i.ff_convert)
    i.ff_wtoupper                            0x08002594   Section        0  ccsbcs.o(i.ff_wtoupper)
    i.find_volume                            0x08002638   Section        0  ff.o(i.find_volume)
    find_volume                              0x08002639   Thumb Code   832  ff.o(i.find_volume)
    i.follow_path                            0x0800298c   Section        0  ff.o(i.follow_path)
    follow_path                              0x0800298d   Thumb Code   174  ff.o(i.follow_path)
    i.gen_numname                            0x08002a3c   Section        0  ff.o(i.gen_numname)
    gen_numname                              0x08002a3d   Thumb Code   176  ff.o(i.gen_numname)
    i.get_fat                                0x08002af0   Section        0  ff.o(i.get_fat)
    get_fat                                  0x08002af1   Thumb Code   306  ff.o(i.get_fat)
    i.get_fattime                            0x08002c22   Section        0  diskio.o(i.get_fattime)
    i.get_ldnumber                           0x08002c26   Section        0  ff.o(i.get_ldnumber)
    get_ldnumber                             0x08002c27   Thumb Code    72  ff.o(i.get_ldnumber)
    i.inc_lock                               0x08002c70   Section        0  ff.o(i.inc_lock)
    inc_lock                                 0x08002c71   Thumb Code   182  ff.o(i.inc_lock)
    i.ld_clust                               0x08002d2c   Section        0  ff.o(i.ld_clust)
    ld_clust                                 0x08002d2d   Thumb Code    38  ff.o(i.ld_clust)
    i.ld_dword                               0x08002d52   Section        0  ff.o(i.ld_dword)
    ld_dword                                 0x08002d53   Thumb Code    24  ff.o(i.ld_dword)
    i.ld_word                                0x08002d6a   Section        0  ff.o(i.ld_word)
    ld_word                                  0x08002d6b   Thumb Code    12  ff.o(i.ld_word)
    i.main                                   0x08002d78   Section        0  main.o(i.main)
    i.mem_cmp                                0x08002f48   Section        0  ff.o(i.mem_cmp)
    mem_cmp                                  0x08002f49   Thumb Code    36  ff.o(i.mem_cmp)
    i.mem_cpy                                0x08002f6c   Section        0  ff.o(i.mem_cpy)
    mem_cpy                                  0x08002f6d   Thumb Code    26  ff.o(i.mem_cpy)
    i.mem_set                                0x08002f86   Section        0  ff.o(i.mem_set)
    mem_set                                  0x08002f87   Thumb Code    18  ff.o(i.mem_set)
    i.move_window                            0x08002f98   Section        0  ff.o(i.move_window)
    move_window                              0x08002f99   Thumb Code    52  ff.o(i.move_window)
    i.put_fat                                0x08002fcc   Section        0  ff.o(i.put_fat)
    put_fat                                  0x08002fcd   Thumb Code   400  ff.o(i.put_fat)
    i.put_lfn                                0x0800315c   Section        0  ff.o(i.put_lfn)
    put_lfn                                  0x0800315d   Thumb Code   124  ff.o(i.put_lfn)
    i.remove_chain                           0x080031dc   Section        0  ff.o(i.remove_chain)
    remove_chain                             0x080031dd   Thumb Code   154  ff.o(i.remove_chain)
    i.st_clust                               0x08003276   Section        0  ff.o(i.st_clust)
    st_clust                                 0x08003277   Thumb Code    36  ff.o(i.st_clust)
    i.st_dword                               0x0800329a   Section        0  ff.o(i.st_dword)
    st_dword                                 0x0800329b   Thumb Code    24  ff.o(i.st_dword)
    i.st_word                                0x080032b2   Section        0  ff.o(i.st_word)
    st_word                                  0x080032b3   Thumb Code    12  ff.o(i.st_word)
    i.sum_sfn                                0x080032be   Section        0  ff.o(i.sum_sfn)
    sum_sfn                                  0x080032bf   Thumb Code    32  ff.o(i.sum_sfn)
    i.sync_fs                                0x080032e0   Section        0  ff.o(i.sync_fs)
    sync_fs                                  0x080032e1   Thumb Code   134  ff.o(i.sync_fs)
    i.sync_window                            0x08003370   Section        0  ff.o(i.sync_window)
    sync_window                              0x08003371   Thumb Code    82  ff.o(i.sync_window)
    i.validate                               0x080033c2   Section        0  ff.o(i.validate)
    validate                                 0x080033c3   Thumb Code    60  ff.o(i.validate)
    .constdata                               0x080033fe   Section      942  ccsbcs.o(.constdata)
    Tbl                                      0x080033fe   Data         256  ccsbcs.o(.constdata)
    cvt1                                     0x080034fe   Data         498  ccsbcs.o(.constdata)
    cvt2                                     0x080036f0   Data         188  ccsbcs.o(.constdata)
    .constdata                               0x080037ac   Section      170  ff.o(.constdata)
    ExCvt                                    0x080037ac   Data         128  ff.o(.constdata)
    LfnOfs                                   0x0800382c   Data          13  ff.o(.constdata)
    cst                                      0x0800383a   Data          14  ff.o(.constdata)
    cst32                                    0x08003848   Data          14  ff.o(.constdata)
    .constdata                               0x08003856   Section       16  keypad.o(.constdata)
    .constdata                               0x08003866   Section     1900  oled.o(.constdata)
    .data                                    0x20000000   Section        6  main.o(.data)
    .data                                    0x20000008   Section        6  ff.o(.data)
    FatFs                                    0x20000008   Data           4  ff.o(.data)
    Fsid                                     0x2000000c   Data           2  ff.o(.data)
    .data                                    0x2000000e   Section        3  sd_card.o(.data)
    Stat                                     0x2000000e   Data           1  sd_card.o(.data)
    CardType                                 0x2000000f   Data           1  sd_card.o(.data)
    PowerFlag                                0x20000010   Data           1  sd_card.o(.data)
    .data                                    0x20000011   Section        2  button.o(.data)
    buttonPrevPressed                        0x20000011   Data           2  button.o(.data)
    .data                                    0x20000014   Section        4  oled.o(.data)
    xPos                                     0x20000014   Data           2  oled.o(.data)
    yPos                                     0x20000016   Data           2  oled.o(.data)
    .data                                    0x20000018   Section        4  systick.o(.data)
    numberOfTicks                            0x20000018   Data           4  systick.o(.data)
    .bss                                     0x2000001c   Section     9340  main.o(.bss)
    btRxBuffer                               0x2000001c   Data          20  main.o(.bss)
    .bss                                     0x20002498   Section      544  ff.o(.bss)
    Files                                    0x20002498   Data          32  ff.o(.bss)
    LfnBuf                                   0x200024b8   Data         512  ff.o(.bss)
    .bss                                     0x200026b8   Section       16  keypad.o(.bss)
    prevPressed                              0x200026b8   Data          16  keypad.o(.bss)
    .bss                                     0x200026c8   Section     1056  oled.o(.bss)
    screenBuffer                             0x200026c8   Data        1056  oled.o(.bss)
    .bss                                     0x20002ae8   Section       96  libspace.o(.bss)
    HEAP                                     0x20002b48   Section      512  startup_stm32f10x_md.o(HEAP)
    Heap_Mem                                 0x20002b48   Data         512  startup_stm32f10x_md.o(HEAP)
    STACK                                    0x20002d48   Section     1024  startup_stm32f10x_md.o(STACK)
    Stack_Mem                                0x20002d48   Data        1024  startup_stm32f10x_md.o(STACK)
    __initial_sp                             0x20003148   Data           0  startup_stm32f10x_md.o(STACK)

    Global Symbols

    Symbol Name                              Value     Ov Type        Size  Object(Section)

    BuildAttributes$$THM_ISAv4$P$D$K$B$S$PE$A:L22UL41UL21$X:L11$S22US41US21$IEEE1$IW$USESV6$~STKCKD$USESV7$~SHL$OSPACE$ROPI$EBA8$UX$STANDARDLIB$REQ8$PRES8$EABIv2 0x00000000   Number         0  anon$$obj.o ABSOLUTE
    __ARM_use_no_argv                        0x00000000   Number         0  main.o ABSOLUTE
    __ARM_exceptions_init                     - Undefined Weak Reference
    __alloca_initialize                       - Undefined Weak Reference
    __arm_fini_                               - Undefined Weak Reference
    __arm_preinit_                            - Undefined Weak Reference
    __cpp_initialize__aeabi_                  - Undefined Weak Reference
    __cxa_finalize                            - Undefined Weak Reference
    __rt_locale                               - Undefined Weak Reference
    __sigvec_lookup                           - Undefined Weak Reference
    _atexit_init                              - Undefined Weak Reference
    _call_atexit_fns                          - Undefined Weak Reference
    _clock_init                               - Undefined Weak Reference
    _fp_trap_init                             - Undefined Weak Reference
    _fp_trap_shutdown                         - Undefined Weak Reference
    _get_lc_collate                           - Undefined Weak Reference
    _get_lc_ctype                             - Undefined Weak Reference
    _get_lc_monetary                          - Undefined Weak Reference
    _get_lc_numeric                           - Undefined Weak Reference
    _get_lc_time                              - Undefined Weak Reference
    _getenv_init                              - Undefined Weak Reference
    _handle_redirection                       - Undefined Weak Reference
    _init_alloc                               - Undefined Weak Reference
    _init_user_alloc                          - Undefined Weak Reference
    _initio                                   - Undefined Weak Reference
    _rand_init                                - Undefined Weak Reference
    _signal_finish                            - Undefined Weak Reference
    _signal_init                              - Undefined Weak Reference
    _terminate_alloc                          - Undefined Weak Reference
    _terminate_user_alloc                     - Undefined Weak Reference
    _terminateio                              - Undefined Weak Reference
    __Vectors_Size                           0x000000ec   Number         0  startup_stm32f10x_md.o ABSOLUTE
    __Vectors                                0x08000000   Data           4  startup_stm32f10x_md.o(RESET)
    __Vectors_End                            0x080000ec   Data           0  startup_stm32f10x_md.o(RESET)
    __main                                   0x080000ed   Thumb Code     8  __main.o(!!!main)
    __scatterload                            0x080000f5   Thumb Code     0  __scatter.o(!!!scatter)
    __scatterload_rt2                        0x080000f5   Thumb Code    44  __scatter.o(!!!scatter)
    __scatterload_rt2_thumb_only             0x080000f5   Thumb Code     0  __scatter.o(!!!scatter)
    __scatterload_null                       0x08000103   Thumb Code     0  __scatter.o(!!!scatter)
    __scatterload_copy                       0x08000129   Thumb Code    26  __scatter_copy.o(!!handler_copy)
    __scatterload_zeroinit                   0x08000145   Thumb Code    28  __scatter_zi.o(!!handler_zi)
    __rt_lib_init                            0x08000161   Thumb Code     0  libinit.o(.ARM.Collect$$libinit$$00000000)
    __rt_lib_init_alloca_1                   0x08000163   Thumb Code     0  libinit2.o(.ARM.Collect$$libinit$$0000002E)
    __rt_lib_init_argv_1                     0x08000163   Thumb Code     0  libinit2.o(.ARM.Collect$$libinit$$0000002C)
    __rt_lib_init_atexit_1                   0x08000163   Thumb Code     0  libinit2.o(.ARM.Collect$$libinit$$0000001B)
    __rt_lib_init_clock_1                    0x08000163   Thumb Code     0  libinit2.o(.ARM.Collect$$libinit$$00000021)
    __rt_lib_init_cpp_1                      0x08000163   Thumb Code     0  libinit2.o(.ARM.Collect$$libinit$$00000032)
    __rt_lib_init_exceptions_1               0x08000163   Thumb Code     0  libinit2.o(.ARM.Collect$$libinit$$00000030)
    __rt_lib_init_fp_1                       0x08000163   Thumb Code     0  libinit2.o(.ARM.Collect$$libinit$$00000002)
    __rt_lib_init_fp_trap_1                  0x08000163   Thumb Code     0  libinit2.o(.ARM.Collect$$libinit$$0000001F)
    __rt_lib_init_getenv_1                   0x08000163   Thumb Code     0  libinit2.o(.ARM.Collect$$libinit$$00000023)
    __rt_lib_init_heap_1                     0x08000163   Thumb Code     0  libinit2.o(.ARM.Collect$$libinit$$0000000A)
    __rt_lib_init_lc_collate_1               0x08000163   Thumb Code     0  libinit2.o(.ARM.Collect$$libinit$$00000011)
    __rt_lib_init_lc_ctype_1                 0x08000163   Thumb Code     0  libinit2.o(.ARM.Collect$$libinit$$00000013)
    __rt_lib_init_lc_monetary_1              0x08000163   Thumb Code     0  libinit2.o(.ARM.Collect$$libinit$$00000015)
    __rt_lib_init_lc_numeric_1               0x08000163   Thumb Code     0  libinit2.o(.ARM.Collect$$libinit$$00000017)
    __rt_lib_init_lc_time_1                  0x08000163   Thumb Code     0  libinit2.o(.ARM.Collect$$libinit$$00000019)
    __rt_lib_init_preinit_1                  0x08000163   Thumb Code     0  libinit2.o(.ARM.Collect$$libinit$$00000004)
    __rt_lib_init_rand_1                     0x08000163   Thumb Code     0  libinit2.o(.ARM.Collect$$libinit$$0000000E)
    __rt_lib_init_return                     0x08000163   Thumb Code     0  libinit2.o(.ARM.Collect$$libinit$$00000033)
    __rt_lib_init_signal_1                   0x08000163   Thumb Code     0  libinit2.o(.ARM.Collect$$libinit$$0000001D)
    __rt_lib_init_stdio_1                    0x08000163   Thumb Code     0  libinit2.o(.ARM.Collect$$libinit$$00000025)
    __rt_lib_init_user_alloc_1               0x08000163   Thumb Code     0  libinit2.o(.ARM.Collect$$libinit$$0000000C)
    __rt_lib_shutdown                        0x08000165   Thumb Code     0  libshutdown.o(.ARM.Collect$$libshutdown$$00000000)
    __rt_lib_shutdown_cpp_1                  0x08000167   Thumb Code     0  libshutdown2.o(.ARM.Collect$$libshutdown$$00000004)
    __rt_lib_shutdown_fini_1                 0x08000167   Thumb Code     0  libshutdown2.o(.ARM.Collect$$libshutdown$$00000002)
    __rt_lib_shutdown_fp_trap_1              0x08000167   Thumb Code     0  libshutdown2.o(.ARM.Collect$$libshutdown$$00000009)
    __rt_lib_shutdown_heap_1                 0x08000167   Thumb Code     0  libshutdown2.o(.ARM.Collect$$libshutdown$$00000011)
    __rt_lib_shutdown_return                 0x08000167   Thumb Code     0  libshutdown2.o(.ARM.Collect$$libshutdown$$00000012)
    __rt_lib_shutdown_signal_1               0x08000167   Thumb Code     0  libshutdown2.o(.ARM.Collect$$libshutdown$$0000000C)
    __rt_lib_shutdown_stdio_1                0x08000167   Thumb Code     0  libshutdown2.o(.ARM.Collect$$libshutdown$$00000006)
    __rt_lib_shutdown_user_alloc_1           0x08000167   Thumb Code     0  libshutdown2.o(.ARM.Collect$$libshutdown$$0000000E)
    __rt_entry                               0x08000169   Thumb Code     0  __rtentry.o(.ARM.Collect$$rtentry$$00000000)
    __rt_entry_presh_1                       0x08000169   Thumb Code     0  __rtentry2.o(.ARM.Collect$$rtentry$$00000002)
    __rt_entry_sh                            0x08000169   Thumb Code     0  __rtentry4.o(.ARM.Collect$$rtentry$$00000004)
    __rt_entry_li                            0x0800016f   Thumb Code     0  __rtentry2.o(.ARM.Collect$$rtentry$$0000000A)
    __rt_entry_postsh_1                      0x0800016f   Thumb Code     0  __rtentry2.o(.ARM.Collect$$rtentry$$00000009)
    __rt_entry_main                          0x08000173   Thumb Code     0  __rtentry2.o(.ARM.Collect$$rtentry$$0000000D)
    __rt_entry_postli_1                      0x08000173   Thumb Code     0  __rtentry2.o(.ARM.Collect$$rtentry$$0000000C)
    __rt_exit                                0x0800017b   Thumb Code     0  rtexit.o(.ARM.Collect$$rtexit$$00000000)
    __rt_exit_ls                             0x0800017d   Thumb Code     0  rtexit2.o(.ARM.Collect$$rtexit$$00000003)
    __rt_exit_prels_1                        0x0800017d   Thumb Code     0  rtexit2.o(.ARM.Collect$$rtexit$$00000002)
    __rt_exit_exit                           0x08000181   Thumb Code     0  rtexit2.o(.ARM.Collect$$rtexit$$00000004)
    Reset_Handler                            0x08000189   Thumb Code     8  startup_stm32f10x_md.o(.text)
    NMI_Handler                              0x08000191   Thumb Code     2  startup_stm32f10x_md.o(.text)
    HardFault_Handler                        0x08000193   Thumb Code     2  startup_stm32f10x_md.o(.text)
    MemManage_Handler                        0x08000195   Thumb Code     2  startup_stm32f10x_md.o(.text)
    BusFault_Handler                         0x08000197   Thumb Code     2  startup_stm32f10x_md.o(.text)
    UsageFault_Handler                       0x08000199   Thumb Code     2  startup_stm32f10x_md.o(.text)
    SVC_Handler                              0x0800019b   Thumb Code     2  startup_stm32f10x_md.o(.text)
    DebugMon_Handler                         0x0800019d   Thumb Code     2  startup_stm32f10x_md.o(.text)
    PendSV_Handler                           0x0800019f   Thumb Code     2  startup_stm32f10x_md.o(.text)
    ADC1_2_IRQHandler                        0x080001a3   Thumb Code     0  startup_stm32f10x_md.o(.text)
    CAN1_RX1_IRQHandler                      0x080001a3   Thumb Code     0  startup_stm32f10x_md.o(.text)
    CAN1_SCE_IRQHandler                      0x080001a3   Thumb Code     0  startup_stm32f10x_md.o(.text)
    DMA1_Channel1_IRQHandler                 0x080001a3   Thumb Code     0  startup_stm32f10x_md.o(.text)
    DMA1_Channel2_IRQHandler                 0x080001a3   Thumb Code     0  startup_stm32f10x_md.o(.text)
    DMA1_Channel3_IRQHandler                 0x080001a3   Thumb Code     0  startup_stm32f10x_md.o(.text)
    DMA1_Channel4_IRQHandler                 0x080001a3   Thumb Code     0  startup_stm32f10x_md.o(.text)
    DMA1_Channel5_IRQHandler                 0x080001a3   Thumb Code     0  startup_stm32f10x_md.o(.text)
    DMA1_Channel6_IRQHandler                 0x080001a3   Thumb Code     0  startup_stm32f10x_md.o(.text)
    DMA1_Channel7_IRQHandler                 0x080001a3   Thumb Code     0  startup_stm32f10x_md.o(.text)
    EXTI0_IRQHandler                         0x080001a3   Thumb Code     0  startup_stm32f10x_md.o(.text)
    EXTI15_10_IRQHandler                     0x080001a3   Thumb Code     0  startup_stm32f10x_md.o(.text)
    EXTI1_IRQHandler                         0x080001a3   Thumb Code     0  startup_stm32f10x_md.o(.text)
    EXTI2_IRQHandler                         0x080001a3   Thumb Code     0  startup_stm32f10x_md.o(.text)
    EXTI3_IRQHandler                         0x080001a3   Thumb Code     0  startup_stm32f10x_md.o(.text)
    EXTI4_IRQHandler                         0x080001a3   Thumb Code     0  startup_stm32f10x_md.o(.text)
    EXTI9_5_IRQHandler                       0x080001a3   Thumb Code     0  startup_stm32f10x_md.o(.text)
    FLASH_IRQHandler                         0x080001a3   Thumb Code     0  startup_stm32f10x_md.o(.text)
    I2C1_ER_IRQHandler                       0x080001a3   Thumb Code     0  startup_stm32f10x_md.o(.text)
    I2C1_EV_IRQHandler                       0x080001a3   Thumb Code     0  startup_stm32f10x_md.o(.text)
    I2C2_ER_IRQHandler                       0x080001a3   Thumb Code     0  startup_stm32f10x_md.o(.text)
    I2C2_EV_IRQHandler                       0x080001a3   Thumb Code     0  startup_stm32f10x_md.o(.text)
    PVD_IRQHandler                           0x080001a3   Thumb Code     0  startup_stm32f10x_md.o(.text)
    RCC_IRQHandler                           0x080001a3   Thumb Code     0  startup_stm32f10x_md.o(.text)
    RTCAlarm_IRQHandler                      0x080001a3   Thumb Code     0  startup_stm32f10x_md.o(.text)
    RTC_IRQHandler                           0x080001a3   Thumb Code     0  startup_stm32f10x_md.o(.text)
    SPI1_IRQHandler                          0x080001a3   Thumb Code     0  startup_stm32f10x_md.o(.text)
    SPI2_IRQHandler                          0x080001a3   Thumb Code     0  startup_stm32f10x_md.o(.text)
    TAMPER_IRQHandler                        0x080001a3   Thumb Code     0  startup_stm32f10x_md.o(.text)
    TIM1_BRK_IRQHandler                      0x080001a3   Thumb Code     0  startup_stm32f10x_md.o(.text)
    TIM1_CC_IRQHandler                       0x080001a3   Thumb Code     0  startup_stm32f10x_md.o(.text)
    TIM1_TRG_COM_IRQHandler                  0x080001a3   Thumb Code     0  startup_stm32f10x_md.o(.text)
    TIM1_UP_IRQHandler                       0x080001a3   Thumb Code     0  startup_stm32f10x_md.o(.text)
    TIM2_IRQHandler                          0x080001a3   Thumb Code     0  startup_stm32f10x_md.o(.text)
    TIM3_IRQHandler                          0x080001a3   Thumb Code     0  startup_stm32f10x_md.o(.text)
    TIM4_IRQHandler                          0x080001a3   Thumb Code     0  startup_stm32f10x_md.o(.text)
    USART1_IRQHandler                        0x080001a3   Thumb Code     0  startup_stm32f10x_md.o(.text)
    USART2_IRQHandler                        0x080001a3   Thumb Code     0  startup_stm32f10x_md.o(.text)
    USART3_IRQHandler                        0x080001a3   Thumb Code     0  startup_stm32f10x_md.o(.text)
    USBWakeUp_IRQHandler                     0x080001a3   Thumb Code     0  startup_stm32f10x_md.o(.text)
    USB_HP_CAN1_TX_IRQHandler                0x080001a3   Thumb Code     0  startup_stm32f10x_md.o(.text)
    USB_LP_CAN1_RX0_IRQHandler               0x080001a3   Thumb Code     0  startup_stm32f10x_md.o(.text)
    WWDG_IRQHandler                          0x080001a3   Thumb Code     0  startup_stm32f10x_md.o(.text)
    __user_initial_stackheap                 0x080001a5   Thumb Code     0  startup_stm32f10x_md.o(.text)
    __aeabi_memclr                           0x080001c9   Thumb Code     0  rt_memclr.o(.text)
    __rt_memclr                              0x080001c9   Thumb Code    68  rt_memclr.o(.text)
    _memset                                  0x080001cd   Thumb Code     0  rt_memclr.o(.text)
    __aeabi_memclr4                          0x0800020d   Thumb Code     0  rt_memclr_w.o(.text)
    __aeabi_memclr8                          0x0800020d   Thumb Code     0  rt_memclr_w.o(.text)
    __rt_memclr_w                            0x0800020d   Thumb Code    78  rt_memclr_w.o(.text)
    _memset_w                                0x08000211   Thumb Code     0  rt_memclr_w.o(.text)
    __use_two_region_memory                  0x0800025b   Thumb Code     2  heapauxi.o(.text)
    __rt_heap_escrow$2region                 0x0800025d   Thumb Code     2  heapauxi.o(.text)
    __rt_heap_expand$2region                 0x0800025f   Thumb Code     2  heapauxi.o(.text)
    __user_setup_stackheap                   0x08000261   Thumb Code    74  sys_stackheap_outer.o(.text)
    exit                                     0x080002ab   Thumb Code    18  exit.o(.text)
    __user_libspace                          0x080002bd   Thumb Code     8  libspace.o(.text)
    __user_perproc_libspace                  0x080002bd   Thumb Code     0  libspace.o(.text)
    __user_perthread_libspace                0x080002bd   Thumb Code     0  libspace.o(.text)
    _sys_exit                                0x080002c5   Thumb Code     8  sys_exit.o(.text)
    __I$use$semihosting                      0x080002d1   Thumb Code     0  use_no_semi.o(.text)
    __use_no_semihosting_swi                 0x080002d1   Thumb Code     2  use_no_semi.o(.text)
    __semihosting_library_function           0x080002d3   Thumb Code     0  indicate_semi.o(.text)
    BT_Init                                  0x080002d5   Thumb Code    48  bluetooth.o(i.BT_Init)
    BT_Receive                               0x0800030d   Thumb Code    30  bluetooth.o(i.BT_Receive)
    BT_RxBufferInit                          0x08000335   Thumb Code    24  bluetooth.o(i.BT_RxBufferInit)
    BT_Transmit                              0x08000355   Thumb Code    14  bluetooth.o(i.BT_Transmit)
    Button_Init                              0x08000369   Thumb Code    20  button.o(i.Button_Init)
    Button_IsPressedOnce                     0x08000381   Thumb Code    72  button.o(i.Button_IsPressedOnce)
    Clock_HSI_8MHz_Init                      0x080003d1   Thumb Code    68  clock.o(i.Clock_HSI_8MHz_Init)
    DMA_RxBufferFull                         0x08000435   Thumb Code    44  dma.o(i.DMA_RxBufferFull)
    DMA_USART_Rx_Init                        0x08000461   Thumb Code    26  dma.o(i.DMA_USART_Rx_Init)
    GPIO_InputInit                           0x0800047b   Thumb Code    32  gpio.o(i.GPIO_InputInit)
    GPIO_InputRead                           0x0800049b   Thumb Code    18  gpio.o(i.GPIO_InputRead)
    GPIO_OutputInit                          0x080004ad   Thumb Code    34  gpio.o(i.GPIO_OutputInit)
    GPIO_OutputWrite                         0x080004cf   Thumb Code    16  gpio.o(i.GPIO_OutputWrite)
    GPIO_Reset                               0x080004e1   Thumb Code    74  gpio.o(i.GPIO_Reset)
    I2C_Init                                 0x08000541   Thumb Code    38  i2c.o(i.I2C_Init)
    I2C_WriteByte                            0x08000567   Thumb Code   114  i2c.o(i.I2C_WriteByte)
    I2C_WriteMultiByte                       0x080005d9   Thumb Code   130  i2c.o(i.I2C_WriteMultiByte)
    Keypad_GetChar                           0x080006b1   Thumb Code   102  keypad.o(i.Keypad_GetChar)
    Keypad_Init                              0x08000721   Thumb Code    46  keypad.o(i.Keypad_Init)
    OLED_ClearScreen                         0x0800075d   Thumb Code    14  oled.o(i.OLED_ClearScreen)
    OLED_DrawPixel                           0x08000771   Thumb Code   150  oled.o(i.OLED_DrawPixel)
    OLED_Init                                0x0800082d   Thumb Code   198  oled.o(i.OLED_Init)
    OLED_SetCursor                           0x080008fd   Thumb Code    10  oled.o(i.OLED_SetCursor)
    OLED_UpdateScreen                        0x08000911   Thumb Code    52  oled.o(i.OLED_UpdateScreen)
    OLED_WriteChar                           0x08000949   Thumb Code   162  oled.o(i.OLED_WriteChar)
    OLED_WriteString                         0x08000a2d   Thumb Code    38  oled.o(i.OLED_WriteString)
    OutputDev_Init                           0x08000a55   Thumb Code    42  output_device.o(i.OutputDev_Init)
    OutputDev_Write                          0x08000a85   Thumb Code    38  output_device.o(i.OutputDev_Write)
    SD_DiskInit                              0x08000abd   Thumb Code   364  sd_card.o(i.SD_DiskInit)
    SD_DiskIoctl                             0x08000c31   Thumb Code   414  sd_card.o(i.SD_DiskIoctl)
    SD_DiskRead                              0x08000dd5   Thumb Code   144  sd_card.o(i.SD_DiskRead)
    SD_DiskStatus                            0x08000e6d   Thumb Code    14  sd_card.o(i.SD_DiskStatus)
    SD_DiskWrite                             0x08000e81   Thumb Code   186  sd_card.o(i.SD_DiskWrite)
    SD_Init                                  0x08000f45   Thumb Code    56  sd_card.o(i.SD_Init)
    SPI_ChipDeselect                         0x08001171   Thumb Code    12  spi.o(i.SPI_ChipDeselect)
    SPI_ChipSelect                           0x0800117d   Thumb Code    12  spi.o(i.SPI_ChipSelect)
    SPI_Init                                 0x08001189   Thumb Code     8  spi.o(i.SPI_Init)
    SPI_Transceive                           0x080011b9   Thumb Code    34  spi.o(i.SPI_Transceive)
    SPI_WriteByte                            0x08001205   Thumb Code    18  spi.o(i.SPI_WriteByte)
    SPI_WriteBytes                           0x08001217   Thumb Code    34  spi.o(i.SPI_WriteBytes)
    SysTick_DelayMs                          0x0800139d   Thumb Code    18  systick.o(i.SysTick_DelayMs)
    SysTick_GetTick                          0x080013b5   Thumb Code     6  systick.o(i.SysTick_GetTick)
    SysTick_Handler                          0x080013c1   Thumb Code    12  systick.o(i.SysTick_Handler)
    SysTick_Init                             0x080013d1   Thumb Code    26  systick.o(i.SysTick_Init)
    SystemInit                               0x080013ed   Thumb Code    78  system_stm32f10x.o(i.SystemInit)
    System_Config                            0x0800144d   Thumb Code    44  system.o(i.System_Config)
    System_DelayMs                           0x08001481   Thumb Code    12  system.o(i.System_DelayMs)
    System_TimerDoneCounting                 0x0800148d   Thumb Code    48  system.o(i.System_TimerDoneCounting)
    USART_Init                               0x080014bd   Thumb Code    78  uart.o(i.USART_Init)
    USART_RxIdleLineDetected                 0x0800150b   Thumb Code    28  uart.o(i.USART_RxIdleLineDetected)
    USART_WriteChars                         0x08001527   Thumb Code    32  uart.o(i.USART_WriteChars)
    disk_initialize                          0x08001f17   Thumb Code    12  diskio.o(i.disk_initialize)
    disk_ioctl                               0x08001f23   Thumb Code    20  diskio.o(i.disk_ioctl)
    disk_read                                0x08001f37   Thumb Code    28  diskio.o(i.disk_read)
    disk_status                              0x08001f53   Thumb Code    12  diskio.o(i.disk_status)
    disk_write                               0x08001f5f   Thumb Code    28  diskio.o(i.disk_write)
    f_close                                  0x08001fa5   Thumb Code    44  ff.o(i.f_close)
    f_gets                                   0x08001fd1   Thumb Code    86  ff.o(i.f_gets)
    f_mount                                  0x08002029   Thumb Code    92  ff.o(i.f_mount)
    f_open                                   0x08002089   Thumb Code   578  ff.o(i.f_open)
    f_read                                   0x080022cb   Thumb Code   478  ff.o(i.f_read)
    f_sync                                   0x080024a9   Thumb Code   160  ff.o(i.f_sync)
    ff_convert                               0x08002549   Thumb Code    70  ccsbcs.o(i.ff_convert)
    ff_wtoupper                              0x08002595   Thumb Code   156  ccsbcs.o(i.ff_wtoupper)
    get_fattime                              0x08002c23   Thumb Code     4  diskio.o(i.get_fattime)
    main                                     0x08002d79   Thumb Code   324  main.o(i.main)
    keypadMatrix                             0x08003856   Data          16  keypad.o(.constdata)
    Font_7x10                                0x08003866   Data        1900  oled.o(.constdata)
    Region$$Table$$Base                      0x08003fd4   Number         0  anon$$obj.o(Region$$Table)
    Region$$Table$$Limit                     0x08003ff4   Number         0  anon$$obj.o(Region$$Table)
    fresult                                  0x20000000   Data           4  main.o(.data)
    indoor                                   0x20000004   Data           1  main.o(.data)
    outdoor                                  0x20000005   Data           1  main.o(.data)
    fs                                       0x20000030   Data        4152  main.o(.bss)
    fil                                      0x20001068   Data        4144  main.o(.bss)
    buffer                                   0x20002098   Data        1024  main.o(.bss)
    __libspace_start                         0x20002ae8   Data          96  libspace.o(.bss)
    __temporary_stack_top$libspace           0x20002b48   Data           0  libspace.o(.bss)



==============================================================================

Memory Map of the image

  Image Entry point : 0x080000ed

  Load Region LR_IROM1 (Base: 0x08000000, Size: 0x00004010, Max: 0x00010000, ABSOLUTE)

    Execution Region ER_IROM1 (Exec base: 0x08000000, Load base: 0x08000000, Size: 0x00003ff4, Max: 0x00010000, ABSOLUTE)

    Exec Addr    Load Addr    Size         Type   Attr      Idx    E Section Name        Object

    0x08000000   0x08000000   0x000000ec   Data   RO         1522    RESET               startup_stm32f10x_md.o
    0x080000ec   0x080000ec   0x00000008   Code   RO         1587  * !!!main             c_w.l(__main.o)
    0x080000f4   0x080000f4   0x00000034   Code   RO         1746    !!!scatter          c_w.l(__scatter.o)
    0x08000128   0x08000128   0x0000001a   Code   RO         1748    !!handler_copy      c_w.l(__scatter_copy.o)
    0x08000142   0x08000142   0x00000002   PAD
    0x08000144   0x08000144   0x0000001c   Code   RO         1750    !!handler_zi        c_w.l(__scatter_zi.o)
    0x08000160   0x08000160   0x00000002   Code   RO         1614    .ARM.Collect$$libinit$$00000000  c_w.l(libinit.o)
    0x08000162   0x08000162   0x00000000   Code   RO         1621    .ARM.Collect$$libinit$$00000002  c_w.l(libinit2.o)
    0x08000162   0x08000162   0x00000000   Code   RO         1623    .ARM.Collect$$libinit$$00000004  c_w.l(libinit2.o)
    0x08000162   0x08000162   0x00000000   Code   RO         1626    .ARM.Collect$$libinit$$0000000A  c_w.l(libinit2.o)
    0x08000162   0x08000162   0x00000000   Code   RO         1628    .ARM.Collect$$libinit$$0000000C  c_w.l(libinit2.o)
    0x08000162   0x08000162   0x00000000   Code   RO         1630    .ARM.Collect$$libinit$$0000000E  c_w.l(libinit2.o)
    0x08000162   0x08000162   0x00000000   Code   RO         1633    .ARM.Collect$$libinit$$00000011  c_w.l(libinit2.o)
    0x08000162   0x08000162   0x00000000   Code   RO         1635    .ARM.Collect$$libinit$$00000013  c_w.l(libinit2.o)
    0x08000162   0x08000162   0x00000000   Code   RO         1637    .ARM.Collect$$libinit$$00000015  c_w.l(libinit2.o)
    0x08000162   0x08000162   0x00000000   Code   RO         1639    .ARM.Collect$$libinit$$00000017  c_w.l(libinit2.o)
    0x08000162   0x08000162   0x00000000   Code   RO         1641    .ARM.Collect$$libinit$$00000019  c_w.l(libinit2.o)
    0x08000162   0x08000162   0x00000000   Code   RO         1643    .ARM.Collect$$libinit$$0000001B  c_w.l(libinit2.o)
    0x08000162   0x08000162   0x00000000   Code   RO         1645    .ARM.Collect$$libinit$$0000001D  c_w.l(libinit2.o)
    0x08000162   0x08000162   0x00000000   Code   RO         1647    .ARM.Collect$$libinit$$0000001F  c_w.l(libinit2.o)
    0x08000162   0x08000162   0x00000000   Code   RO         1649    .ARM.Collect$$libinit$$00000021  c_w.l(libinit2.o)
    0x08000162   0x08000162   0x00000000   Code   RO         1651    .ARM.Collect$$libinit$$00000023  c_w.l(libinit2.o)
    0x08000162   0x08000162   0x00000000   Code   RO         1653    .ARM.Collect$$libinit$$00000025  c_w.l(libinit2.o)
    0x08000162   0x08000162   0x00000000   Code   RO         1657    .ARM.Collect$$libinit$$0000002C  c_w.l(libinit2.o)
    0x08000162   0x08000162   0x00000000   Code   RO         1659    .ARM.Collect$$libinit$$0000002E  c_w.l(libinit2.o)
    0x08000162   0x08000162   0x00000000   Code   RO         1661    .ARM.Collect$$libinit$$00000030  c_w.l(libinit2.o)
    0x08000162   0x08000162   0x00000000   Code   RO         1663    .ARM.Collect$$libinit$$00000032  c_w.l(libinit2.o)
    0x08000162   0x08000162   0x00000002   Code   RO         1664    .ARM.Collect$$libinit$$00000033  c_w.l(libinit2.o)
    0x08000164   0x08000164   0x00000002   Code   RO         1684    .ARM.Collect$$libshutdown$$00000000  c_w.l(libshutdown.o)
    0x08000166   0x08000166   0x00000000   Code   RO         1697    .ARM.Collect$$libshutdown$$00000002  c_w.l(libshutdown2.o)
    0x08000166   0x08000166   0x00000000   Code   RO         1699    .ARM.Collect$$libshutdown$$00000004  c_w.l(libshutdown2.o)
    0x08000166   0x08000166   0x00000000   Code   RO         1701    .ARM.Collect$$libshutdown$$00000006  c_w.l(libshutdown2.o)
    0x08000166   0x08000166   0x00000000   Code   RO         1704    .ARM.Collect$$libshutdown$$00000009  c_w.l(libshutdown2.o)
    0x08000166   0x08000166   0x00000000   Code   RO         1707    .ARM.Collect$$libshutdown$$0000000C  c_w.l(libshutdown2.o)
    0x08000166   0x08000166   0x00000000   Code   RO         1709    .ARM.Collect$$libshutdown$$0000000E  c_w.l(libshutdown2.o)
    0x08000166   0x08000166   0x00000000   Code   RO         1712    .ARM.Collect$$libshutdown$$00000011  c_w.l(libshutdown2.o)
    0x08000166   0x08000166   0x00000002   Code   RO         1713    .ARM.Collect$$libshutdown$$00000012  c_w.l(libshutdown2.o)
    0x08000168   0x08000168   0x00000000   Code   RO         1589    .ARM.Collect$$rtentry$$00000000  c_w.l(__rtentry.o)
    0x08000168   0x08000168   0x00000000   Code   RO         1591    .ARM.Collect$$rtentry$$00000002  c_w.l(__rtentry2.o)
    0x08000168   0x08000168   0x00000006   Code   RO         1603    .ARM.Collect$$rtentry$$00000004  c_w.l(__rtentry4.o)
    0x0800016e   0x0800016e   0x00000000   Code   RO         1593    .ARM.Collect$$rtentry$$00000009  c_w.l(__rtentry2.o)
    0x0800016e   0x0800016e   0x00000004   Code   RO         1594    .ARM.Collect$$rtentry$$0000000A  c_w.l(__rtentry2.o)
    0x08000172   0x08000172   0x00000000   Code   RO         1596    .ARM.Collect$$rtentry$$0000000C  c_w.l(__rtentry2.o)
    0x08000172   0x08000172   0x00000008   Code   RO         1597    .ARM.Collect$$rtentry$$0000000D  c_w.l(__rtentry2.o)
    0x0800017a   0x0800017a   0x00000002   Code   RO         1618    .ARM.Collect$$rtexit$$00000000  c_w.l(rtexit.o)
    0x0800017c   0x0800017c   0x00000000   Code   RO         1666    .ARM.Collect$$rtexit$$00000002  c_w.l(rtexit2.o)
    0x0800017c   0x0800017c   0x00000004   Code   RO         1667    .ARM.Collect$$rtexit$$00000003  c_w.l(rtexit2.o)
    0x08000180   0x08000180   0x00000006   Code   RO         1668    .ARM.Collect$$rtexit$$00000004  c_w.l(rtexit2.o)
    0x08000186   0x08000186   0x00000002   PAD
    0x08000188   0x08000188   0x00000040   Code   RO         1523    .text               startup_stm32f10x_md.o
    0x080001c8   0x080001c8   0x00000044   Code   RO         1581    .text               c_w.l(rt_memclr.o)
    0x0800020c   0x0800020c   0x0000004e   Code   RO         1583    .text               c_w.l(rt_memclr_w.o)
    0x0800025a   0x0800025a   0x00000006   Code   RO         1585    .text               c_w.l(heapauxi.o)
    0x08000260   0x08000260   0x0000004a   Code   RO         1605    .text               c_w.l(sys_stackheap_outer.o)
    0x080002aa   0x080002aa   0x00000012   Code   RO         1607    .text               c_w.l(exit.o)
    0x080002bc   0x080002bc   0x00000008   Code   RO         1615    .text               c_w.l(libspace.o)
    0x080002c4   0x080002c4   0x0000000c   Code   RO         1676    .text               c_w.l(sys_exit.o)
    0x080002d0   0x080002d0   0x00000002   Code   RO         1687    .text               c_w.l(use_no_semi.o)
    0x080002d2   0x080002d2   0x00000000   Code   RO         1689    .text               c_w.l(indicate_semi.o)
    0x080002d2   0x080002d2   0x00000002   PAD
    0x080002d4   0x080002d4   0x00000038   Code   RO         1119    i.BT_Init           bluetooth.o
    0x0800030c   0x0800030c   0x00000028   Code   RO         1120    i.BT_Receive        bluetooth.o
    0x08000334   0x08000334   0x00000020   Code   RO         1121    i.BT_RxBufferInit   bluetooth.o
    0x08000354   0x08000354   0x00000014   Code   RO         1122    i.BT_Transmit       bluetooth.o
    0x08000368   0x08000368   0x00000018   Code   RO          973    i.Button_Init       button.o
    0x08000380   0x08000380   0x00000050   Code   RO          974    i.Button_IsPressedOnce  button.o
    0x080003d0   0x080003d0   0x0000004c   Code   RO         1191    i.Clock_HSI_8MHz_Init  clock.o
    0x0800041c   0x0800041c   0x00000018   Code   RO          537    i.DESELECT          sd_card.o
    0x08000434   0x08000434   0x0000002c   Code   RO         1367    i.DMA_RxBufferFull  dma.o
    0x08000460   0x08000460   0x0000001a   Code   RO         1369    i.DMA_USART_Rx_Init  dma.o
    0x0800047a   0x0800047a   0x00000020   Code   RO         1215    i.GPIO_InputInit    gpio.o
    0x0800049a   0x0800049a   0x00000012   Code   RO         1216    i.GPIO_InputRead    gpio.o
    0x080004ac   0x080004ac   0x00000022   Code   RO         1217    i.GPIO_OutputInit   gpio.o
    0x080004ce   0x080004ce   0x00000010   Code   RO         1219    i.GPIO_OutputWrite  gpio.o
    0x080004de   0x080004de   0x00000002   PAD
    0x080004e0   0x080004e0   0x00000060   Code   RO         1220    i.GPIO_Reset        gpio.o
    0x08000540   0x08000540   0x00000026   Code   RO         1403    i.I2C_Init          i2c.o
    0x08000566   0x08000566   0x00000072   Code   RO         1408    i.I2C_WriteByte     i2c.o
    0x080005d8   0x080005d8   0x00000082   Code   RO         1409    i.I2C_WriteMultiByte  i2c.o
    0x0800065a   0x0800065a   0x00000002   PAD
    0x0800065c   0x0800065c   0x00000054   Code   RO          929    i.IsDebounced       keypad.o
    0x080006b0   0x080006b0   0x00000070   Code   RO          930    i.Keypad_GetChar    keypad.o
    0x08000720   0x08000720   0x0000003c   Code   RO          931    i.Keypad_Init       keypad.o
    0x0800075c   0x0800075c   0x00000014   Code   RO         1039    i.OLED_ClearScreen  oled.o
    0x08000770   0x08000770   0x0000009c   Code   RO         1040    i.OLED_DrawPixel    oled.o
    0x0800080c   0x0800080c   0x00000020   Code   RO         1041    i.OLED_Fill         oled.o
    0x0800082c   0x0800082c   0x000000d0   Code   RO         1042    i.OLED_Init         oled.o
    0x080008fc   0x080008fc   0x00000014   Code   RO         1043    i.OLED_SetCursor    oled.o
    0x08000910   0x08000910   0x00000038   Code   RO         1044    i.OLED_UpdateScreen  oled.o
    0x08000948   0x08000948   0x000000b0   Code   RO         1045    i.OLED_WriteChar    oled.o
    0x080009f8   0x080009f8   0x00000018   Code   RO         1046    i.OLED_WriteCommand  oled.o
    0x08000a10   0x08000a10   0x0000001c   Code   RO         1047    i.OLED_WriteData    oled.o
    0x08000a2c   0x08000a2c   0x00000026   Code   RO         1048    i.OLED_WriteString  oled.o
    0x08000a52   0x08000a52   0x00000002   PAD
    0x08000a54   0x08000a54   0x00000030   Code   RO         1161    i.OutputDev_Init    output_device.o
    0x08000a84   0x08000a84   0x0000002c   Code   RO         1162    i.OutputDev_Write   output_device.o
    0x08000ab0   0x08000ab0   0x0000000c   Code   RO          538    i.SD_CheckPower     sd_card.o
    0x08000abc   0x08000abc   0x00000174   Code   RO          539    i.SD_DiskInit       sd_card.o
    0x08000c30   0x08000c30   0x000001a4   Code   RO          540    i.SD_DiskIoctl      sd_card.o
    0x08000dd4   0x08000dd4   0x00000098   Code   RO          541    i.SD_DiskRead       sd_card.o
    0x08000e6c   0x08000e6c   0x00000014   Code   RO          542    i.SD_DiskStatus     sd_card.o
    0x08000e80   0x08000e80   0x000000c4   Code   RO          543    i.SD_DiskWrite      sd_card.o
    0x08000f44   0x08000f44   0x00000044   Code   RO          544    i.SD_Init           sd_card.o
    0x08000f88   0x08000f88   0x0000000c   Code   RO          545    i.SD_PowerOff       sd_card.o
    0x08000f94   0x08000f94   0x0000006c   Code   RO          546    i.SD_PowerOn        sd_card.o
    0x08001000   0x08001000   0x00000028   Code   RO          547    i.SD_ReadyWait      sd_card.o
    0x08001028   0x08001028   0x0000004c   Code   RO          548    i.SD_RxDataBlock    sd_card.o
    0x08001074   0x08001074   0x0000007a   Code   RO          549    i.SD_SendCmd        sd_card.o
    0x080010ee   0x080010ee   0x0000006a   Code   RO          550    i.SD_TxDataBlock    sd_card.o
    0x08001158   0x08001158   0x00000018   Code   RO          551    i.SELECT            sd_card.o
    0x08001170   0x08001170   0x0000000c   Code   RO         1463    i.SPI_ChipDeselect  spi.o
    0x0800117c   0x0800117c   0x0000000c   Code   RO         1464    i.SPI_ChipSelect    spi.o
    0x08001188   0x08001188   0x00000008   Code   RO         1465    i.SPI_Init          spi.o
    0x08001190   0x08001190   0x0000001c   Code   RO          552    i.SPI_RxByte        sd_card.o
    0x080011ac   0x080011ac   0x0000000c   Code   RO          553    i.SPI_RxBytePtr     sd_card.o
    0x080011b8   0x080011b8   0x00000022   Code   RO         1467    i.SPI_Transceive    spi.o
    0x080011da   0x080011da   0x00000002   PAD
    0x080011dc   0x080011dc   0x00000018   Code   RO          554    i.SPI_TxBuffer      sd_card.o
    0x080011f4   0x080011f4   0x00000010   Code   RO          555    i.SPI_TxByte        sd_card.o
    0x08001204   0x08001204   0x00000012   Code   RO         1468    i.SPI_WriteByte     spi.o
    0x08001216   0x08001216   0x00000022   Code   RO         1469    i.SPI_WriteBytes    spi.o
    0x08001238   0x08001238   0x0000007c   Code   RO          932    i.SelectRow         keypad.o
    0x080012b4   0x080012b4   0x00000008   Code   RO         1530    i.SetSysClock       system_stm32f10x.o
    0x080012bc   0x080012bc   0x000000e0   Code   RO         1531    i.SetSysClockTo72   system_stm32f10x.o
    0x0800139c   0x0800139c   0x00000018   Code   RO         1323    i.SysTick_DelayMs   systick.o
    0x080013b4   0x080013b4   0x0000000c   Code   RO         1324    i.SysTick_GetTick   systick.o
    0x080013c0   0x080013c0   0x00000010   Code   RO         1325    i.SysTick_Handler   systick.o
    0x080013d0   0x080013d0   0x0000001a   Code   RO         1326    i.SysTick_Init      systick.o
    0x080013ea   0x080013ea   0x00000002   PAD
    0x080013ec   0x080013ec   0x00000060   Code   RO         1533    i.SystemInit        system_stm32f10x.o
    0x0800144c   0x0800144c   0x00000034   Code   RO          667    i.System_Config     system.o
    0x08001480   0x08001480   0x0000000c   Code   RO          668    i.System_DelayMs    system.o
    0x0800148c   0x0800148c   0x00000030   Code   RO          670    i.System_TimerDoneCounting  system.o
    0x080014bc   0x080014bc   0x0000004e   Code   RO         1269    i.USART_Init        uart.o
    0x0800150a   0x0800150a   0x0000001c   Code   RO         1271    i.USART_RxIdleLineDetected  uart.o
    0x08001526   0x08001526   0x00000020   Code   RO         1274    i.USART_WriteChars  uart.o
    0x08001546   0x08001546   0x00000002   PAD
    0x08001548   0x08001548   0x0000007c   Code   RO          165    i.check_fs          ff.o
    0x080015c4   0x080015c4   0x00000014   Code   RO          166    i.chk_chr           ff.o
    0x080015d8   0x080015d8   0x0000007c   Code   RO          167    i.chk_lock          ff.o
    0x08001654   0x08001654   0x00000028   Code   RO          168    i.clear_lock        ff.o
    0x0800167c   0x0800167c   0x00000036   Code   RO          169    i.clmt_clust        ff.o
    0x080016b2   0x080016b2   0x0000001a   Code   RO          170    i.clust2sect        ff.o
    0x080016cc   0x080016cc   0x00000098   Code   RO          171    i.cmp_lfn           ff.o
    0x08001764   0x08001764   0x000000de   Code   RO          172    i.create_chain      ff.o
    0x08001842   0x08001842   0x00000002   PAD
    0x08001844   0x08001844   0x00000230   Code   RO          173    i.create_name       ff.o
    0x08001a74   0x08001a74   0x00000044   Code   RO          174    i.dec_lock          ff.o
    0x08001ab8   0x08001ab8   0x00000060   Code   RO          175    i.dir_alloc         ff.o
    0x08001b18   0x08001b18   0x000000fc   Code   RO          176    i.dir_find          ff.o
    0x08001c14   0x08001c14   0x0000011a   Code   RO          177    i.dir_next          ff.o
    0x08001d2e   0x08001d2e   0x00000142   Code   RO          179    i.dir_register      ff.o
    0x08001e70   0x08001e70   0x000000a6   Code   RO          181    i.dir_sdi           ff.o
    0x08001f16   0x08001f16   0x0000000c   Code   RO          123    i.disk_initialize   diskio.o
    0x08001f22   0x08001f22   0x00000014   Code   RO          124    i.disk_ioctl        diskio.o
    0x08001f36   0x08001f36   0x0000001c   Code   RO          125    i.disk_read         diskio.o
    0x08001f52   0x08001f52   0x0000000c   Code   RO          126    i.disk_status       diskio.o
    0x08001f5e   0x08001f5e   0x0000001c   Code   RO          127    i.disk_write        diskio.o
    0x08001f7a   0x08001f7a   0x00000002   PAD
    0x08001f7c   0x08001f7c   0x00000028   Code   RO          182    i.enq_lock          ff.o
    0x08001fa4   0x08001fa4   0x0000002c   Code   RO          183    i.f_close           ff.o
    0x08001fd0   0x08001fd0   0x00000056   Code   RO          186    i.f_gets            ff.o
    0x08002026   0x08002026   0x00000002   PAD
    0x08002028   0x08002028   0x00000060   Code   RO          190    i.f_mount           ff.o
    0x08002088   0x08002088   0x00000242   Code   RO          191    i.f_open            ff.o
    0x080022ca   0x080022ca   0x000001de   Code   RO          196    i.f_read            ff.o
    0x080024a8   0x080024a8   0x000000a0   Code   RO          200    i.f_sync            ff.o
    0x08002548   0x08002548   0x0000004c   Code   RO          100    i.ff_convert        ccsbcs.o
    0x08002594   0x08002594   0x000000a4   Code   RO          101    i.ff_wtoupper       ccsbcs.o
    0x08002638   0x08002638   0x00000354   Code   RO          204    i.find_volume       ff.o
    0x0800298c   0x0800298c   0x000000ae   Code   RO          205    i.follow_path       ff.o
    0x08002a3a   0x08002a3a   0x00000002   PAD
    0x08002a3c   0x08002a3c   0x000000b4   Code   RO          206    i.gen_numname       ff.o
    0x08002af0   0x08002af0   0x00000132   Code   RO          207    i.get_fat           ff.o
    0x08002c22   0x08002c22   0x00000004   Code   RO          128    i.get_fattime       diskio.o
    0x08002c26   0x08002c26   0x00000048   Code   RO          209    i.get_ldnumber      ff.o
    0x08002c6e   0x08002c6e   0x00000002   PAD
    0x08002c70   0x08002c70   0x000000bc   Code   RO          210    i.inc_lock          ff.o
    0x08002d2c   0x08002d2c   0x00000026   Code   RO          211    i.ld_clust          ff.o
    0x08002d52   0x08002d52   0x00000018   Code   RO          212    i.ld_dword          ff.o
    0x08002d6a   0x08002d6a   0x0000000c   Code   RO          213    i.ld_word           ff.o
    0x08002d76   0x08002d76   0x00000002   PAD
    0x08002d78   0x08002d78   0x000001d0   Code   RO            4    i.main              main.o
    0x08002f48   0x08002f48   0x00000024   Code   RO          214    i.mem_cmp           ff.o
    0x08002f6c   0x08002f6c   0x0000001a   Code   RO          215    i.mem_cpy           ff.o
    0x08002f86   0x08002f86   0x00000012   Code   RO          216    i.mem_set           ff.o
    0x08002f98   0x08002f98   0x00000034   Code   RO          217    i.move_window       ff.o
    0x08002fcc   0x08002fcc   0x00000190   Code   RO          219    i.put_fat           ff.o
    0x0800315c   0x0800315c   0x00000080   Code   RO          220    i.put_lfn           ff.o
    0x080031dc   0x080031dc   0x0000009a   Code   RO          224    i.remove_chain      ff.o
    0x08003276   0x08003276   0x00000024   Code   RO          225    i.st_clust          ff.o
    0x0800329a   0x0800329a   0x00000018   Code   RO          226    i.st_dword          ff.o
    0x080032b2   0x080032b2   0x0000000c   Code   RO          227    i.st_word           ff.o
    0x080032be   0x080032be   0x00000020   Code   RO          228    i.sum_sfn           ff.o
    0x080032de   0x080032de   0x00000002   PAD
    0x080032e0   0x080032e0   0x00000090   Code   RO          229    i.sync_fs           ff.o
    0x08003370   0x08003370   0x00000052   Code   RO          230    i.sync_window       ff.o
    0x080033c2   0x080033c2   0x0000003c   Code   RO          231    i.validate          ff.o
    0x080033fe   0x080033fe   0x000003ae   Data   RO          102    .constdata          ccsbcs.o
    0x080037ac   0x080037ac   0x000000aa   Data   RO          233    .constdata          ff.o
    0x08003856   0x08003856   0x00000010   Data   RO          934    .constdata          keypad.o
    0x08003866   0x08003866   0x0000076c   Data   RO         1050    .constdata          oled.o
    0x08003fd2   0x08003fd2   0x00000002   PAD
    0x08003fd4   0x08003fd4   0x00000020   Data   RO         1744    Region$$Table       anon$$obj.o


    Execution Region RW_IRAM1 (Exec base: 0x20000000, Load base: 0x08003ff4, Size: 0x00003148, Max: 0x00005000, ABSOLUTE)

    Exec Addr    Load Addr    Size         Type   Attr      Idx    E Section Name        Object

    0x20000000   0x08003ff4   0x00000006   Data   RW            6    .data               main.o
    0x20000006   0x08003ffa   0x00000002   PAD
    0x20000008   0x08003ffc   0x00000006   Data   RW          234    .data               ff.o
    0x2000000e   0x08004002   0x00000003   Data   RW          556    .data               sd_card.o
    0x20000011   0x08004005   0x00000002   Data   RW          975    .data               button.o
    0x20000013   0x08004007   0x00000001   PAD
    0x20000014   0x08004008   0x00000004   Data   RW         1051    .data               oled.o
    0x20000018   0x0800400c   0x00000004   Data   RW         1327    .data               systick.o
    0x2000001c        -       0x0000247c   Zero   RW            5    .bss                main.o
    0x20002498        -       0x00000220   Zero   RW          232    .bss                ff.o
    0x200026b8        -       0x00000010   Zero   RW          933    .bss                keypad.o
    0x200026c8        -       0x00000420   Zero   RW         1049    .bss                oled.o
    0x20002ae8        -       0x00000060   Zero   RW         1616    .bss                c_w.l(libspace.o)
    0x20002b48        -       0x00000200   Zero   RW         1521    HEAP                startup_stm32f10x_md.o
    0x20002d48        -       0x00000400   Zero   RW         1520    STACK               startup_stm32f10x_md.o


==============================================================================

Image component sizes


      Code (inc. data)   RO Data    RW Data    ZI Data      Debug   Object Name

       148         32          0          0          0       2283   bluetooth.o
       104         12          0          2          0       1569   button.o
       240         24        942          0          0       1751   ccsbcs.o
        76          8          0          0          0        426   clock.o
       104          0          0          0          0       3484   diskio.o
        70          0          0          0          0       1659   dma.o
      7040        104        170          6        544      38405   ff.o
       196         22          0          0          0       3044   gpio.o
       282          0          0          0          0       2324   i2c.o
       380         32         16          0         16       2734   keypad.o
       464        140          0          6       9340     214518   main.o
       758         66       1900          4       1056       5933   oled.o
        92         12          0          0          0        999   output_device.o
      1832         92          0          3          0      11592   sd_card.o
       118          0          0          0          0       3293   spi.o
        64         26        236          0       1536        820   startup_stm32f10x_md.o
       112          8          0          0          0       1924   system.o
       328         28          0          0          0       2005   system_stm32f10x.o
        78         16          0          4          0       2189   systick.o
       138          0          0          0          0       2087   uart.o

    ----------------------------------------------------------------------
     12650        622       3298         28      12492     303039   Object Totals
         0          0         32          0          0          0   (incl. Generated)
        26          0          2          3          0          0   (incl. Padding)

    ----------------------------------------------------------------------

      Code (inc. data)   RO Data    RW Data    ZI Data      Debug   Library Member Name

         8          0          0          0          0         68   __main.o
         0          0          0          0          0          0   __rtentry.o
        12          0          0          0          0          0   __rtentry2.o
         6          0          0          0          0          0   __rtentry4.o
        52          8          0          0          0          0   __scatter.o
        26          0          0          0          0          0   __scatter_copy.o
        28          0          0          0          0          0   __scatter_zi.o
        18          0          0          0          0         80   exit.o
         6          0          0          0          0        152   heapauxi.o
         0          0          0          0          0          0   indicate_semi.o
         2          0          0          0          0          0   libinit.o
         2          0          0          0          0          0   libinit2.o
         2          0          0          0          0          0   libshutdown.o
         2          0          0          0          0          0   libshutdown2.o
         8          4          0          0         96         68   libspace.o
        68          0          0          0          0         68   rt_memclr.o
        78          0          0          0          0         80   rt_memclr_w.o
         2          0          0          0          0          0   rtexit.o
        10          0          0          0          0          0   rtexit2.o
        12          4          0          0          0         68   sys_exit.o
        74          0          0          0          0         80   sys_stackheap_outer.o
         2          0          0          0          0         68   use_no_semi.o

    ----------------------------------------------------------------------
       424         16          0          0         96        732   Library Totals
         6          0          0          0          0          0   (incl. Padding)

    ----------------------------------------------------------------------

      Code (inc. data)   RO Data    RW Data    ZI Data      Debug   Library Name

       418         16          0          0         96        732   c_w.l

    ----------------------------------------------------------------------
       424         16          0          0         96        732   Library Totals

    ----------------------------------------------------------------------

==============================================================================


      Code (inc. data)   RO Data    RW Data    ZI Data      Debug   

     13074        638       3298         28      12588     297215   Grand Totals
     13074        638       3298         28      12588     297215   ELF Image Totals
     13074        638       3298         28          0          0   ROM Totals

==============================================================================

    Total RO  Size (Code + RO Data)                16372 (  15.99kB)
    Total RW  Size (RW Data + ZI Data)             12616 (  12.32kB)
    Total ROM Size (Code + RO Data + RW Data)      16400 (  16.02kB)

==============================================================================

