Component: ARM Compiler 5.06 update 7 (build 960) Tool: armlink [4d3601]

==============================================================================

Section Cross References

    main.o(i.main) refers to system.o(i.System_Config) for System_Config
    main.o(i.main) refers to keypad.o(i.Keypad_Init) for Keypad_Init
    main.o(i.main) refers to oled.o(i.OLED_Init) for OLED_Init
    main.o(i.main) refers to oled.o(i.OLED_ClearScreen) for OLED_ClearScreen
    main.o(i.main) refers to bluetooth.o(i.BT_Init) for BT_Init
    main.o(i.main) refers to bluetooth.o(i.BT_RxBufferInit) for BT_RxBufferInit
    main.o(i.main) refers to bluetooth.o(i.BT_Transmit) for BT_Transmit
    main.o(i.main) refers to bluetooth.o(i.BT_Receive) for BT_Receive
    main.o(i.main) refers to system.o(i.System_DelayMs) for System_DelayMs
    main.o(i.main) refers to rt_memclr.o(.text) for __aeabi_memclr
    main.o(i.main) refers to keypad.o(i.Keypad_GetChar) for Keypad_GetChar
    main.o(i.main) refers to oled.o(i.OLED_SetCursor) for OLED_SetCursor
    main.o(i.main) refers to oled.o(i.OLED_WriteString) for OLED_WriteString
    main.o(i.main) refers to oled.o(i.OLED_UpdateScreen) for OLED_UpdateScreen
    main.o(i.main) refers to main.o(.bss) for btRxBuffer
    system.o(i.System_Config) refers to clock.o(i.Clock_HSI_8MHz_Init) for Clock_HSI_8MHz_Init
    system.o(i.System_Config) refers to systick.o(i.SysTick_Init) for SysTick_Init
    system.o(i.System_Config) refers to gpio.o(i.GPIO_Reset) for GPIO_Reset
    system.o(i.System_Config) refers to gpio.o(i.GPIO_OutputInit) for GPIO_OutputInit
    system.o(i.System_Config) refers to i2c.o(i.I2C_Init) for I2C_Init
    system.o(i.System_DelayMs) refers to systick.o(i.SysTick_DelayMs) for SysTick_DelayMs
    system.o(i.System_TimerDoneCounting) refers to systick.o(i.SysTick_GetTick) for SysTick_GetTick
    eeprom.o(i.EEPROM_GetData) refers to eeprom.o(i.EEPROM_ReadPage) for EEPROM_ReadPage
    eeprom.o(i.EEPROM_ReadPage) refers to i2c.o(i.I2C_ReadMultiByte) for I2C_ReadMultiByte
    eeprom.o(i.EEPROM_StoreData) refers to eeprom.o(i.EEPROM_WritePage) for EEPROM_WritePage
    eeprom.o(i.EEPROM_WritePage) refers to i2c.o(i.I2C_WriteMultiByte) for I2C_WriteMultiByte
    eeprom.o(i.EEPROM_WritePage) refers to systick.o(i.SysTick_DelayMs) for SysTick_DelayMs
    rtc.o(i.RTC_12HourFormat) refers to i2c.o(i.I2C_ReadByte) for I2C_ReadByte
    rtc.o(i.RTC_12HourFormat) refers to i2c.o(i.I2C_WriteByte) for I2C_WriteByte
    rtc.o(i.RTC_24HourFormat) refers to i2c.o(i.I2C_ReadByte) for I2C_ReadByte
    rtc.o(i.RTC_24HourFormat) refers to i2c.o(i.I2C_WriteByte) for I2C_WriteByte
    rtc.o(i.RTC_GetTime) refers to i2c.o(i.I2C_ReadMultiByte) for I2C_ReadMultiByte
    rtc.o(i.RTC_GetTime) refers to rtc.o(i.BCDToHex) for BCDToHex
    rtc.o(i.RTC_SetTime) refers to rtc.o(i.HexToBCD) for HexToBCD
    rtc.o(i.RTC_SetTime) refers to i2c.o(i.I2C_ReadByte) for I2C_ReadByte
    rtc.o(i.RTC_SetTime) refers to i2c.o(i.I2C_WriteMultiByte) for I2C_WriteMultiByte
    fingerprint.o(i.Fingerprint_CreateModel) refers to fingerprint.o(i.PacketInit) for PacketInit
    fingerprint.o(i.Fingerprint_CreateModel) refers to fingerprint.o(i.WriteStructuredPacket) for WriteStructuredPacket
    fingerprint.o(i.Fingerprint_CreateModel) refers to fingerprint.o(i.GetStructuredPacket) for GetStructuredPacket
    fingerprint.o(i.Fingerprint_CreateModel) refers to fingerprint.o(.bss) for packet
    fingerprint.o(i.Fingerprint_DeleteModel) refers to fingerprint.o(i.PacketInit) for PacketInit
    fingerprint.o(i.Fingerprint_DeleteModel) refers to fingerprint.o(i.WriteStructuredPacket) for WriteStructuredPacket
    fingerprint.o(i.Fingerprint_DeleteModel) refers to fingerprint.o(i.GetStructuredPacket) for GetStructuredPacket
    fingerprint.o(i.Fingerprint_DeleteModel) refers to fingerprint.o(.bss) for packet
    fingerprint.o(i.Fingerprint_EmptyDatabase) refers to fingerprint.o(i.PacketInit) for PacketInit
    fingerprint.o(i.Fingerprint_EmptyDatabase) refers to fingerprint.o(i.WriteStructuredPacket) for WriteStructuredPacket
    fingerprint.o(i.Fingerprint_EmptyDatabase) refers to fingerprint.o(i.GetStructuredPacket) for GetStructuredPacket
    fingerprint.o(i.Fingerprint_EmptyDatabase) refers to fingerprint.o(.bss) for packet
    fingerprint.o(i.Fingerprint_FingerFastSearch) refers to fingerprint.o(i.PacketInit) for PacketInit
    fingerprint.o(i.Fingerprint_FingerFastSearch) refers to fingerprint.o(i.WriteStructuredPacket) for WriteStructuredPacket
    fingerprint.o(i.Fingerprint_FingerFastSearch) refers to fingerprint.o(i.GetStructuredPacket) for GetStructuredPacket
    fingerprint.o(i.Fingerprint_FingerFastSearch) refers to fingerprint.o(.bss) for packet
    fingerprint.o(i.Fingerprint_GetImage) refers to fingerprint.o(i.PacketInit) for PacketInit
    fingerprint.o(i.Fingerprint_GetImage) refers to fingerprint.o(i.WriteStructuredPacket) for WriteStructuredPacket
    fingerprint.o(i.Fingerprint_GetImage) refers to fingerprint.o(i.GetStructuredPacket) for GetStructuredPacket
    fingerprint.o(i.Fingerprint_GetImage) refers to fingerprint.o(.bss) for packet
    fingerprint.o(i.Fingerprint_GetModel) refers to fingerprint.o(i.PacketInit) for PacketInit
    fingerprint.o(i.Fingerprint_GetModel) refers to fingerprint.o(i.WriteStructuredPacket) for WriteStructuredPacket
    fingerprint.o(i.Fingerprint_GetModel) refers to fingerprint.o(i.GetStructuredPacket) for GetStructuredPacket
    fingerprint.o(i.Fingerprint_GetModel) refers to fingerprint.o(.bss) for packet
    fingerprint.o(i.Fingerprint_Image2Tz) refers to fingerprint.o(i.PacketInit) for PacketInit
    fingerprint.o(i.Fingerprint_Image2Tz) refers to fingerprint.o(i.WriteStructuredPacket) for WriteStructuredPacket
    fingerprint.o(i.Fingerprint_Image2Tz) refers to fingerprint.o(i.GetStructuredPacket) for GetStructuredPacket
    fingerprint.o(i.Fingerprint_Image2Tz) refers to fingerprint.o(.bss) for packet
    fingerprint.o(i.Fingerprint_Init) refers to systick.o(i.SysTick_DelayMs) for SysTick_DelayMs
    fingerprint.o(i.Fingerprint_Init) refers to gpio.o(i.GPIO_OutputInit) for GPIO_OutputInit
    fingerprint.o(i.Fingerprint_Init) refers to gpio.o(i.GPIO_InputInit) for GPIO_InputInit
    fingerprint.o(i.Fingerprint_Init) refers to uart.o(i.USART_Init) for USART_Init
    fingerprint.o(i.Fingerprint_Init) refers to dma.o(i.DMA_USART_Rx_Init) for DMA_USART_Rx_Init
    fingerprint.o(i.Fingerprint_Init) refers to fingerprint.o(.bss) for rxPacketBuffer
    fingerprint.o(i.Fingerprint_LoadModel) refers to fingerprint.o(i.PacketInit) for PacketInit
    fingerprint.o(i.Fingerprint_LoadModel) refers to fingerprint.o(i.WriteStructuredPacket) for WriteStructuredPacket
    fingerprint.o(i.Fingerprint_LoadModel) refers to fingerprint.o(i.GetStructuredPacket) for GetStructuredPacket
    fingerprint.o(i.Fingerprint_LoadModel) refers to fingerprint.o(.bss) for packet
    fingerprint.o(i.Fingerprint_StoreModel) refers to fingerprint.o(i.PacketInit) for PacketInit
    fingerprint.o(i.Fingerprint_StoreModel) refers to fingerprint.o(i.WriteStructuredPacket) for WriteStructuredPacket
    fingerprint.o(i.Fingerprint_StoreModel) refers to fingerprint.o(i.GetStructuredPacket) for GetStructuredPacket
    fingerprint.o(i.Fingerprint_StoreModel) refers to fingerprint.o(.bss) for packet
    fingerprint.o(i.GetStructuredPacket) refers to systick.o(i.SysTick_GetTick) for SysTick_GetTick
    fingerprint.o(i.GetStructuredPacket) refers to uart.o(i.USART_RxIdleLineDetected) for USART_RxIdleLineDetected
    fingerprint.o(i.GetStructuredPacket) refers to dma.o(i.DMA_Rx_CNDTR) for DMA_Rx_CNDTR
    fingerprint.o(i.GetStructuredPacket) refers to dma.o(i.DMA_USART_Rx_Init) for DMA_USART_Rx_Init
    fingerprint.o(i.GetStructuredPacket) refers to rt_memclr.o(.text) for __aeabi_memclr
    fingerprint.o(i.GetStructuredPacket) refers to fingerprint.o(.bss) for rxPacketBuffer
    fingerprint.o(i.PacketInit) refers to rt_memcpy_v6.o(.text) for __aeabi_memcpy
    fingerprint.o(i.PacketInit) refers to fingerprint.o(.bss) for packet
    fingerprint.o(i.WriteStructuredPacket) refers to uart.o(i.USART_WriteByte) for USART_WriteByte
    fingerprint.o(i.WriteStructuredPacket) refers to uart.o(i.USART_WriteBytes) for USART_WriteBytes
    fingerprint.o(i.WriteStructuredPacket) refers to fingerprint.o(.bss) for packet
    keypad.o(i.IsDebounced) refers to gpio.o(i.GPIO_InputRead) for GPIO_InputRead
    keypad.o(i.IsDebounced) refers to systick.o(i.SysTick_DelayMs) for SysTick_DelayMs
    keypad.o(i.Keypad_GetChar) refers to keypad.o(i.SelectRow) for SelectRow
    keypad.o(i.Keypad_GetChar) refers to keypad.o(i.IsDebounced) for IsDebounced
    keypad.o(i.Keypad_GetChar) refers to keypad.o(.bss) for prevPressed
    keypad.o(i.Keypad_GetChar) refers to keypad.o(.constdata) for keypadMatrix
    keypad.o(i.Keypad_Init) refers to gpio.o(i.GPIO_OutputInit) for GPIO_OutputInit
    keypad.o(i.Keypad_Init) refers to gpio.o(i.GPIO_InputInit) for GPIO_InputInit
    keypad.o(i.SelectRow) refers to gpio.o(i.GPIO_OutputWrite) for GPIO_OutputWrite
    button.o(i.Button_Init) refers to gpio.o(i.GPIO_InputInit) for GPIO_InputInit
    button.o(i.Button_IsPressedOnce) refers to gpio.o(i.GPIO_InputRead) for GPIO_InputRead
    gsm.o(i.GSM_Init) refers to gpio.o(i.GPIO_OutputInit) for GPIO_OutputInit
    gsm.o(i.GSM_Init) refers to uart.o(i.USART_Init) for USART_Init
    gsm.o(i.GSM_SendText) refers to rt_memcpy_w.o(.text) for __aeabi_memcpy4
    gsm.o(i.GSM_SendText) refers to uart.o(i.USART_WriteChars) for USART_WriteChars
    gsm.o(i.GSM_SendText) refers to systick.o(i.SysTick_DelayMs) for SysTick_DelayMs
    gsm.o(i.GSM_SendText) refers to strcat.o(.text) for strcat
    gsm.o(i.GSM_SendText) refers to uart.o(i.USART_WriteByte) for USART_WriteByte
    gsm.o(i.GSM_SendText) refers to gsm.o(.constdata) for .constdata
    oled.o(i.OLED_ClearScreen) refers to rt_memclr.o(.text) for __aeabi_memclr
    oled.o(i.OLED_ClearScreen) refers to oled.o(.bss) for screenBuffer
    oled.o(i.OLED_DrawPixel) refers to oled.o(.bss) for screenBuffer
    oled.o(i.OLED_Fill) refers to oled.o(.bss) for screenBuffer
    oled.o(i.OLED_Init) refers to systick.o(i.SysTick_DelayMs) for SysTick_DelayMs
    oled.o(i.OLED_Init) refers to oled.o(i.OLED_WriteCommand) for OLED_WriteCommand
    oled.o(i.OLED_Init) refers to oled.o(i.OLED_Fill) for OLED_Fill
    oled.o(i.OLED_Init) refers to oled.o(i.OLED_UpdateScreen) for OLED_UpdateScreen
    oled.o(i.OLED_Init) refers to oled.o(.data) for xPos
    oled.o(i.OLED_SetCursor) refers to oled.o(.data) for xPos
    oled.o(i.OLED_UpdateScreen) refers to oled.o(i.OLED_WriteCommand) for OLED_WriteCommand
    oled.o(i.OLED_UpdateScreen) refers to oled.o(i.OLED_WriteData) for OLED_WriteData
    oled.o(i.OLED_UpdateScreen) refers to oled.o(.bss) for screenBuffer
    oled.o(i.OLED_WriteChar) refers to oled.o(i.OLED_DrawPixel) for OLED_DrawPixel
    oled.o(i.OLED_WriteChar) refers to oled.o(.data) for xPos
    oled.o(i.OLED_WriteChar) refers to oled.o(.constdata) for Font_7x10
    oled.o(i.OLED_WriteCommand) refers to i2c.o(i.I2C_WriteByte) for I2C_WriteByte
    oled.o(i.OLED_WriteData) refers to i2c.o(i.I2C_WriteMultiByte) for I2C_WriteMultiByte
    oled.o(i.OLED_WriteString) refers to oled.o(i.OLED_WriteChar) for OLED_WriteChar
    bluetooth.o(i.BT_Init) refers to gpio.o(i.GPIO_OutputInit) for GPIO_OutputInit
    bluetooth.o(i.BT_Init) refers to gpio.o(i.GPIO_InputInit) for GPIO_InputInit
    bluetooth.o(i.BT_Init) refers to uart.o(i.USART_Init) for USART_Init
    bluetooth.o(i.BT_Receive) refers to dma.o(i.DMA_RxBufferFull) for DMA_RxBufferFull
    bluetooth.o(i.BT_Receive) refers to uart.o(i.USART_RxIdleLineDetected) for USART_RxIdleLineDetected
    bluetooth.o(i.BT_RxBufferInit) refers to dma.o(i.DMA_USART_Rx_Init) for DMA_USART_Rx_Init
    bluetooth.o(i.BT_Transmit) refers to uart.o(i.USART_WriteChars) for USART_WriteChars
    systick.o(i.SysTick_DelayMs) refers to systick.o(.data) for numberOfTicks
    systick.o(i.SysTick_GetTick) refers to systick.o(.data) for numberOfTicks
    systick.o(i.SysTick_Handler) refers to systick.o(.data) for numberOfTicks
    i2c.o(i.I2C_ReadMultiByte) refers to i2c.o(i.I2C_ReadByte) for I2C_ReadByte
    i2c.o(i.I2C_ReadMultiByte) refers to i2c.o(i.I2C_Read2Bytes) for I2C_Read2Bytes
    startup_stm32f10x_md.o(STACK) refers (Special) to heapauxi.o(.text) for __use_two_region_memory
    startup_stm32f10x_md.o(HEAP) refers (Special) to heapauxi.o(.text) for __use_two_region_memory
    startup_stm32f10x_md.o(RESET) refers (Special) to heapauxi.o(.text) for __use_two_region_memory
    startup_stm32f10x_md.o(RESET) refers to startup_stm32f10x_md.o(STACK) for __initial_sp
    startup_stm32f10x_md.o(RESET) refers to startup_stm32f10x_md.o(.text) for Reset_Handler
    startup_stm32f10x_md.o(RESET) refers to systick.o(i.SysTick_Handler) for SysTick_Handler
    startup_stm32f10x_md.o(.text) refers (Special) to heapauxi.o(.text) for __use_two_region_memory
    startup_stm32f10x_md.o(.text) refers to system_stm32f10x.o(i.SystemInit) for SystemInit
    startup_stm32f10x_md.o(.text) refers to __main.o(!!!main) for __main
    startup_stm32f10x_md.o(.text) refers to startup_stm32f10x_md.o(HEAP) for Heap_Mem
    startup_stm32f10x_md.o(.text) refers to startup_stm32f10x_md.o(STACK) for Stack_Mem
    system_stm32f10x.o(i.SetSysClock) refers to system_stm32f10x.o(i.SetSysClockTo72) for SetSysClockTo72
    system_stm32f10x.o(i.SystemCoreClockUpdate) refers to system_stm32f10x.o(.data) for SystemCoreClock
    system_stm32f10x.o(i.SystemInit) refers to system_stm32f10x.o(i.SetSysClock) for SetSysClock
    rt_memcpy_v6.o(.text) refers to rt_memcpy_w.o(.text) for __aeabi_memcpy4
    rt_memclr.o(.text) refers to rt_memclr_w.o(.text) for _memset_w
    __main.o(!!!main) refers to __rtentry.o(.ARM.Collect$$rtentry$$00000000) for __rt_entry
    __rtentry.o(.ARM.Collect$$rtentry$$00000000) refers (Special) to __rtentry2.o(.ARM.Collect$$rtentry$$0000000A) for __rt_entry_li
    __rtentry.o(.ARM.Collect$$rtentry$$00000000) refers (Special) to __rtentry2.o(.ARM.Collect$$rtentry$$0000000D) for __rt_entry_main
    __rtentry.o(.ARM.Collect$$rtentry$$00000000) refers (Special) to __rtentry2.o(.ARM.Collect$$rtentry$$0000000C) for __rt_entry_postli_1
    __rtentry.o(.ARM.Collect$$rtentry$$00000000) refers (Special) to __rtentry2.o(.ARM.Collect$$rtentry$$00000009) for __rt_entry_postsh_1
    __rtentry.o(.ARM.Collect$$rtentry$$00000000) refers (Special) to __rtentry2.o(.ARM.Collect$$rtentry$$00000002) for __rt_entry_presh_1
    __rtentry.o(.ARM.Collect$$rtentry$$00000000) refers (Special) to __rtentry4.o(.ARM.Collect$$rtentry$$00000004) for __rt_entry_sh
    __rtentry2.o(.ARM.Collect$$rtentry$$00000008) refers to boardinit2.o(.text) for _platform_post_stackheap_init
    __rtentry2.o(.ARM.Collect$$rtentry$$0000000A) refers to libinit.o(.ARM.Collect$$libinit$$00000000) for __rt_lib_init
    __rtentry2.o(.ARM.Collect$$rtentry$$0000000B) refers to boardinit3.o(.text) for _platform_post_lib_init
    __rtentry2.o(.ARM.Collect$$rtentry$$0000000D) refers to main.o(i.main) for main
    __rtentry2.o(.ARM.Collect$$rtentry$$0000000D) refers to exit.o(.text) for exit
    __rtentry2.o(.ARM.exidx) refers to __rtentry2.o(.ARM.Collect$$rtentry$$00000001) for .ARM.Collect$$rtentry$$00000001
    __rtentry2.o(.ARM.exidx) refers to __rtentry2.o(.ARM.Collect$$rtentry$$00000008) for .ARM.Collect$$rtentry$$00000008
    __rtentry2.o(.ARM.exidx) refers to __rtentry2.o(.ARM.Collect$$rtentry$$0000000A) for .ARM.Collect$$rtentry$$0000000A
    __rtentry2.o(.ARM.exidx) refers to __rtentry2.o(.ARM.Collect$$rtentry$$0000000B) for .ARM.Collect$$rtentry$$0000000B
    __rtentry2.o(.ARM.exidx) refers to __rtentry2.o(.ARM.Collect$$rtentry$$0000000D) for .ARM.Collect$$rtentry$$0000000D
    __rtentry4.o(.ARM.Collect$$rtentry$$00000004) refers to sys_stackheap_outer.o(.text) for __user_setup_stackheap
    __rtentry4.o(.ARM.exidx) refers to __rtentry4.o(.ARM.Collect$$rtentry$$00000004) for .ARM.Collect$$rtentry$$00000004
    sys_stackheap_outer.o(.text) refers to libspace.o(.text) for __user_perproc_libspace
    sys_stackheap_outer.o(.text) refers to startup_stm32f10x_md.o(.text) for __user_initial_stackheap
    exit.o(.text) refers to rtexit.o(.ARM.Collect$$rtexit$$00000000) for __rt_exit
    libinit.o(.ARM.Collect$$libinit$$00000000) refers (Special) to libinit2.o(.ARM.Collect$$libinit$$0000002E) for __rt_lib_init_alloca_1
    libinit.o(.ARM.Collect$$libinit$$00000000) refers (Special) to libinit2.o(.ARM.Collect$$libinit$$0000002C) for __rt_lib_init_argv_1
    libinit.o(.ARM.Collect$$libinit$$00000000) refers (Special) to libinit2.o(.ARM.Collect$$libinit$$0000001B) for __rt_lib_init_atexit_1
    libinit.o(.ARM.Collect$$libinit$$00000000) refers (Special) to libinit2.o(.ARM.Collect$$libinit$$00000021) for __rt_lib_init_clock_1
    libinit.o(.ARM.Collect$$libinit$$00000000) refers (Special) to libinit2.o(.ARM.Collect$$libinit$$00000032) for __rt_lib_init_cpp_1
    libinit.o(.ARM.Collect$$libinit$$00000000) refers (Special) to libinit2.o(.ARM.Collect$$libinit$$00000030) for __rt_lib_init_exceptions_1
    libinit.o(.ARM.Collect$$libinit$$00000000) refers (Special) to libinit2.o(.ARM.Collect$$libinit$$00000002) for __rt_lib_init_fp_1
    libinit.o(.ARM.Collect$$libinit$$00000000) refers (Special) to libinit2.o(.ARM.Collect$$libinit$$0000001F) for __rt_lib_init_fp_trap_1
    libinit.o(.ARM.Collect$$libinit$$00000000) refers (Special) to libinit2.o(.ARM.Collect$$libinit$$00000023) for __rt_lib_init_getenv_1
    libinit.o(.ARM.Collect$$libinit$$00000000) refers (Special) to libinit2.o(.ARM.Collect$$libinit$$0000000A) for __rt_lib_init_heap_1
    libinit.o(.ARM.Collect$$libinit$$00000000) refers (Special) to libinit2.o(.ARM.Collect$$libinit$$00000011) for __rt_lib_init_lc_collate_1
    libinit.o(.ARM.Collect$$libinit$$00000000) refers (Special) to libinit2.o(.ARM.Collect$$libinit$$00000013) for __rt_lib_init_lc_ctype_1
    libinit.o(.ARM.Collect$$libinit$$00000000) refers (Special) to libinit2.o(.ARM.Collect$$libinit$$00000015) for __rt_lib_init_lc_monetary_1
    libinit.o(.ARM.Collect$$libinit$$00000000) refers (Special) to libinit2.o(.ARM.Collect$$libinit$$00000017) for __rt_lib_init_lc_numeric_1
    libinit.o(.ARM.Collect$$libinit$$00000000) refers (Special) to libinit2.o(.ARM.Collect$$libinit$$00000019) for __rt_lib_init_lc_time_1
    libinit.o(.ARM.Collect$$libinit$$00000000) refers (Special) to libinit2.o(.ARM.Collect$$libinit$$00000004) for __rt_lib_init_preinit_1
    libinit.o(.ARM.Collect$$libinit$$00000000) refers (Special) to libinit2.o(.ARM.Collect$$libinit$$0000000E) for __rt_lib_init_rand_1
    libinit.o(.ARM.Collect$$libinit$$00000000) refers (Special) to libinit2.o(.ARM.Collect$$libinit$$00000033) for __rt_lib_init_return
    libinit.o(.ARM.Collect$$libinit$$00000000) refers (Special) to libinit2.o(.ARM.Collect$$libinit$$0000001D) for __rt_lib_init_signal_1
    libinit.o(.ARM.Collect$$libinit$$00000000) refers (Special) to libinit2.o(.ARM.Collect$$libinit$$00000025) for __rt_lib_init_stdio_1
    libinit.o(.ARM.Collect$$libinit$$00000000) refers (Special) to libinit2.o(.ARM.Collect$$libinit$$0000000C) for __rt_lib_init_user_alloc_1
    libspace.o(.text) refers to libspace.o(.bss) for __libspace_start
    rtexit.o(.ARM.Collect$$rtexit$$00000000) refers (Special) to rtexit2.o(.ARM.Collect$$rtexit$$00000004) for __rt_exit_exit
    rtexit.o(.ARM.Collect$$rtexit$$00000000) refers (Special) to rtexit2.o(.ARM.Collect$$rtexit$$00000003) for __rt_exit_ls
    rtexit.o(.ARM.Collect$$rtexit$$00000000) refers (Special) to rtexit2.o(.ARM.Collect$$rtexit$$00000002) for __rt_exit_prels_1
    rtexit.o(.ARM.exidx) refers (Special) to rtexit2.o(.ARM.Collect$$rtexit$$00000004) for __rt_exit_exit
    rtexit.o(.ARM.exidx) refers (Special) to rtexit2.o(.ARM.Collect$$rtexit$$00000003) for __rt_exit_ls
    rtexit.o(.ARM.exidx) refers (Special) to rtexit2.o(.ARM.Collect$$rtexit$$00000002) for __rt_exit_prels_1
    rtexit.o(.ARM.exidx) refers to rtexit.o(.ARM.Collect$$rtexit$$00000000) for .ARM.Collect$$rtexit$$00000000
    libinit2.o(.ARM.Collect$$libinit$$00000010) refers to libinit2.o(.ARM.Collect$$libinit$$0000000F) for .ARM.Collect$$libinit$$0000000F
    libinit2.o(.ARM.Collect$$libinit$$00000012) refers to libinit2.o(.ARM.Collect$$libinit$$0000000F) for .ARM.Collect$$libinit$$0000000F
    libinit2.o(.ARM.Collect$$libinit$$00000014) refers to libinit2.o(.ARM.Collect$$libinit$$0000000F) for .ARM.Collect$$libinit$$0000000F
    libinit2.o(.ARM.Collect$$libinit$$00000016) refers to libinit2.o(.ARM.Collect$$libinit$$0000000F) for .ARM.Collect$$libinit$$0000000F
    libinit2.o(.ARM.Collect$$libinit$$00000018) refers to libinit2.o(.ARM.Collect$$libinit$$0000000F) for .ARM.Collect$$libinit$$0000000F
    libinit2.o(.ARM.Collect$$libinit$$00000026) refers to argv_veneer.o(.emb_text) for __ARM_argv_veneer
    libinit2.o(.ARM.Collect$$libinit$$00000027) refers to argv_veneer.o(.emb_text) for __ARM_argv_veneer
    rtexit2.o(.ARM.Collect$$rtexit$$00000003) refers to libshutdown.o(.ARM.Collect$$libshutdown$$00000000) for __rt_lib_shutdown
    rtexit2.o(.ARM.Collect$$rtexit$$00000004) refers to sys_exit.o(.text) for _sys_exit
    rtexit2.o(.ARM.exidx) refers to rtexit2.o(.ARM.Collect$$rtexit$$00000001) for .ARM.Collect$$rtexit$$00000001
    rtexit2.o(.ARM.exidx) refers to rtexit2.o(.ARM.Collect$$rtexit$$00000003) for .ARM.Collect$$rtexit$$00000003
    rtexit2.o(.ARM.exidx) refers to rtexit2.o(.ARM.Collect$$rtexit$$00000004) for .ARM.Collect$$rtexit$$00000004
    argv_veneer.o(.emb_text) refers to no_argv.o(.text) for __ARM_get_argv
    sys_exit.o(.text) refers (Special) to use_no_semi.o(.text) for __I$use$semihosting
    sys_exit.o(.text) refers (Special) to indicate_semi.o(.text) for __semihosting_library_function
    _get_argv_nomalloc.o(.text) refers (Special) to hrguard.o(.text) for __heap_region$guard
    _get_argv_nomalloc.o(.text) refers to defsig_rtmem_outer.o(.text) for __rt_SIGRTMEM
    _get_argv_nomalloc.o(.text) refers to sys_command.o(.text) for _sys_command_string
    libshutdown.o(.ARM.Collect$$libshutdown$$00000000) refers (Special) to libshutdown2.o(.ARM.Collect$$libshutdown$$00000004) for __rt_lib_shutdown_cpp_1
    libshutdown.o(.ARM.Collect$$libshutdown$$00000000) refers (Special) to libshutdown2.o(.ARM.Collect$$libshutdown$$00000002) for __rt_lib_shutdown_fini_1
    libshutdown.o(.ARM.Collect$$libshutdown$$00000000) refers (Special) to libshutdown2.o(.ARM.Collect$$libshutdown$$00000009) for __rt_lib_shutdown_fp_trap_1
    libshutdown.o(.ARM.Collect$$libshutdown$$00000000) refers (Special) to libshutdown2.o(.ARM.Collect$$libshutdown$$00000011) for __rt_lib_shutdown_heap_1
    libshutdown.o(.ARM.Collect$$libshutdown$$00000000) refers (Special) to libshutdown2.o(.ARM.Collect$$libshutdown$$00000012) for __rt_lib_shutdown_return
    libshutdown.o(.ARM.Collect$$libshutdown$$00000000) refers (Special) to libshutdown2.o(.ARM.Collect$$libshutdown$$0000000C) for __rt_lib_shutdown_signal_1
    libshutdown.o(.ARM.Collect$$libshutdown$$00000000) refers (Special) to libshutdown2.o(.ARM.Collect$$libshutdown$$00000006) for __rt_lib_shutdown_stdio_1
    libshutdown.o(.ARM.Collect$$libshutdown$$00000000) refers (Special) to libshutdown2.o(.ARM.Collect$$libshutdown$$0000000E) for __rt_lib_shutdown_user_alloc_1
    sys_command.o(.text) refers (Special) to use_no_semi.o(.text) for __I$use$semihosting
    sys_command.o(.text) refers (Special) to indicate_semi.o(.text) for __semihosting_library_function
    defsig_rtmem_outer.o(.text) refers to defsig_rtmem_inner.o(.text) for __rt_SIGRTMEM_inner
    defsig_rtmem_outer.o(.text) refers to defsig_exit.o(.text) for __sig_exit
    defsig_rtmem_formal.o(.text) refers to rt_raise.o(.text) for __rt_raise
    rt_raise.o(.text) refers to __raise.o(.text) for __raise
    rt_raise.o(.text) refers to sys_exit.o(.text) for _sys_exit
    defsig_exit.o(.text) refers to sys_exit.o(.text) for _sys_exit
    defsig_rtmem_inner.o(.text) refers to defsig_general.o(.text) for __default_signal_display
    __raise.o(.text) refers to defsig.o(CL$$defsig) for __default_signal_handler
    defsig_general.o(.text) refers to sys_wrch.o(.text) for _ttywrch
    sys_wrch.o(.text) refers (Special) to use_no_semi.o(.text) for __I$use$semihosting
    sys_wrch.o(.text) refers (Special) to indicate_semi.o(.text) for __semihosting_library_function
    defsig.o(CL$$defsig) refers to defsig_rtmem_inner.o(.text) for __rt_SIGRTMEM_inner
    defsig_abrt_inner.o(.text) refers to defsig_general.o(.text) for __default_signal_display
    defsig_fpe_inner.o(.text) refers to defsig_general.o(.text) for __default_signal_display
    defsig_rtred_inner.o(.text) refers to defsig_general.o(.text) for __default_signal_display
    defsig_stak_inner.o(.text) refers to defsig_general.o(.text) for __default_signal_display
    defsig_pvfn_inner.o(.text) refers to defsig_general.o(.text) for __default_signal_display
    defsig_cppl_inner.o(.text) refers to defsig_general.o(.text) for __default_signal_display
    defsig_segv_inner.o(.text) refers to defsig_general.o(.text) for __default_signal_display
    defsig_other.o(.text) refers to defsig_general.o(.text) for __default_signal_display


==============================================================================

Removing Unused input sections from the image.

    Removing main.o(.rev16_text), (4 bytes).
    Removing main.o(.revsh_text), (4 bytes).
    Removing main.o(.rrx_text), (6 bytes).
    Removing system.o(.rev16_text), (4 bytes).
    Removing system.o(.revsh_text), (4 bytes).
    Removing system.o(.rrx_text), (6 bytes).
    Removing system.o(i.System_Reset), (44 bytes).
    Removing system.o(i.System_TimerDoneCounting), (48 bytes).
    Removing system.o(i.System_TimerInit), (10 bytes).
    Removing eeprom.o(.rev16_text), (4 bytes).
    Removing eeprom.o(.revsh_text), (4 bytes).
    Removing eeprom.o(.rrx_text), (6 bytes).
    Removing eeprom.o(i.EEPROM_GetData), (72 bytes).
    Removing eeprom.o(i.EEPROM_ReadPage), (76 bytes).
    Removing eeprom.o(i.EEPROM_StoreData), (72 bytes).
    Removing eeprom.o(i.EEPROM_WritePage), (80 bytes).
    Removing rtc.o(.rev16_text), (4 bytes).
    Removing rtc.o(.revsh_text), (4 bytes).
    Removing rtc.o(.rrx_text), (6 bytes).
    Removing rtc.o(i.BCDToHex), (20 bytes).
    Removing rtc.o(i.HexToBCD), (28 bytes).
    Removing rtc.o(i.RTC_12HourFormat), (72 bytes).
    Removing rtc.o(i.RTC_24HourFormat), (44 bytes).
    Removing rtc.o(i.RTC_GetTime), (108 bytes).
    Removing rtc.o(i.RTC_SetTime), (84 bytes).
    Removing fingerprint.o(.rev16_text), (4 bytes).
    Removing fingerprint.o(.revsh_text), (4 bytes).
    Removing fingerprint.o(.rrx_text), (6 bytes).
    Removing fingerprint.o(i.Fingerprint_CreateModel), (60 bytes).
    Removing fingerprint.o(i.Fingerprint_DeleteModel), (80 bytes).
    Removing fingerprint.o(i.Fingerprint_EmptyDatabase), (60 bytes).
    Removing fingerprint.o(i.Fingerprint_FingerFastSearch), (64 bytes).
    Removing fingerprint.o(i.Fingerprint_GetImage), (60 bytes).
    Removing fingerprint.o(i.Fingerprint_GetModel), (60 bytes).
    Removing fingerprint.o(i.Fingerprint_Image2Tz), (64 bytes).
    Removing fingerprint.o(i.Fingerprint_Init), (84 bytes).
    Removing fingerprint.o(i.Fingerprint_LoadModel), (72 bytes).
    Removing fingerprint.o(i.Fingerprint_StoreModel), (72 bytes).
    Removing fingerprint.o(i.GetStructuredPacket), (264 bytes).
    Removing fingerprint.o(i.PacketInit), (80 bytes).
    Removing fingerprint.o(i.WriteStructuredPacket), (148 bytes).
    Removing fingerprint.o(.bss), (124 bytes).
    Removing keypad.o(.rev16_text), (4 bytes).
    Removing keypad.o(.revsh_text), (4 bytes).
    Removing keypad.o(.rrx_text), (6 bytes).
    Removing button.o(.rev16_text), (4 bytes).
    Removing button.o(.revsh_text), (4 bytes).
    Removing button.o(.rrx_text), (6 bytes).
    Removing button.o(i.Button_Init), (22 bytes).
    Removing button.o(i.Button_IsPressedOnce), (46 bytes).
    Removing gsm.o(.rev16_text), (4 bytes).
    Removing gsm.o(.revsh_text), (4 bytes).
    Removing gsm.o(.rrx_text), (6 bytes).
    Removing gsm.o(i.GSM_Init), (40 bytes).
    Removing gsm.o(i.GSM_SendText), (128 bytes).
    Removing gsm.o(.constdata), (27 bytes).
    Removing oled.o(.rev16_text), (4 bytes).
    Removing oled.o(.revsh_text), (4 bytes).
    Removing oled.o(.rrx_text), (6 bytes).
    Removing bluetooth.o(.rev16_text), (4 bytes).
    Removing bluetooth.o(.revsh_text), (4 bytes).
    Removing bluetooth.o(.rrx_text), (6 bytes).
    Removing clock.o(.rev16_text), (4 bytes).
    Removing clock.o(.revsh_text), (4 bytes).
    Removing clock.o(.rrx_text), (6 bytes).
    Removing gpio.o(.rev16_text), (4 bytes).
    Removing gpio.o(.revsh_text), (4 bytes).
    Removing gpio.o(.rrx_text), (6 bytes).
    Removing gpio.o(i.GPIO_OutputRead), (18 bytes).
    Removing uart.o(.rev16_text), (4 bytes).
    Removing uart.o(.revsh_text), (4 bytes).
    Removing uart.o(.rrx_text), (6 bytes).
    Removing uart.o(i.USART_RxBufferFull), (20 bytes).
    Removing uart.o(i.USART_WriteByte), (16 bytes).
    Removing uart.o(i.USART_WriteBytes), (34 bytes).
    Removing systick.o(.rev16_text), (4 bytes).
    Removing systick.o(.revsh_text), (4 bytes).
    Removing systick.o(.rrx_text), (6 bytes).
    Removing systick.o(i.SysTick_GetTick), (12 bytes).
    Removing dma.o(.rev16_text), (4 bytes).
    Removing dma.o(.revsh_text), (4 bytes).
    Removing dma.o(.rrx_text), (6 bytes).
    Removing dma.o(i.DMA_Rx_CNDTR), (8 bytes).
    Removing i2c.o(.rev16_text), (4 bytes).
    Removing i2c.o(.revsh_text), (4 bytes).
    Removing i2c.o(.rrx_text), (6 bytes).
    Removing i2c.o(i.I2C_Read2Bytes), (170 bytes).
    Removing i2c.o(i.I2C_ReadByte), (158 bytes).
    Removing i2c.o(i.I2C_ReadMultiByte), (292 bytes).
    Removing i2c.o(i.I2C_Write), (100 bytes).
    Removing spi.o(.rev16_text), (4 bytes).
    Removing spi.o(.revsh_text), (4 bytes).
    Removing spi.o(.rrx_text), (6 bytes).
    Removing spi.o(i.SPI_ChipDeselect), (12 bytes).
    Removing spi.o(i.SPI_ChipSelect), (12 bytes).
    Removing spi.o(i.SPI_Init), (8 bytes).
    Removing spi.o(i.SPI_ReceiveByte), (20 bytes).
    Removing spi.o(i.SPI_Transceive), (34 bytes).
    Removing spi.o(i.SPI_WriteByte), (18 bytes).
    Removing spi.o(i.SPI_WriteBytes), (34 bytes).
    Removing system_stm32f10x.o(.rev16_text), (4 bytes).
    Removing system_stm32f10x.o(.revsh_text), (4 bytes).
    Removing system_stm32f10x.o(.rrx_text), (6 bytes).
    Removing system_stm32f10x.o(i.SystemCoreClockUpdate), (164 bytes).
    Removing system_stm32f10x.o(.data), (20 bytes).

105 unused section(s) (total 3715 bytes) removed from the image.

==============================================================================

Image Symbol Table

    Local Symbols

    Symbol Name                              Value     Ov Type        Size  Object(Section)

    ../clib/angel/boardlib.s                 0x00000000   Number         0  boardinit1.o ABSOLUTE
    ../clib/angel/boardlib.s                 0x00000000   Number         0  boardinit2.o ABSOLUTE
    ../clib/angel/boardlib.s                 0x00000000   Number         0  boardshut.o ABSOLUTE
    ../clib/angel/boardlib.s                 0x00000000   Number         0  boardinit3.o ABSOLUTE
    ../clib/angel/handlers.s                 0x00000000   Number         0  __scatter_copy.o ABSOLUTE
    ../clib/angel/handlers.s                 0x00000000   Number         0  __scatter_zi.o ABSOLUTE
    ../clib/angel/kernel.s                   0x00000000   Number         0  __rtentry2.o ABSOLUTE
    ../clib/angel/kernel.s                   0x00000000   Number         0  __rtentry4.o ABSOLUTE
    ../clib/angel/kernel.s                   0x00000000   Number         0  rtexit.o ABSOLUTE
    ../clib/angel/kernel.s                   0x00000000   Number         0  rtexit2.o ABSOLUTE
    ../clib/angel/kernel.s                   0x00000000   Number         0  __rtentry.o ABSOLUTE
    ../clib/angel/rt.s                       0x00000000   Number         0  rt_raise.o ABSOLUTE
    ../clib/angel/scatter.s                  0x00000000   Number         0  __scatter.o ABSOLUTE
    ../clib/angel/startup.s                  0x00000000   Number         0  __main.o ABSOLUTE
    ../clib/angel/sys.s                      0x00000000   Number         0  use_no_semi.o ABSOLUTE
    ../clib/angel/sys.s                      0x00000000   Number         0  libspace.o ABSOLUTE
    ../clib/angel/sys.s                      0x00000000   Number         0  sys_stackheap_outer.o ABSOLUTE
    ../clib/angel/sys.s                      0x00000000   Number         0  indicate_semi.o ABSOLUTE
    ../clib/angel/sysapp.c                   0x00000000   Number         0  sys_command.o ABSOLUTE
    ../clib/angel/sysapp.c                   0x00000000   Number         0  sys_exit.o ABSOLUTE
    ../clib/angel/sysapp.c                   0x00000000   Number         0  sys_wrch.o ABSOLUTE
    ../clib/armsys.c                         0x00000000   Number         0  no_argv.o ABSOLUTE
    ../clib/armsys.c                         0x00000000   Number         0  argv_veneer.o ABSOLUTE
    ../clib/armsys.c                         0x00000000   Number         0  argv_veneer.o ABSOLUTE
    ../clib/armsys.c                         0x00000000   Number         0  _get_argv_nomalloc.o ABSOLUTE
    ../clib/heapalloc.c                      0x00000000   Number         0  hrguard.o ABSOLUTE
    ../clib/heapaux.c                        0x00000000   Number         0  heapauxi.o ABSOLUTE
    ../clib/libinit.s                        0x00000000   Number         0  libshutdown.o ABSOLUTE
    ../clib/libinit.s                        0x00000000   Number         0  libinit.o ABSOLUTE
    ../clib/libinit.s                        0x00000000   Number         0  libinit2.o ABSOLUTE
    ../clib/libinit.s                        0x00000000   Number         0  libshutdown2.o ABSOLUTE
    ../clib/memcpset.s                       0x00000000   Number         0  rt_memclr_w.o ABSOLUTE
    ../clib/memcpset.s                       0x00000000   Number         0  rt_memcpy_v6.o ABSOLUTE
    ../clib/memcpset.s                       0x00000000   Number         0  rt_memclr.o ABSOLUTE
    ../clib/memcpset.s                       0x00000000   Number         0  rt_memcpy_w.o ABSOLUTE
    ../clib/signal.c                         0x00000000   Number         0  defsig_general.o ABSOLUTE
    ../clib/signal.c                         0x00000000   Number         0  __raise.o ABSOLUTE
    ../clib/signal.c                         0x00000000   Number         0  defsig_cppl_inner.o ABSOLUTE
    ../clib/signal.c                         0x00000000   Number         0  defsig_rtmem_inner.o ABSOLUTE
    ../clib/signal.c                         0x00000000   Number         0  defsig_exit.o ABSOLUTE
    ../clib/signal.c                         0x00000000   Number         0  defsig_rtmem_outer.o ABSOLUTE
    ../clib/signal.c                         0x00000000   Number         0  defsig_rtmem_formal.o ABSOLUTE
    ../clib/signal.c                         0x00000000   Number         0  defsig_pvfn_inner.o ABSOLUTE
    ../clib/signal.c                         0x00000000   Number         0  defsig_stak_inner.o ABSOLUTE
    ../clib/signal.c                         0x00000000   Number         0  defsig_rtred_inner.o ABSOLUTE
    ../clib/signal.c                         0x00000000   Number         0  defsig_fpe_inner.o ABSOLUTE
    ../clib/signal.c                         0x00000000   Number         0  defsig_abrt_inner.o ABSOLUTE
    ../clib/signal.c                         0x00000000   Number         0  defsig_other.o ABSOLUTE
    ../clib/signal.c                         0x00000000   Number         0  defsig_segv_inner.o ABSOLUTE
    ../clib/signal.s                         0x00000000   Number         0  defsig.o ABSOLUTE
    ../clib/stdlib.c                         0x00000000   Number         0  exit.o ABSOLUTE
    ../clib/string.c                         0x00000000   Number         0  strcat.o ABSOLUTE
    ../fplib/fpinit.s                        0x00000000   Number         0  fpinit.o ABSOLUTE
    RTE\Device\STM32F103C8\startup_stm32f10x_md.s 0x00000000   Number         0  startup_stm32f10x_md.o ABSOLUTE
    RTE\Device\STM32F103C8\system_stm32f10x.c 0x00000000   Number         0  system_stm32f10x.o ABSOLUTE
    RTE\\Device\\STM32F103C8\\system_stm32f10x.c 0x00000000   Number         0  system_stm32f10x.o ABSOLUTE
    bluetooth.c                              0x00000000   Number         0  bluetooth.o ABSOLUTE
    bluetooth.c                              0x00000000   Number         0  bluetooth.o ABSOLUTE
    button.c                                 0x00000000   Number         0  button.o ABSOLUTE
    button.c                                 0x00000000   Number         0  button.o ABSOLUTE
    clock.c                                  0x00000000   Number         0  clock.o ABSOLUTE
    clock.c                                  0x00000000   Number         0  clock.o ABSOLUTE
    dc.s                                     0x00000000   Number         0  dc.o ABSOLUTE
    dma.c                                    0x00000000   Number         0  dma.o ABSOLUTE
    dma.c                                    0x00000000   Number         0  dma.o ABSOLUTE
    eeprom.c                                 0x00000000   Number         0  eeprom.o ABSOLUTE
    eeprom.c                                 0x00000000   Number         0  eeprom.o ABSOLUTE
    fingerprint.c                            0x00000000   Number         0  fingerprint.o ABSOLUTE
    fingerprint.c                            0x00000000   Number         0  fingerprint.o ABSOLUTE
    gpio.c                                   0x00000000   Number         0  gpio.o ABSOLUTE
    gpio.c                                   0x00000000   Number         0  gpio.o ABSOLUTE
    gsm.c                                    0x00000000   Number         0  gsm.o ABSOLUTE
    gsm.c                                    0x00000000   Number         0  gsm.o ABSOLUTE
    i2c.c                                    0x00000000   Number         0  i2c.o ABSOLUTE
    i2c.c                                    0x00000000   Number         0  i2c.o ABSOLUTE
    keypad.c                                 0x00000000   Number         0  keypad.o ABSOLUTE
    keypad.c                                 0x00000000   Number         0  keypad.o ABSOLUTE
    main.c                                   0x00000000   Number         0  main.o ABSOLUTE
    main.c                                   0x00000000   Number         0  main.o ABSOLUTE
    oled.c                                   0x00000000   Number         0  oled.o ABSOLUTE
    oled.c                                   0x00000000   Number         0  oled.o ABSOLUTE
    rtc.c                                    0x00000000   Number         0  rtc.o ABSOLUTE
    rtc.c                                    0x00000000   Number         0  rtc.o ABSOLUTE
    spi.c                                    0x00000000   Number         0  spi.o ABSOLUTE
    spi.c                                    0x00000000   Number         0  spi.o ABSOLUTE
    system.c                                 0x00000000   Number         0  system.o ABSOLUTE
    system.c                                 0x00000000   Number         0  system.o ABSOLUTE
    systick.c                                0x00000000   Number         0  systick.o ABSOLUTE
    systick.c                                0x00000000   Number         0  systick.o ABSOLUTE
    uart.c                                   0x00000000   Number         0  uart.o ABSOLUTE
    uart.c                                   0x00000000   Number         0  uart.o ABSOLUTE
    RESET                                    0x08000000   Section      236  startup_stm32f10x_md.o(RESET)
    !!!main                                  0x080000ec   Section        8  __main.o(!!!main)
    !!!scatter                               0x080000f4   Section       52  __scatter.o(!!!scatter)
    !!handler_copy                           0x08000128   Section       26  __scatter_copy.o(!!handler_copy)
    !!handler_zi                             0x08000144   Section       28  __scatter_zi.o(!!handler_zi)
    .ARM.Collect$$libinit$$00000000          0x08000160   Section        2  libinit.o(.ARM.Collect$$libinit$$00000000)
    .ARM.Collect$$libinit$$00000002          0x08000162   Section        0  libinit2.o(.ARM.Collect$$libinit$$00000002)
    .ARM.Collect$$libinit$$00000004          0x08000162   Section        0  libinit2.o(.ARM.Collect$$libinit$$00000004)
    .ARM.Collect$$libinit$$0000000A          0x08000162   Section        0  libinit2.o(.ARM.Collect$$libinit$$0000000A)
    .ARM.Collect$$libinit$$0000000C          0x08000162   Section        0  libinit2.o(.ARM.Collect$$libinit$$0000000C)
    .ARM.Collect$$libinit$$0000000E          0x08000162   Section        0  libinit2.o(.ARM.Collect$$libinit$$0000000E)
    .ARM.Collect$$libinit$$00000011          0x08000162   Section        0  libinit2.o(.ARM.Collect$$libinit$$00000011)
    .ARM.Collect$$libinit$$00000013          0x08000162   Section        0  libinit2.o(.ARM.Collect$$libinit$$00000013)
    .ARM.Collect$$libinit$$00000015          0x08000162   Section        0  libinit2.o(.ARM.Collect$$libinit$$00000015)
    .ARM.Collect$$libinit$$00000017          0x08000162   Section        0  libinit2.o(.ARM.Collect$$libinit$$00000017)
    .ARM.Collect$$libinit$$00000019          0x08000162   Section        0  libinit2.o(.ARM.Collect$$libinit$$00000019)
    .ARM.Collect$$libinit$$0000001B          0x08000162   Section        0  libinit2.o(.ARM.Collect$$libinit$$0000001B)
    .ARM.Collect$$libinit$$0000001D          0x08000162   Section        0  libinit2.o(.ARM.Collect$$libinit$$0000001D)
    .ARM.Collect$$libinit$$0000001F          0x08000162   Section        0  libinit2.o(.ARM.Collect$$libinit$$0000001F)
    .ARM.Collect$$libinit$$00000021          0x08000162   Section        0  libinit2.o(.ARM.Collect$$libinit$$00000021)
    .ARM.Collect$$libinit$$00000023          0x08000162   Section        0  libinit2.o(.ARM.Collect$$libinit$$00000023)
    .ARM.Collect$$libinit$$00000025          0x08000162   Section        0  libinit2.o(.ARM.Collect$$libinit$$00000025)
    .ARM.Collect$$libinit$$0000002C          0x08000162   Section        0  libinit2.o(.ARM.Collect$$libinit$$0000002C)
    .ARM.Collect$$libinit$$0000002E          0x08000162   Section        0  libinit2.o(.ARM.Collect$$libinit$$0000002E)
    .ARM.Collect$$libinit$$00000030          0x08000162   Section        0  libinit2.o(.ARM.Collect$$libinit$$00000030)
    .ARM.Collect$$libinit$$00000032          0x08000162   Section        0  libinit2.o(.ARM.Collect$$libinit$$00000032)
    .ARM.Collect$$libinit$$00000033          0x08000162   Section        2  libinit2.o(.ARM.Collect$$libinit$$00000033)
    .ARM.Collect$$libshutdown$$00000000      0x08000164   Section        2  libshutdown.o(.ARM.Collect$$libshutdown$$00000000)
    .ARM.Collect$$libshutdown$$00000002      0x08000166   Section        0  libshutdown2.o(.ARM.Collect$$libshutdown$$00000002)
    .ARM.Collect$$libshutdown$$00000004      0x08000166   Section        0  libshutdown2.o(.ARM.Collect$$libshutdown$$00000004)
    .ARM.Collect$$libshutdown$$00000006      0x08000166   Section        0  libshutdown2.o(.ARM.Collect$$libshutdown$$00000006)
    .ARM.Collect$$libshutdown$$00000009      0x08000166   Section        0  libshutdown2.o(.ARM.Collect$$libshutdown$$00000009)
    .ARM.Collect$$libshutdown$$0000000C      0x08000166   Section        0  libshutdown2.o(.ARM.Collect$$libshutdown$$0000000C)
    .ARM.Collect$$libshutdown$$0000000E      0x08000166   Section        0  libshutdown2.o(.ARM.Collect$$libshutdown$$0000000E)
    .ARM.Collect$$libshutdown$$00000011      0x08000166   Section        0  libshutdown2.o(.ARM.Collect$$libshutdown$$00000011)
    .ARM.Collect$$libshutdown$$00000012      0x08000166   Section        2  libshutdown2.o(.ARM.Collect$$libshutdown$$00000012)
    .ARM.Collect$$rtentry$$00000000          0x08000168   Section        0  __rtentry.o(.ARM.Collect$$rtentry$$00000000)
    .ARM.Collect$$rtentry$$00000002          0x08000168   Section        0  __rtentry2.o(.ARM.Collect$$rtentry$$00000002)
    .ARM.Collect$$rtentry$$00000004          0x08000168   Section        6  __rtentry4.o(.ARM.Collect$$rtentry$$00000004)
    .ARM.Collect$$rtentry$$00000009          0x0800016e   Section        0  __rtentry2.o(.ARM.Collect$$rtentry$$00000009)
    .ARM.Collect$$rtentry$$0000000A          0x0800016e   Section        4  __rtentry2.o(.ARM.Collect$$rtentry$$0000000A)
    .ARM.Collect$$rtentry$$0000000C          0x08000172   Section        0  __rtentry2.o(.ARM.Collect$$rtentry$$0000000C)
    .ARM.Collect$$rtentry$$0000000D          0x08000172   Section        8  __rtentry2.o(.ARM.Collect$$rtentry$$0000000D)
    .ARM.Collect$$rtexit$$00000000           0x0800017a   Section        2  rtexit.o(.ARM.Collect$$rtexit$$00000000)
    .ARM.Collect$$rtexit$$00000002           0x0800017c   Section        0  rtexit2.o(.ARM.Collect$$rtexit$$00000002)
    .ARM.Collect$$rtexit$$00000003           0x0800017c   Section        4  rtexit2.o(.ARM.Collect$$rtexit$$00000003)
    .ARM.Collect$$rtexit$$00000004           0x08000180   Section        6  rtexit2.o(.ARM.Collect$$rtexit$$00000004)
    .text                                    0x08000188   Section       64  startup_stm32f10x_md.o(.text)
    .text                                    0x080001c8   Section       68  rt_memclr.o(.text)
    .text                                    0x0800020c   Section        0  heapauxi.o(.text)
    .text                                    0x08000212   Section       78  rt_memclr_w.o(.text)
    .text                                    0x08000260   Section       74  sys_stackheap_outer.o(.text)
    .text                                    0x080002aa   Section        0  exit.o(.text)
    .text                                    0x080002bc   Section        8  libspace.o(.text)
    .text                                    0x080002c4   Section        0  sys_exit.o(.text)
    .text                                    0x080002d0   Section        2  use_no_semi.o(.text)
    .text                                    0x080002d2   Section        0  indicate_semi.o(.text)
    i.BT_Init                                0x080002d4   Section        0  bluetooth.o(i.BT_Init)
    i.BT_Receive                             0x0800030c   Section        0  bluetooth.o(i.BT_Receive)
    i.BT_RxBufferInit                        0x08000334   Section        0  bluetooth.o(i.BT_RxBufferInit)
    i.BT_Transmit                            0x08000354   Section        0  bluetooth.o(i.BT_Transmit)
    i.Clock_HSI_8MHz_Init                    0x08000368   Section        0  clock.o(i.Clock_HSI_8MHz_Init)
    i.DMA_RxBufferFull                       0x080003b4   Section        0  dma.o(i.DMA_RxBufferFull)
    i.DMA_USART_Rx_Init                      0x080003e0   Section        0  dma.o(i.DMA_USART_Rx_Init)
    i.GPIO_InputInit                         0x080003fa   Section        0  gpio.o(i.GPIO_InputInit)
    i.GPIO_InputRead                         0x0800041a   Section        0  gpio.o(i.GPIO_InputRead)
    i.GPIO_OutputInit                        0x0800042c   Section        0  gpio.o(i.GPIO_OutputInit)
    i.GPIO_OutputWrite                       0x0800044e   Section        0  gpio.o(i.GPIO_OutputWrite)
    i.GPIO_Reset                             0x08000460   Section        0  gpio.o(i.GPIO_Reset)
    i.I2C_Init                               0x080004c0   Section        0  i2c.o(i.I2C_Init)
    i.I2C_WriteByte                          0x080004e6   Section        0  i2c.o(i.I2C_WriteByte)
    i.I2C_WriteMultiByte                     0x08000558   Section        0  i2c.o(i.I2C_WriteMultiByte)
    i.IsDebounced                            0x080005dc   Section        0  keypad.o(i.IsDebounced)
    IsDebounced                              0x080005dd   Thumb Code    80  keypad.o(i.IsDebounced)
    i.Keypad_GetChar                         0x08000630   Section        0  keypad.o(i.Keypad_GetChar)
    i.Keypad_Init                            0x080006a0   Section        0  keypad.o(i.Keypad_Init)
    i.OLED_ClearScreen                       0x080006dc   Section        0  oled.o(i.OLED_ClearScreen)
    i.OLED_DrawPixel                         0x080006f0   Section        0  oled.o(i.OLED_DrawPixel)
    i.OLED_Fill                              0x0800078c   Section        0  oled.o(i.OLED_Fill)
    OLED_Fill                                0x0800078d   Thumb Code    28  oled.o(i.OLED_Fill)
    i.OLED_Init                              0x080007ac   Section        0  oled.o(i.OLED_Init)
    i.OLED_SetCursor                         0x0800087c   Section        0  oled.o(i.OLED_SetCursor)
    i.OLED_UpdateScreen                      0x08000890   Section        0  oled.o(i.OLED_UpdateScreen)
    i.OLED_WriteChar                         0x080008c8   Section        0  oled.o(i.OLED_WriteChar)
    i.OLED_WriteCommand                      0x08000978   Section        0  oled.o(i.OLED_WriteCommand)
    OLED_WriteCommand                        0x08000979   Thumb Code    18  oled.o(i.OLED_WriteCommand)
    i.OLED_WriteData                         0x08000990   Section        0  oled.o(i.OLED_WriteData)
    OLED_WriteData                           0x08000991   Thumb Code    22  oled.o(i.OLED_WriteData)
    i.OLED_WriteString                       0x080009ac   Section        0  oled.o(i.OLED_WriteString)
    i.SelectRow                              0x080009d4   Section        0  keypad.o(i.SelectRow)
    SelectRow                                0x080009d5   Thumb Code   120  keypad.o(i.SelectRow)
    i.SetSysClock                            0x08000a50   Section        0  system_stm32f10x.o(i.SetSysClock)
    SetSysClock                              0x08000a51   Thumb Code     8  system_stm32f10x.o(i.SetSysClock)
    i.SetSysClockTo72                        0x08000a58   Section        0  system_stm32f10x.o(i.SetSysClockTo72)
    SetSysClockTo72                          0x08000a59   Thumb Code   214  system_stm32f10x.o(i.SetSysClockTo72)
    i.SysTick_DelayMs                        0x08000b38   Section        0  systick.o(i.SysTick_DelayMs)
    i.SysTick_Handler                        0x08000b50   Section        0  systick.o(i.SysTick_Handler)
    i.SysTick_Init                           0x08000b60   Section        0  systick.o(i.SysTick_Init)
    i.SystemInit                             0x08000b7c   Section        0  system_stm32f10x.o(i.SystemInit)
    i.System_Config                          0x08000bdc   Section        0  system.o(i.System_Config)
    i.System_DelayMs                         0x08000c10   Section        0  system.o(i.System_DelayMs)
    i.USART_Init                             0x08000c1c   Section        0  uart.o(i.USART_Init)
    i.USART_RxIdleLineDetected               0x08000c6a   Section        0  uart.o(i.USART_RxIdleLineDetected)
    i.USART_WriteChars                       0x08000c86   Section        0  uart.o(i.USART_WriteChars)
    i.main                                   0x08000ca8   Section        0  main.o(i.main)
    .constdata                               0x08000ddc   Section       16  keypad.o(.constdata)
    .constdata                               0x08000dec   Section     1900  oled.o(.constdata)
    .data                                    0x20000000   Section        4  oled.o(.data)
    xPos                                     0x20000000   Data           2  oled.o(.data)
    yPos                                     0x20000002   Data           2  oled.o(.data)
    .data                                    0x20000004   Section        4  systick.o(.data)
    numberOfTicks                            0x20000004   Data           4  systick.o(.data)
    .bss                                     0x20000008   Section       20  main.o(.bss)
    btRxBuffer                               0x20000008   Data          20  main.o(.bss)
    .bss                                     0x2000001c   Section       16  keypad.o(.bss)
    prevPressed                              0x2000001c   Data          16  keypad.o(.bss)
    .bss                                     0x2000002c   Section     1056  oled.o(.bss)
    screenBuffer                             0x2000002c   Data        1056  oled.o(.bss)
    .bss                                     0x2000044c   Section       96  libspace.o(.bss)
    HEAP                                     0x200004b0   Section      512  startup_stm32f10x_md.o(HEAP)
    Heap_Mem                                 0x200004b0   Data         512  startup_stm32f10x_md.o(HEAP)
    STACK                                    0x200006b0   Section     1024  startup_stm32f10x_md.o(STACK)
    Stack_Mem                                0x200006b0   Data        1024  startup_stm32f10x_md.o(STACK)
    __initial_sp                             0x20000ab0   Data           0  startup_stm32f10x_md.o(STACK)

    Global Symbols

    Symbol Name                              Value     Ov Type        Size  Object(Section)

    BuildAttributes$$THM_ISAv4$P$D$K$B$S$PE$A:L22UL41UL21$X:L11$S22US41US21$IEEE1$IW$USESV6$~STKCKD$USESV7$~SHL$OSPACE$ROPI$EBA8$UX$STANDARDLIB$REQ8$PRES8$EABIv2 0x00000000   Number         0  anon$$obj.o ABSOLUTE
    __ARM_use_no_argv                        0x00000000   Number         0  main.o ABSOLUTE
    __ARM_exceptions_init                     - Undefined Weak Reference
    __alloca_initialize                       - Undefined Weak Reference
    __arm_fini_                               - Undefined Weak Reference
    __arm_preinit_                            - Undefined Weak Reference
    __cpp_initialize__aeabi_                  - Undefined Weak Reference
    __cxa_finalize                            - Undefined Weak Reference
    __rt_locale                               - Undefined Weak Reference
    __sigvec_lookup                           - Undefined Weak Reference
    _atexit_init                              - Undefined Weak Reference
    _call_atexit_fns                          - Undefined Weak Reference
    _clock_init                               - Undefined Weak Reference
    _fp_trap_init                             - Undefined Weak Reference
    _fp_trap_shutdown                         - Undefined Weak Reference
    _get_lc_collate                           - Undefined Weak Reference
    _get_lc_ctype                             - Undefined Weak Reference
    _get_lc_monetary                          - Undefined Weak Reference
    _get_lc_numeric                           - Undefined Weak Reference
    _get_lc_time                              - Undefined Weak Reference
    _getenv_init                              - Undefined Weak Reference
    _handle_redirection                       - Undefined Weak Reference
    _init_alloc                               - Undefined Weak Reference
    _init_user_alloc                          - Undefined Weak Reference
    _initio                                   - Undefined Weak Reference
    _rand_init                                - Undefined Weak Reference
    _signal_finish                            - Undefined Weak Reference
    _signal_init                              - Undefined Weak Reference
    _terminate_alloc                          - Undefined Weak Reference
    _terminate_user_alloc                     - Undefined Weak Reference
    _terminateio                              - Undefined Weak Reference
    __Vectors_Size                           0x000000ec   Number         0  startup_stm32f10x_md.o ABSOLUTE
    __Vectors                                0x08000000   Data           4  startup_stm32f10x_md.o(RESET)
    __Vectors_End                            0x080000ec   Data           0  startup_stm32f10x_md.o(RESET)
    __main                                   0x080000ed   Thumb Code     8  __main.o(!!!main)
    __scatterload                            0x080000f5   Thumb Code     0  __scatter.o(!!!scatter)
    __scatterload_rt2                        0x080000f5   Thumb Code    44  __scatter.o(!!!scatter)
    __scatterload_rt2_thumb_only             0x080000f5   Thumb Code     0  __scatter.o(!!!scatter)
    __scatterload_null                       0x08000103   Thumb Code     0  __scatter.o(!!!scatter)
    __scatterload_copy                       0x08000129   Thumb Code    26  __scatter_copy.o(!!handler_copy)
    __scatterload_zeroinit                   0x08000145   Thumb Code    28  __scatter_zi.o(!!handler_zi)
    __rt_lib_init                            0x08000161   Thumb Code     0  libinit.o(.ARM.Collect$$libinit$$00000000)
    __rt_lib_init_alloca_1                   0x08000163   Thumb Code     0  libinit2.o(.ARM.Collect$$libinit$$0000002E)
    __rt_lib_init_argv_1                     0x08000163   Thumb Code     0  libinit2.o(.ARM.Collect$$libinit$$0000002C)
    __rt_lib_init_atexit_1                   0x08000163   Thumb Code     0  libinit2.o(.ARM.Collect$$libinit$$0000001B)
    __rt_lib_init_clock_1                    0x08000163   Thumb Code     0  libinit2.o(.ARM.Collect$$libinit$$00000021)
    __rt_lib_init_cpp_1                      0x08000163   Thumb Code     0  libinit2.o(.ARM.Collect$$libinit$$00000032)
    __rt_lib_init_exceptions_1               0x08000163   Thumb Code     0  libinit2.o(.ARM.Collect$$libinit$$00000030)
    __rt_lib_init_fp_1                       0x08000163   Thumb Code     0  libinit2.o(.ARM.Collect$$libinit$$00000002)
    __rt_lib_init_fp_trap_1                  0x08000163   Thumb Code     0  libinit2.o(.ARM.Collect$$libinit$$0000001F)
    __rt_lib_init_getenv_1                   0x08000163   Thumb Code     0  libinit2.o(.ARM.Collect$$libinit$$00000023)
    __rt_lib_init_heap_1                     0x08000163   Thumb Code     0  libinit2.o(.ARM.Collect$$libinit$$0000000A)
    __rt_lib_init_lc_collate_1               0x08000163   Thumb Code     0  libinit2.o(.ARM.Collect$$libinit$$00000011)
    __rt_lib_init_lc_ctype_1                 0x08000163   Thumb Code     0  libinit2.o(.ARM.Collect$$libinit$$00000013)
    __rt_lib_init_lc_monetary_1              0x08000163   Thumb Code     0  libinit2.o(.ARM.Collect$$libinit$$00000015)
    __rt_lib_init_lc_numeric_1               0x08000163   Thumb Code     0  libinit2.o(.ARM.Collect$$libinit$$00000017)
    __rt_lib_init_lc_time_1                  0x08000163   Thumb Code     0  libinit2.o(.ARM.Collect$$libinit$$00000019)
    __rt_lib_init_preinit_1                  0x08000163   Thumb Code     0  libinit2.o(.ARM.Collect$$libinit$$00000004)
    __rt_lib_init_rand_1                     0x08000163   Thumb Code     0  libinit2.o(.ARM.Collect$$libinit$$0000000E)
    __rt_lib_init_return                     0x08000163   Thumb Code     0  libinit2.o(.ARM.Collect$$libinit$$00000033)
    __rt_lib_init_signal_1                   0x08000163   Thumb Code     0  libinit2.o(.ARM.Collect$$libinit$$0000001D)
    __rt_lib_init_stdio_1                    0x08000163   Thumb Code     0  libinit2.o(.ARM.Collect$$libinit$$00000025)
    __rt_lib_init_user_alloc_1               0x08000163   Thumb Code     0  libinit2.o(.ARM.Collect$$libinit$$0000000C)
    __rt_lib_shutdown                        0x08000165   Thumb Code     0  libshutdown.o(.ARM.Collect$$libshutdown$$00000000)
    __rt_lib_shutdown_cpp_1                  0x08000167   Thumb Code     0  libshutdown2.o(.ARM.Collect$$libshutdown$$00000004)
    __rt_lib_shutdown_fini_1                 0x08000167   Thumb Code     0  libshutdown2.o(.ARM.Collect$$libshutdown$$00000002)
    __rt_lib_shutdown_fp_trap_1              0x08000167   Thumb Code     0  libshutdown2.o(.ARM.Collect$$libshutdown$$00000009)
    __rt_lib_shutdown_heap_1                 0x08000167   Thumb Code     0  libshutdown2.o(.ARM.Collect$$libshutdown$$00000011)
    __rt_lib_shutdown_return                 0x08000167   Thumb Code     0  libshutdown2.o(.ARM.Collect$$libshutdown$$00000012)
    __rt_lib_shutdown_signal_1               0x08000167   Thumb Code     0  libshutdown2.o(.ARM.Collect$$libshutdown$$0000000C)
    __rt_lib_shutdown_stdio_1                0x08000167   Thumb Code     0  libshutdown2.o(.ARM.Collect$$libshutdown$$00000006)
    __rt_lib_shutdown_user_alloc_1           0x08000167   Thumb Code     0  libshutdown2.o(.ARM.Collect$$libshutdown$$0000000E)
    __rt_entry                               0x08000169   Thumb Code     0  __rtentry.o(.ARM.Collect$$rtentry$$00000000)
    __rt_entry_presh_1                       0x08000169   Thumb Code     0  __rtentry2.o(.ARM.Collect$$rtentry$$00000002)
    __rt_entry_sh                            0x08000169   Thumb Code     0  __rtentry4.o(.ARM.Collect$$rtentry$$00000004)
    __rt_entry_li                            0x0800016f   Thumb Code     0  __rtentry2.o(.ARM.Collect$$rtentry$$0000000A)
    __rt_entry_postsh_1                      0x0800016f   Thumb Code     0  __rtentry2.o(.ARM.Collect$$rtentry$$00000009)
    __rt_entry_main                          0x08000173   Thumb Code     0  __rtentry2.o(.ARM.Collect$$rtentry$$0000000D)
    __rt_entry_postli_1                      0x08000173   Thumb Code     0  __rtentry2.o(.ARM.Collect$$rtentry$$0000000C)
    __rt_exit                                0x0800017b   Thumb Code     0  rtexit.o(.ARM.Collect$$rtexit$$00000000)
    __rt_exit_ls                             0x0800017d   Thumb Code     0  rtexit2.o(.ARM.Collect$$rtexit$$00000003)
    __rt_exit_prels_1                        0x0800017d   Thumb Code     0  rtexit2.o(.ARM.Collect$$rtexit$$00000002)
    __rt_exit_exit                           0x08000181   Thumb Code     0  rtexit2.o(.ARM.Collect$$rtexit$$00000004)
    Reset_Handler                            0x08000189   Thumb Code     8  startup_stm32f10x_md.o(.text)
    NMI_Handler                              0x08000191   Thumb Code     2  startup_stm32f10x_md.o(.text)
    HardFault_Handler                        0x08000193   Thumb Code     2  startup_stm32f10x_md.o(.text)
    MemManage_Handler                        0x08000195   Thumb Code     2  startup_stm32f10x_md.o(.text)
    BusFault_Handler                         0x08000197   Thumb Code     2  startup_stm32f10x_md.o(.text)
    UsageFault_Handler                       0x08000199   Thumb Code     2  startup_stm32f10x_md.o(.text)
    SVC_Handler                              0x0800019b   Thumb Code     2  startup_stm32f10x_md.o(.text)
    DebugMon_Handler                         0x0800019d   Thumb Code     2  startup_stm32f10x_md.o(.text)
    PendSV_Handler                           0x0800019f   Thumb Code     2  startup_stm32f10x_md.o(.text)
    ADC1_2_IRQHandler                        0x080001a3   Thumb Code     0  startup_stm32f10x_md.o(.text)
    CAN1_RX1_IRQHandler                      0x080001a3   Thumb Code     0  startup_stm32f10x_md.o(.text)
    CAN1_SCE_IRQHandler                      0x080001a3   Thumb Code     0  startup_stm32f10x_md.o(.text)
    DMA1_Channel1_IRQHandler                 0x080001a3   Thumb Code     0  startup_stm32f10x_md.o(.text)
    DMA1_Channel2_IRQHandler                 0x080001a3   Thumb Code     0  startup_stm32f10x_md.o(.text)
    DMA1_Channel3_IRQHandler                 0x080001a3   Thumb Code     0  startup_stm32f10x_md.o(.text)
    DMA1_Channel4_IRQHandler                 0x080001a3   Thumb Code     0  startup_stm32f10x_md.o(.text)
    DMA1_Channel5_IRQHandler                 0x080001a3   Thumb Code     0  startup_stm32f10x_md.o(.text)
    DMA1_Channel6_IRQHandler                 0x080001a3   Thumb Code     0  startup_stm32f10x_md.o(.text)
    DMA1_Channel7_IRQHandler                 0x080001a3   Thumb Code     0  startup_stm32f10x_md.o(.text)
    EXTI0_IRQHandler                         0x080001a3   Thumb Code     0  startup_stm32f10x_md.o(.text)
    EXTI15_10_IRQHandler                     0x080001a3   Thumb Code     0  startup_stm32f10x_md.o(.text)
    EXTI1_IRQHandler                         0x080001a3   Thumb Code     0  startup_stm32f10x_md.o(.text)
    EXTI2_IRQHandler                         0x080001a3   Thumb Code     0  startup_stm32f10x_md.o(.text)
    EXTI3_IRQHandler                         0x080001a3   Thumb Code     0  startup_stm32f10x_md.o(.text)
    EXTI4_IRQHandler                         0x080001a3   Thumb Code     0  startup_stm32f10x_md.o(.text)
    EXTI9_5_IRQHandler                       0x080001a3   Thumb Code     0  startup_stm32f10x_md.o(.text)
    FLASH_IRQHandler                         0x080001a3   Thumb Code     0  startup_stm32f10x_md.o(.text)
    I2C1_ER_IRQHandler                       0x080001a3   Thumb Code     0  startup_stm32f10x_md.o(.text)
    I2C1_EV_IRQHandler                       0x080001a3   Thumb Code     0  startup_stm32f10x_md.o(.text)
    I2C2_ER_IRQHandler                       0x080001a3   Thumb Code     0  startup_stm32f10x_md.o(.text)
    I2C2_EV_IRQHandler                       0x080001a3   Thumb Code     0  startup_stm32f10x_md.o(.text)
    PVD_IRQHandler                           0x080001a3   Thumb Code     0  startup_stm32f10x_md.o(.text)
    RCC_IRQHandler                           0x080001a3   Thumb Code     0  startup_stm32f10x_md.o(.text)
    RTCAlarm_IRQHandler                      0x080001a3   Thumb Code     0  startup_stm32f10x_md.o(.text)
    RTC_IRQHandler                           0x080001a3   Thumb Code     0  startup_stm32f10x_md.o(.text)
    SPI1_IRQHandler                          0x080001a3   Thumb Code     0  startup_stm32f10x_md.o(.text)
    SPI2_IRQHandler                          0x080001a3   Thumb Code     0  startup_stm32f10x_md.o(.text)
    TAMPER_IRQHandler                        0x080001a3   Thumb Code     0  startup_stm32f10x_md.o(.text)
    TIM1_BRK_IRQHandler                      0x080001a3   Thumb Code     0  startup_stm32f10x_md.o(.text)
    TIM1_CC_IRQHandler                       0x080001a3   Thumb Code     0  startup_stm32f10x_md.o(.text)
    TIM1_TRG_COM_IRQHandler                  0x080001a3   Thumb Code     0  startup_stm32f10x_md.o(.text)
    TIM1_UP_IRQHandler                       0x080001a3   Thumb Code     0  startup_stm32f10x_md.o(.text)
    TIM2_IRQHandler                          0x080001a3   Thumb Code     0  startup_stm32f10x_md.o(.text)
    TIM3_IRQHandler                          0x080001a3   Thumb Code     0  startup_stm32f10x_md.o(.text)
    TIM4_IRQHandler                          0x080001a3   Thumb Code     0  startup_stm32f10x_md.o(.text)
    USART1_IRQHandler                        0x080001a3   Thumb Code     0  startup_stm32f10x_md.o(.text)
    USART2_IRQHandler                        0x080001a3   Thumb Code     0  startup_stm32f10x_md.o(.text)
    USART3_IRQHandler                        0x080001a3   Thumb Code     0  startup_stm32f10x_md.o(.text)
    USBWakeUp_IRQHandler                     0x080001a3   Thumb Code     0  startup_stm32f10x_md.o(.text)
    USB_HP_CAN1_TX_IRQHandler                0x080001a3   Thumb Code     0  startup_stm32f10x_md.o(.text)
    USB_LP_CAN1_RX0_IRQHandler               0x080001a3   Thumb Code     0  startup_stm32f10x_md.o(.text)
    WWDG_IRQHandler                          0x080001a3   Thumb Code     0  startup_stm32f10x_md.o(.text)
    __user_initial_stackheap                 0x080001a5   Thumb Code     0  startup_stm32f10x_md.o(.text)
    __aeabi_memclr                           0x080001c9   Thumb Code     0  rt_memclr.o(.text)
    __rt_memclr                              0x080001c9   Thumb Code    68  rt_memclr.o(.text)
    _memset                                  0x080001cd   Thumb Code     0  rt_memclr.o(.text)
    __use_two_region_memory                  0x0800020d   Thumb Code     2  heapauxi.o(.text)
    __rt_heap_escrow$2region                 0x0800020f   Thumb Code     2  heapauxi.o(.text)
    __rt_heap_expand$2region                 0x08000211   Thumb Code     2  heapauxi.o(.text)
    __aeabi_memclr4                          0x08000213   Thumb Code     0  rt_memclr_w.o(.text)
    __aeabi_memclr8                          0x08000213   Thumb Code     0  rt_memclr_w.o(.text)
    __rt_memclr_w                            0x08000213   Thumb Code    78  rt_memclr_w.o(.text)
    _memset_w                                0x08000217   Thumb Code     0  rt_memclr_w.o(.text)
    __user_setup_stackheap                   0x08000261   Thumb Code    74  sys_stackheap_outer.o(.text)
    exit                                     0x080002ab   Thumb Code    18  exit.o(.text)
    __user_libspace                          0x080002bd   Thumb Code     8  libspace.o(.text)
    __user_perproc_libspace                  0x080002bd   Thumb Code     0  libspace.o(.text)
    __user_perthread_libspace                0x080002bd   Thumb Code     0  libspace.o(.text)
    _sys_exit                                0x080002c5   Thumb Code     8  sys_exit.o(.text)
    __I$use$semihosting                      0x080002d1   Thumb Code     0  use_no_semi.o(.text)
    __use_no_semihosting_swi                 0x080002d1   Thumb Code     2  use_no_semi.o(.text)
    __semihosting_library_function           0x080002d3   Thumb Code     0  indicate_semi.o(.text)
    BT_Init                                  0x080002d5   Thumb Code    48  bluetooth.o(i.BT_Init)
    BT_Receive                               0x0800030d   Thumb Code    30  bluetooth.o(i.BT_Receive)
    BT_RxBufferInit                          0x08000335   Thumb Code    24  bluetooth.o(i.BT_RxBufferInit)
    BT_Transmit                              0x08000355   Thumb Code    14  bluetooth.o(i.BT_Transmit)
    Clock_HSI_8MHz_Init                      0x08000369   Thumb Code    68  clock.o(i.Clock_HSI_8MHz_Init)
    DMA_RxBufferFull                         0x080003b5   Thumb Code    44  dma.o(i.DMA_RxBufferFull)
    DMA_USART_Rx_Init                        0x080003e1   Thumb Code    26  dma.o(i.DMA_USART_Rx_Init)
    GPIO_InputInit                           0x080003fb   Thumb Code    32  gpio.o(i.GPIO_InputInit)
    GPIO_InputRead                           0x0800041b   Thumb Code    18  gpio.o(i.GPIO_InputRead)
    GPIO_OutputInit                          0x0800042d   Thumb Code    34  gpio.o(i.GPIO_OutputInit)
    GPIO_OutputWrite                         0x0800044f   Thumb Code    16  gpio.o(i.GPIO_OutputWrite)
    GPIO_Reset                               0x08000461   Thumb Code    74  gpio.o(i.GPIO_Reset)
    I2C_Init                                 0x080004c1   Thumb Code    38  i2c.o(i.I2C_Init)
    I2C_WriteByte                            0x080004e7   Thumb Code   114  i2c.o(i.I2C_WriteByte)
    I2C_WriteMultiByte                       0x08000559   Thumb Code   130  i2c.o(i.I2C_WriteMultiByte)
    Keypad_GetChar                           0x08000631   Thumb Code   102  keypad.o(i.Keypad_GetChar)
    Keypad_Init                              0x080006a1   Thumb Code    46  keypad.o(i.Keypad_Init)
    OLED_ClearScreen                         0x080006dd   Thumb Code    14  oled.o(i.OLED_ClearScreen)
    OLED_DrawPixel                           0x080006f1   Thumb Code   150  oled.o(i.OLED_DrawPixel)
    OLED_Init                                0x080007ad   Thumb Code   198  oled.o(i.OLED_Init)
    OLED_SetCursor                           0x0800087d   Thumb Code    10  oled.o(i.OLED_SetCursor)
    OLED_UpdateScreen                        0x08000891   Thumb Code    52  oled.o(i.OLED_UpdateScreen)
    OLED_WriteChar                           0x080008c9   Thumb Code   162  oled.o(i.OLED_WriteChar)
    OLED_WriteString                         0x080009ad   Thumb Code    38  oled.o(i.OLED_WriteString)
    SysTick_DelayMs                          0x08000b39   Thumb Code    18  systick.o(i.SysTick_DelayMs)
    SysTick_Handler                          0x08000b51   Thumb Code    12  systick.o(i.SysTick_Handler)
    SysTick_Init                             0x08000b61   Thumb Code    26  systick.o(i.SysTick_Init)
    SystemInit                               0x08000b7d   Thumb Code    78  system_stm32f10x.o(i.SystemInit)
    System_Config                            0x08000bdd   Thumb Code    44  system.o(i.System_Config)
    System_DelayMs                           0x08000c11   Thumb Code    12  system.o(i.System_DelayMs)
    USART_Init                               0x08000c1d   Thumb Code    78  uart.o(i.USART_Init)
    USART_RxIdleLineDetected                 0x08000c6b   Thumb Code    28  uart.o(i.USART_RxIdleLineDetected)
    USART_WriteChars                         0x08000c87   Thumb Code    32  uart.o(i.USART_WriteChars)
    main                                     0x08000ca9   Thumb Code   204  main.o(i.main)
    keypadMatrix                             0x08000ddc   Data          16  keypad.o(.constdata)
    Font_7x10                                0x08000dec   Data        1900  oled.o(.constdata)
    Region$$Table$$Base                      0x08001558   Number         0  anon$$obj.o(Region$$Table)
    Region$$Table$$Limit                     0x08001578   Number         0  anon$$obj.o(Region$$Table)
    __libspace_start                         0x2000044c   Data          96  libspace.o(.bss)
    __temporary_stack_top$libspace           0x200004ac   Data           0  libspace.o(.bss)



==============================================================================

Memory Map of the image

  Image Entry point : 0x080000ed

  Load Region LR_IROM1 (Base: 0x08000000, Size: 0x00001580, Max: 0x00010000, ABSOLUTE)

    Execution Region ER_IROM1 (Exec base: 0x08000000, Load base: 0x08000000, Size: 0x00001578, Max: 0x00010000, ABSOLUTE)

    Exec Addr    Load Addr    Size         Type   Attr      Idx    E Section Name        Object

    0x08000000   0x08000000   0x000000ec   Data   RO          912    RESET               startup_stm32f10x_md.o
    0x080000ec   0x080000ec   0x00000008   Code   RO          975  * !!!main             c_w.l(__main.o)
    0x080000f4   0x080000f4   0x00000034   Code   RO         1136    !!!scatter          c_w.l(__scatter.o)
    0x08000128   0x08000128   0x0000001a   Code   RO         1138    !!handler_copy      c_w.l(__scatter_copy.o)
    0x08000142   0x08000142   0x00000002   PAD
    0x08000144   0x08000144   0x0000001c   Code   RO         1140    !!handler_zi        c_w.l(__scatter_zi.o)
    0x08000160   0x08000160   0x00000002   Code   RO         1004    .ARM.Collect$$libinit$$00000000  c_w.l(libinit.o)
    0x08000162   0x08000162   0x00000000   Code   RO         1011    .ARM.Collect$$libinit$$00000002  c_w.l(libinit2.o)
    0x08000162   0x08000162   0x00000000   Code   RO         1013    .ARM.Collect$$libinit$$00000004  c_w.l(libinit2.o)
    0x08000162   0x08000162   0x00000000   Code   RO         1016    .ARM.Collect$$libinit$$0000000A  c_w.l(libinit2.o)
    0x08000162   0x08000162   0x00000000   Code   RO         1018    .ARM.Collect$$libinit$$0000000C  c_w.l(libinit2.o)
    0x08000162   0x08000162   0x00000000   Code   RO         1020    .ARM.Collect$$libinit$$0000000E  c_w.l(libinit2.o)
    0x08000162   0x08000162   0x00000000   Code   RO         1023    .ARM.Collect$$libinit$$00000011  c_w.l(libinit2.o)
    0x08000162   0x08000162   0x00000000   Code   RO         1025    .ARM.Collect$$libinit$$00000013  c_w.l(libinit2.o)
    0x08000162   0x08000162   0x00000000   Code   RO         1027    .ARM.Collect$$libinit$$00000015  c_w.l(libinit2.o)
    0x08000162   0x08000162   0x00000000   Code   RO         1029    .ARM.Collect$$libinit$$00000017  c_w.l(libinit2.o)
    0x08000162   0x08000162   0x00000000   Code   RO         1031    .ARM.Collect$$libinit$$00000019  c_w.l(libinit2.o)
    0x08000162   0x08000162   0x00000000   Code   RO         1033    .ARM.Collect$$libinit$$0000001B  c_w.l(libinit2.o)
    0x08000162   0x08000162   0x00000000   Code   RO         1035    .ARM.Collect$$libinit$$0000001D  c_w.l(libinit2.o)
    0x08000162   0x08000162   0x00000000   Code   RO         1037    .ARM.Collect$$libinit$$0000001F  c_w.l(libinit2.o)
    0x08000162   0x08000162   0x00000000   Code   RO         1039    .ARM.Collect$$libinit$$00000021  c_w.l(libinit2.o)
    0x08000162   0x08000162   0x00000000   Code   RO         1041    .ARM.Collect$$libinit$$00000023  c_w.l(libinit2.o)
    0x08000162   0x08000162   0x00000000   Code   RO         1043    .ARM.Collect$$libinit$$00000025  c_w.l(libinit2.o)
    0x08000162   0x08000162   0x00000000   Code   RO         1047    .ARM.Collect$$libinit$$0000002C  c_w.l(libinit2.o)
    0x08000162   0x08000162   0x00000000   Code   RO         1049    .ARM.Collect$$libinit$$0000002E  c_w.l(libinit2.o)
    0x08000162   0x08000162   0x00000000   Code   RO         1051    .ARM.Collect$$libinit$$00000030  c_w.l(libinit2.o)
    0x08000162   0x08000162   0x00000000   Code   RO         1053    .ARM.Collect$$libinit$$00000032  c_w.l(libinit2.o)
    0x08000162   0x08000162   0x00000002   Code   RO         1054    .ARM.Collect$$libinit$$00000033  c_w.l(libinit2.o)
    0x08000164   0x08000164   0x00000002   Code   RO         1074    .ARM.Collect$$libshutdown$$00000000  c_w.l(libshutdown.o)
    0x08000166   0x08000166   0x00000000   Code   RO         1087    .ARM.Collect$$libshutdown$$00000002  c_w.l(libshutdown2.o)
    0x08000166   0x08000166   0x00000000   Code   RO         1089    .ARM.Collect$$libshutdown$$00000004  c_w.l(libshutdown2.o)
    0x08000166   0x08000166   0x00000000   Code   RO         1091    .ARM.Collect$$libshutdown$$00000006  c_w.l(libshutdown2.o)
    0x08000166   0x08000166   0x00000000   Code   RO         1094    .ARM.Collect$$libshutdown$$00000009  c_w.l(libshutdown2.o)
    0x08000166   0x08000166   0x00000000   Code   RO         1097    .ARM.Collect$$libshutdown$$0000000C  c_w.l(libshutdown2.o)
    0x08000166   0x08000166   0x00000000   Code   RO         1099    .ARM.Collect$$libshutdown$$0000000E  c_w.l(libshutdown2.o)
    0x08000166   0x08000166   0x00000000   Code   RO         1102    .ARM.Collect$$libshutdown$$00000011  c_w.l(libshutdown2.o)
    0x08000166   0x08000166   0x00000002   Code   RO         1103    .ARM.Collect$$libshutdown$$00000012  c_w.l(libshutdown2.o)
    0x08000168   0x08000168   0x00000000   Code   RO          977    .ARM.Collect$$rtentry$$00000000  c_w.l(__rtentry.o)
    0x08000168   0x08000168   0x00000000   Code   RO          981    .ARM.Collect$$rtentry$$00000002  c_w.l(__rtentry2.o)
    0x08000168   0x08000168   0x00000006   Code   RO          993    .ARM.Collect$$rtentry$$00000004  c_w.l(__rtentry4.o)
    0x0800016e   0x0800016e   0x00000000   Code   RO          983    .ARM.Collect$$rtentry$$00000009  c_w.l(__rtentry2.o)
    0x0800016e   0x0800016e   0x00000004   Code   RO          984    .ARM.Collect$$rtentry$$0000000A  c_w.l(__rtentry2.o)
    0x08000172   0x08000172   0x00000000   Code   RO          986    .ARM.Collect$$rtentry$$0000000C  c_w.l(__rtentry2.o)
    0x08000172   0x08000172   0x00000008   Code   RO          987    .ARM.Collect$$rtentry$$0000000D  c_w.l(__rtentry2.o)
    0x0800017a   0x0800017a   0x00000002   Code   RO         1008    .ARM.Collect$$rtexit$$00000000  c_w.l(rtexit.o)
    0x0800017c   0x0800017c   0x00000000   Code   RO         1056    .ARM.Collect$$rtexit$$00000002  c_w.l(rtexit2.o)
    0x0800017c   0x0800017c   0x00000004   Code   RO         1057    .ARM.Collect$$rtexit$$00000003  c_w.l(rtexit2.o)
    0x08000180   0x08000180   0x00000006   Code   RO         1058    .ARM.Collect$$rtexit$$00000004  c_w.l(rtexit2.o)
    0x08000186   0x08000186   0x00000002   PAD
    0x08000188   0x08000188   0x00000040   Code   RO          913    .text               startup_stm32f10x_md.o
    0x080001c8   0x080001c8   0x00000044   Code   RO          971    .text               c_w.l(rt_memclr.o)
    0x0800020c   0x0800020c   0x00000006   Code   RO          973    .text               c_w.l(heapauxi.o)
    0x08000212   0x08000212   0x0000004e   Code   RO          978    .text               c_w.l(rt_memclr_w.o)
    0x08000260   0x08000260   0x0000004a   Code   RO          995    .text               c_w.l(sys_stackheap_outer.o)
    0x080002aa   0x080002aa   0x00000012   Code   RO          997    .text               c_w.l(exit.o)
    0x080002bc   0x080002bc   0x00000008   Code   RO         1005    .text               c_w.l(libspace.o)
    0x080002c4   0x080002c4   0x0000000c   Code   RO         1066    .text               c_w.l(sys_exit.o)
    0x080002d0   0x080002d0   0x00000002   Code   RO         1077    .text               c_w.l(use_no_semi.o)
    0x080002d2   0x080002d2   0x00000000   Code   RO         1079    .text               c_w.l(indicate_semi.o)
    0x080002d2   0x080002d2   0x00000002   PAD
    0x080002d4   0x080002d4   0x00000038   Code   RO          536    i.BT_Init           bluetooth.o
    0x0800030c   0x0800030c   0x00000028   Code   RO          537    i.BT_Receive        bluetooth.o
    0x08000334   0x08000334   0x00000020   Code   RO          538    i.BT_RxBufferInit   bluetooth.o
    0x08000354   0x08000354   0x00000014   Code   RO          539    i.BT_Transmit       bluetooth.o
    0x08000368   0x08000368   0x0000004c   Code   RO          578    i.Clock_HSI_8MHz_Init  clock.o
    0x080003b4   0x080003b4   0x0000002c   Code   RO          754    i.DMA_RxBufferFull  dma.o
    0x080003e0   0x080003e0   0x0000001a   Code   RO          756    i.DMA_USART_Rx_Init  dma.o
    0x080003fa   0x080003fa   0x00000020   Code   RO          602    i.GPIO_InputInit    gpio.o
    0x0800041a   0x0800041a   0x00000012   Code   RO          603    i.GPIO_InputRead    gpio.o
    0x0800042c   0x0800042c   0x00000022   Code   RO          604    i.GPIO_OutputInit   gpio.o
    0x0800044e   0x0800044e   0x00000010   Code   RO          606    i.GPIO_OutputWrite  gpio.o
    0x0800045e   0x0800045e   0x00000002   PAD
    0x08000460   0x08000460   0x00000060   Code   RO          607    i.GPIO_Reset        gpio.o
    0x080004c0   0x080004c0   0x00000026   Code   RO          790    i.I2C_Init          i2c.o
    0x080004e6   0x080004e6   0x00000072   Code   RO          795    i.I2C_WriteByte     i2c.o
    0x08000558   0x08000558   0x00000082   Code   RO          796    i.I2C_WriteMultiByte  i2c.o
    0x080005da   0x080005da   0x00000002   PAD
    0x080005dc   0x080005dc   0x00000054   Code   RO          345    i.IsDebounced       keypad.o
    0x08000630   0x08000630   0x00000070   Code   RO          346    i.Keypad_GetChar    keypad.o
    0x080006a0   0x080006a0   0x0000003c   Code   RO          347    i.Keypad_Init       keypad.o
    0x080006dc   0x080006dc   0x00000014   Code   RO          456    i.OLED_ClearScreen  oled.o
    0x080006f0   0x080006f0   0x0000009c   Code   RO          457    i.OLED_DrawPixel    oled.o
    0x0800078c   0x0800078c   0x00000020   Code   RO          458    i.OLED_Fill         oled.o
    0x080007ac   0x080007ac   0x000000d0   Code   RO          459    i.OLED_Init         oled.o
    0x0800087c   0x0800087c   0x00000014   Code   RO          460    i.OLED_SetCursor    oled.o
    0x08000890   0x08000890   0x00000038   Code   RO          461    i.OLED_UpdateScreen  oled.o
    0x080008c8   0x080008c8   0x000000b0   Code   RO          462    i.OLED_WriteChar    oled.o
    0x08000978   0x08000978   0x00000018   Code   RO          463    i.OLED_WriteCommand  oled.o
    0x08000990   0x08000990   0x0000001c   Code   RO          464    i.OLED_WriteData    oled.o
    0x080009ac   0x080009ac   0x00000026   Code   RO          465    i.OLED_WriteString  oled.o
    0x080009d2   0x080009d2   0x00000002   PAD
    0x080009d4   0x080009d4   0x0000007c   Code   RO          348    i.SelectRow         keypad.o
    0x08000a50   0x08000a50   0x00000008   Code   RO          920    i.SetSysClock       system_stm32f10x.o
    0x08000a58   0x08000a58   0x000000e0   Code   RO          921    i.SetSysClockTo72   system_stm32f10x.o
    0x08000b38   0x08000b38   0x00000018   Code   RO          710    i.SysTick_DelayMs   systick.o
    0x08000b50   0x08000b50   0x00000010   Code   RO          712    i.SysTick_Handler   systick.o
    0x08000b60   0x08000b60   0x0000001a   Code   RO          713    i.SysTick_Init      systick.o
    0x08000b7a   0x08000b7a   0x00000002   PAD
    0x08000b7c   0x08000b7c   0x00000060   Code   RO          923    i.SystemInit        system_stm32f10x.o
    0x08000bdc   0x08000bdc   0x00000034   Code   RO           77    i.System_Config     system.o
    0x08000c10   0x08000c10   0x0000000c   Code   RO           78    i.System_DelayMs    system.o
    0x08000c1c   0x08000c1c   0x0000004e   Code   RO          656    i.USART_Init        uart.o
    0x08000c6a   0x08000c6a   0x0000001c   Code   RO          658    i.USART_RxIdleLineDetected  uart.o
    0x08000c86   0x08000c86   0x00000020   Code   RO          661    i.USART_WriteChars  uart.o
    0x08000ca6   0x08000ca6   0x00000002   PAD
    0x08000ca8   0x08000ca8   0x00000134   Code   RO            4    i.main              main.o
    0x08000ddc   0x08000ddc   0x00000010   Data   RO          350    .constdata          keypad.o
    0x08000dec   0x08000dec   0x0000076c   Data   RO          467    .constdata          oled.o
    0x08001558   0x08001558   0x00000020   Data   RO         1134    Region$$Table       anon$$obj.o


    Execution Region RW_IRAM1 (Exec base: 0x20000000, Load base: 0x08001578, Size: 0x00000ab0, Max: 0x00005000, ABSOLUTE)

    Exec Addr    Load Addr    Size         Type   Attr      Idx    E Section Name        Object

    0x20000000   0x08001578   0x00000004   Data   RW          468    .data               oled.o
    0x20000004   0x0800157c   0x00000004   Data   RW          714    .data               systick.o
    0x20000008        -       0x00000014   Zero   RW            5    .bss                main.o
    0x2000001c        -       0x00000010   Zero   RW          349    .bss                keypad.o
    0x2000002c        -       0x00000420   Zero   RW          466    .bss                oled.o
    0x2000044c        -       0x00000060   Zero   RW         1006    .bss                c_w.l(libspace.o)
    0x200004ac   0x08001580   0x00000004   PAD
    0x200004b0        -       0x00000200   Zero   RW          911    HEAP                startup_stm32f10x_md.o
    0x200006b0        -       0x00000400   Zero   RW          910    STACK               startup_stm32f10x_md.o


==============================================================================

Image component sizes


      Code (inc. data)   RO Data    RW Data    ZI Data      Debug   Object Name

       148         32          0          0          0       2283   bluetooth.o
        76          8          0          0          0        426   clock.o
        70          0          0          0          0       1659   dma.o
       196         22          0          0          0       3044   gpio.o
       282          0          0          0          0       2324   i2c.o
       380         32         16          0         16       2734   keypad.o
       308        104          0          0         20     209895   main.o
       758         66       1900          4       1056       5933   oled.o
        64         26        236          0       1536        820   startup_stm32f10x_md.o
        64          8          0          0          0        893   system.o
       328         28          0          0          0       2005   system_stm32f10x.o
        66         10          0          4          0       1771   systick.o
       138          0          0          0          0       2087   uart.o

    ----------------------------------------------------------------------
      2888        336       2184          8       2628     235874   Object Totals
         0          0         32          0          0          0   (incl. Generated)
        10          0          0          0          0          0   (incl. Padding)

    ----------------------------------------------------------------------

      Code (inc. data)   RO Data    RW Data    ZI Data      Debug   Library Member Name

         8          0          0          0          0         68   __main.o
         0          0          0          0          0          0   __rtentry.o
        12          0          0          0          0          0   __rtentry2.o
         6          0          0          0          0          0   __rtentry4.o
        52          8          0          0          0          0   __scatter.o
        26          0          0          0          0          0   __scatter_copy.o
        28          0          0          0          0          0   __scatter_zi.o
        18          0          0          0          0         80   exit.o
         6          0          0          0          0        152   heapauxi.o
         0          0          0          0          0          0   indicate_semi.o
         2          0          0          0          0          0   libinit.o
         2          0          0          0          0          0   libinit2.o
         2          0          0          0          0          0   libshutdown.o
         2          0          0          0          0          0   libshutdown2.o
         8          4          0          0         96         68   libspace.o
        68          0          0          0          0         68   rt_memclr.o
        78          0          0          0          0         80   rt_memclr_w.o
         2          0          0          0          0          0   rtexit.o
        10          0          0          0          0          0   rtexit2.o
        12          4          0          0          0         68   sys_exit.o
        74          0          0          0          0         80   sys_stackheap_outer.o
         2          0          0          0          0         68   use_no_semi.o

    ----------------------------------------------------------------------
       424         16          0          0        100        732   Library Totals
         6          0          0          0          4          0   (incl. Padding)

    ----------------------------------------------------------------------

      Code (inc. data)   RO Data    RW Data    ZI Data      Debug   Library Name

       418         16          0          0         96        732   c_w.l

    ----------------------------------------------------------------------
       424         16          0          0        100        732   Library Totals

    ----------------------------------------------------------------------

==============================================================================


      Code (inc. data)   RO Data    RW Data    ZI Data      Debug   

      3312        352       2184          8       2728     234366   Grand Totals
      3312        352       2184          8       2728     234366   ELF Image Totals
      3312        352       2184          8          0          0   ROM Totals

==============================================================================

    Total RO  Size (Code + RO Data)                 5496 (   5.37kB)
    Total RW  Size (RW Data + ZI Data)              2736 (   2.67kB)
    Total ROM Size (Code + RO Data + RW Data)       5504 (   5.38kB)

==============================================================================

