Component: ARM Compiler 5.06 update 7 (build 960) Tool: armlink [4d3601]

==============================================================================

Section Cross References

    main.o(i.HandleFingerprint) refers to app.o(i.FindFingerprint) for FindFingerprint
    main.o(i.HandleFingerprint) refers to oled.o(i.OLED_ClearScreen) for OLED_ClearScreen
    main.o(i.HandleFingerprint) refers to output_device.o(i.OutputDev_Write) for OutputDev_Write
    main.o(i.HandleFingerprint) refers to app.o(i.Display) for Display
    main.o(i.HandleFingerprint) refers to app.o(i.SetIntertaskData) for SetIntertaskData
    main.o(i.HandleFingerprint) refers to app.o(i.IntruderAlert) for IntruderAlert
    main.o(i.HandleFingerprint) refers to main.o(.data) for invalidPrint
    main.o(i.HandleFingerprint) refers to main.o(.constdata) for .constdata
    main.o(i.HandleHMI) refers to keypad.o(i.Keypad_GetChar) for Keypad_GetChar
    main.o(i.HandleHMI) refers to rt_memclr_w.o(.text) for __aeabi_memclr4
    main.o(i.HandleHMI) refers to eeprom.o(i.EEPROM_GetData) for EEPROM_GetData
    main.o(i.HandleHMI) refers to app.o(i.Display) for Display
    main.o(i.HandleHMI) refers to app.o(i.GetKeypadData) for GetKeypadData
    main.o(i.HandleHMI) refers to strcmpv7m.o(.text) for strcmp
    main.o(i.HandleHMI) refers to app.o(i.CheckKey) for CheckKey
    main.o(i.HandleHMI) refers to app.o(i.RetryPassword) for RetryPassword
    main.o(i.HandleHMI) refers to app.o(i.SetIntertaskData) for SetIntertaskData
    main.o(i.HandleHMI) refers to app.o(i.IntruderAlert) for IntruderAlert
    main.o(i.HandleHMI) refers to tasks.o(i.vTaskDelay) for vTaskDelay
    main.o(i.HandleHMI) refers to oled.o(i.OLED_ClearScreen) for OLED_ClearScreen
    main.o(i.HandleHMI) refers to main.o(.data) for invalidInput
    main.o(i.HandleRxBluetoothData) refers to strcmpv7m.o(.text) for strcmp
    main.o(i.HandleRxBluetoothData) refers to bluetooth.o(i.BT_Transmit) for BT_Transmit
    main.o(i.HandleRxBluetoothData) refers to bluetooth.o(i.BT_RxBufferReset) for BT_RxBufferReset
    main.o(i.HandleRxBluetoothData) refers to bluetooth.o(i.BT_Receive) for BT_Receive
    main.o(i.HandleRxBluetoothData) refers to output_device.o(i.OutputDev_Write) for OutputDev_Write
    main.o(i.HandleRxBluetoothData) refers to main.o(i.SendSecurityReportToApp) for SendSecurityReportToApp
    main.o(i.HandleRxBluetoothData) refers to rt_memclr.o(.text) for __aeabi_memclr
    main.o(i.HandleRxBluetoothData) refers to app.o(i.IntruderAlert) for IntruderAlert
    main.o(i.HandleRxBluetoothData) refers to app.o(i.SetIntertaskData) for SetIntertaskData
    main.o(i.HandleRxBluetoothData) refers to main.o(.bss) for tamperDetectionTimes
    main.o(i.HandleRxBluetoothData) refers to main.o(.data) for wrongAttempts
    main.o(i.SendSecurityReportToApp) refers to bluetooth.o(i.BT_Transmit) for BT_Transmit
    main.o(i.SendSecurityReportToApp) refers to app.o(i.IntegerToString) for IntegerToString
    main.o(i.Task1) refers to keypad.o(i.Keypad_Init) for Keypad_Init
    main.o(i.Task1) refers to button.o(i.Button_Init) for Button_Init
    main.o(i.Task1) refers to ir_sensor.o(i.IRSensor_Init) for IRSensor_Init
    main.o(i.Task1) refers to bluetooth.o(i.BT_Init) for BT_Init
    main.o(i.Task1) refers to output_device.o(i.OutputDev_Init) for OutputDev_Init
    main.o(i.Task1) refers to gsm.o(i.GSM_Init) for GSM_Init
    main.o(i.Task1) refers to oled.o(i.OLED_Init) for OLED_Init
    main.o(i.Task1) refers to oled.o(i.OLED_ClearScreen) for OLED_ClearScreen
    main.o(i.Task1) refers to fingerprint.o(i.Fingerprint_Init) for Fingerprint_Init
    main.o(i.Task1) refers to tasks.o(i.xTaskCreate) for xTaskCreate
    main.o(i.Task1) refers to timers.o(i.xTimerCreate) for xTimerCreate
    main.o(i.Task1) refers to tasks.o(i.xTaskGetTickCount) for xTaskGetTickCount
    main.o(i.Task1) refers to timers.o(i.xTimerGenericCommand) for xTimerGenericCommand
    main.o(i.Task1) refers to tasks.o(i.vTaskDelete) for vTaskDelete
    main.o(i.Task1) refers to main.o(i.Task2) for Task2
    main.o(i.Task1) refers to main.o(i.Task3) for Task3
    main.o(i.Task1) refers to main.o(i.Task4) for Task4
    main.o(i.Task1) refers to main.o(i.TimerCallback) for TimerCallback
    main.o(i.Task2) refers to main.o(i.HandleHMI) for HandleHMI
    main.o(i.Task2) refers to main.o(i.HandleFingerprint) for HandleFingerprint
    main.o(i.Task3) refers to tasks.o(i.vTaskDelay) for vTaskDelay
    main.o(i.Task3) refers to button.o(i.Button_IsPressed) for Button_IsPressed
    main.o(i.Task3) refers to output_device.o(i.OutputDev_Read) for OutputDev_Read
    main.o(i.Task3) refers to output_device.o(i.OutputDev_Write) for OutputDev_Write
    main.o(i.Task3) refers to ir_sensor.o(i.IRSensor_TamperDetected) for IRSensor_TamperDetected
    main.o(i.Task3) refers to app.o(i.SetIntertaskData) for SetIntertaskData
    main.o(i.Task3) refers to app.o(i.IntruderAlert) for IntruderAlert
[...]
    .ARM.Collect$$libinit$$00000025          0x08000162   Section        0  libinit2.o(.ARM.Collect$$libinit$$00000025)
    .ARM.Collect$$libinit$$0000002C          0x08000162   Section        0  libinit2.o(.ARM.Collect$$libinit$$0000002C)
    .ARM.Collect$$libinit$$0000002E          0x08000162   Section        0  libinit2.o(.ARM.Collect$$libinit$$0000002E)
    .ARM.Collect$$libinit$$00000030          0x08000162   Section        0  libinit2.o(.ARM.Collect$$libinit$$00000030)
    .ARM.Collect$$libinit$$00000032          0x08000162   Section        0  libinit2.o(.ARM.Collect$$libinit$$00000032)
    .ARM.Collect$$libinit$$00000033          0x08000162   Section        2  libinit2.o(.ARM.Collect$$libinit$$00000033)
    .ARM.Collect$$libshutdown$$00000000      0x08000164   Section        2  libshutdown.o(.ARM.Collect$$libshutdown$$00000000)
    .ARM.Collect$$libshutdown$$00000002      0x08000166   Section        0  libshutdown2.o(.ARM.Collect$$libshutdown$$00000002)
    .ARM.Collect$$libshutdown$$00000004      0x08000166   Section        0  libshutdown2.o(.ARM.Collect$$libshutdown$$00000004)
    .ARM.Collect$$libshutdown$$00000006      0x08000166   Section        0  libshutdown2.o(.ARM.Collect$$libshutdown$$00000006)
    .ARM.Collect$$libshutdown$$00000009      0x08000166   Section        0  libshutdown2.o(.ARM.Collect$$libshutdown$$00000009)
    .ARM.Collect$$libshutdown$$0000000C      0x08000166   Section        0  libshutdown2.o(.ARM.Collect$$libshutdown$$0000000C)
    .ARM.Collect$$libshutdown$$0000000E      0x08000166   Section        0  libshutdown2.o(.ARM.Collect$$libshutdown$$0000000E)
    .ARM.Collect$$libshutdown$$00000011      0x08000166   Section        0  libshutdown2.o(.ARM.Collect$$libshutdown$$00000011)
    .ARM.Collect$$libshutdown$$00000012      0x08000166   Section        2  libshutdown2.o(.ARM.Collect$$libshutdown$$00000012)
    .ARM.Collect$$rtentry$$00000000          0x08000168   Section        0  __rtentry.o(.ARM.Collect$$rtentry$$00000000)
    .ARM.Collect$$rtentry$$00000002          0x08000168   Section        0  __rtentry2.o(.ARM.Collect$$rtentry$$00000002)
    .ARM.Collect$$rtentry$$00000004          0x08000168   Section        6  __rtentry4.o(.ARM.Collect$$rtentry$$00000004)
    .ARM.Collect$$rtentry$$00000009          0x0800016e   Section        0  __rtentry2.o(.ARM.Collect$$rtentry$$00000009)
    .ARM.Collect$$rtentry$$0000000A          0x0800016e   Section        4  __rtentry2.o(.ARM.Collect$$rtentry$$0000000A)
    .ARM.Collect$$rtentry$$0000000C          0x08000172   Section        0  __rtentry2.o(.ARM.Collect$$rtentry$$0000000C)
    .ARM.Collect$$rtentry$$0000000D          0x08000172   Section        8  __rtentry2.o(.ARM.Collect$$rtentry$$0000000D)
    .ARM.Collect$$rtexit$$00000000           0x0800017a   Section        2  rtexit.o(.ARM.Collect$$rtexit$$00000000)
    .ARM.Collect$$rtexit$$00000002           0x0800017c   Section        0  rtexit2.o(.ARM.Collect$$rtexit$$00000002)
    .ARM.Collect$$rtexit$$00000003           0x0800017c   Section        4  rtexit2.o(.ARM.Collect$$rtexit$$00000003)
    .ARM.Collect$$rtexit$$00000004           0x08000180   Section        6  rtexit2.o(.ARM.Collect$$rtexit$$00000004)
    .emb_text                                0x08000188   Section      150  port.o(.emb_text)
    .text                                    0x08000220   Section       64  startup_stm32f10x_md.o(.text)
    .text                                    0x08000260   Section        0  strcpy.o(.text)
    .text                                    0x080002a8   Section        0  strcat.o(.text)
    .text                                    0x080002c0   Section      138  rt_memcpy_v6.o(.text)
    .text                                    0x0800034a   Section      100  rt_memcpy_w.o(.text)
    .text                                    0x080003ae   Section       16  aeabi_memset.o(.text)
    .text                                    0x080003be   Section       68  rt_memclr.o(.text)
    .text                                    0x08000402   Section       78  rt_memclr_w.o(.text)
    .text                                    0x08000450   Section      128  strcmpv7m.o(.text)
    .text                                    0x080004d0   Section        0  heapauxi.o(.text)
    .text                                    0x080004d6   Section       74  sys_stackheap_outer.o(.text)
    .text                                    0x08000520   Section        0  exit.o(.text)
    .text                                    0x08000534   Section        8  libspace.o(.text)
    .text                                    0x0800053c   Section        0  sys_exit.o(.text)
    .text                                    0x08000548   Section        2  use_no_semi.o(.text)
    .text                                    0x0800054a   Section        0  indicate_semi.o(.text)
    i.BT_Init                                0x0800054c   Section        0  bluetooth.o(i.BT_Init)
    i.BT_Receive                             0x08000584   Section        0  bluetooth.o(i.BT_Receive)
    i.BT_RxBufferInit                        0x080005ac   Section        0  bluetooth.o(i.BT_RxBufferInit)
    i.BT_RxBufferReset                       0x080005cc   Section        0  bluetooth.o(i.BT_RxBufferReset)
    i.BT_Transmit                            0x080005e4   Section        0  bluetooth.o(i.BT_Transmit)
    i.Button_Init                            0x080005f8   Section        0  button.o(i.Button_Init)
    i.Button_IsPressed                       0x08000610   Section        0  button.o(i.Button_IsPressed)
    i.CheckKey                               0x08000658   Section        0  app.o(i.CheckKey)
    i.Clock_HSI_8MHz_Init                    0x08000728   Section        0  clock.o(i.Clock_HSI_8MHz_Init)
    i.DMA_RxBufferFull                       0x08000774   Section        0  dma.o(i.DMA_RxBufferFull)
    i.DMA_Rx_CNDTR                           0x080007a0   Section        0  dma.o(i.DMA_Rx_CNDTR)
    i.DMA_USART_Rx_Init                      0x080007a8   Section        0  dma.o(i.DMA_USART_Rx_Init)
    i.Display                                0x080007c2   Section        0  app.o(i.Display)
    i.EEPROM_GetData                         0x0800080e   Section        0  eeprom.o(i.EEPROM_GetData)
    i.EEPROM_ReadPage                        0x08000858   Section        0  eeprom.o(i.EEPROM_ReadPage)
    EEPROM_ReadPage                          0x08000859   Thumb Code    70  eeprom.o(i.EEPROM_ReadPage)
    i.EEPROM_StoreData                       0x080008a4   Section        0  eeprom.o(i.EEPROM_StoreData)
    i.EEPROM_WritePage                       0x080008ec   Section        0  eeprom.o(i.EEPROM_WritePage)
    EEPROM_WritePage                         0x080008ed   Thumb Code    76  eeprom.o(i.EEPROM_WritePage)
    i.FindFingerprint                        0x0800093c   Section        0  app.o(i.FindFingerprint)
    i.Fingerprint_CreateModel                0x08000968   Section        0  fingerprint.o(i.Fingerprint_CreateModel)
    i.Fingerprint_EmptyDatabase              0x080009a4   Section        0  fingerprint.o(i.Fingerprint_EmptyDatabase)
    i.Fingerprint_FingerFastSearch           0x080009e0   Section        0  fingerprint.o(i.Fingerprint_FingerFastSearch)
    i.Fingerprint_GetImage                   0x08000a20   Section        0  fingerprint.o(i.Fingerprint_GetImage)
    i.Fingerprint_Image2Tz                   0x08000a5c   Section        0  fingerprint.o(i.Fingerprint_Image2Tz)
    i.Fingerprint_Init                       0x08000a9c   Section        0  fingerprint.o(i.Fingerprint_Init)
    i.Fingerprint_LoadModel                  0x08000af0   Section        0  fingerprint.o(i.Fingerprint_LoadModel)
    i.Fingerprint_StoreModel                 0x08000b38   Section        0  fingerprint.o(i.Fingerprint_StoreModel)
    i.GPIO_InputInit                         0x08000b80   Section        0  gpio.o(i.GPIO_InputInit)
    i.GPIO_InputRead                         0x08000ba0   Section        0  gpio.o(i.GPIO_InputRead)
    i.GPIO_OutputInit                        0x08000bb2   Section        0  gpio.o(i.GPIO_OutputInit)
    i.GPIO_OutputRead                        0x08000bd4   Section        0  gpio.o(i.GPIO_OutputRead)
    i.GPIO_OutputWrite                       0x08000be6   Section        0  gpio.o(i.GPIO_OutputWrite)
    i.GPIO_Reset                             0x08000bf8   Section        0  gpio.o(i.GPIO_Reset)
    i.GSM_Init                               0x08000c58   Section        0  gsm.o(i.GSM_Init)
    i.GSM_SendText                           0x08000c80   Section        0  gsm.o(i.GSM_SendText)
    i.GetKeypadData                          0x08000d04   Section        0  app.o(i.GetKeypadData)
    i.GetStructuredPacket                    0x08000d34   Section        0  fingerprint.o(i.GetStructuredPacket)
    GetStructuredPacket                      0x08000d35   Thumb Code   226  fingerprint.o(i.GetStructuredPacket)
    i.HandleFingerprint                      0x08000e28   Section        0  main.o(i.HandleFingerprint)
    HandleFingerprint                        0x08000e29   Thumb Code   128  main.o(i.HandleFingerprint)
    i.HandleHMI                              0x08000eec   Section        0  main.o(i.HandleHMI)
    HandleHMI                                0x08000eed   Thumb Code   150  main.o(i.HandleHMI)
    i.HandleRxBluetoothData                  0x08000fcc   Section        0  main.o(i.HandleRxBluetoothData)
    HandleRxBluetoothData                    0x08000fcd   Thumb Code   210  main.o(i.HandleRxBluetoothData)
    i.HasTimedOut                            0x08001108   Section        0  app.o(i.HasTimedOut)
    i.I2C_Init                               0x08001122   Section        0  i2c.o(i.I2C_Init)
    i.I2C_Read2Bytes                         0x08001148   Section        0  i2c.o(i.I2C_Read2Bytes)
    i.I2C_ReadByte                           0x080011f2   Section        0  i2c.o(i.I2C_ReadByte)
    i.I2C_ReadMultiByte                      0x08001290   Section        0  i2c.o(i.I2C_ReadMultiByte)
    i.I2C_WriteByte                          0x080013b4   Section        0  i2c.o(i.I2C_WriteByte)
    i.I2C_WriteMultiByte                     0x08001426   Section        0  i2c.o(i.I2C_WriteMultiByte)
    i.IRSensor_Init                          0x080014a8   Section        0  ir_sensor.o(i.IRSensor_Init)
    i.IRSensor_TamperDetected                0x080014c0   Section        0  ir_sensor.o(i.IRSensor_TamperDetected)
    i.InputNewPassword                       0x080014d0   Section        0  app.o(i.InputNewPassword)
    i.InputPhoneNumber                       0x08001590   Section        0  app.o(i.InputPhoneNumber)
    i.IntegerToString                        0x080015f4   Section        0  app.o(i.IntegerToString)
    i.IntertaskTimeout                       0x08001638   Section        0  app.o(i.IntertaskTimeout)
    i.IntruderAlert                          0x08001658   Section        0  app.o(i.IntruderAlert)
    i.IsDebounced                            0x08001684   Section        0  keypad.o(i.IsDebounced)
    IsDebounced                              0x08001685   Thumb Code    80  keypad.o(i.IsDebounced)
    i.Keypad_GetChar                         0x080016d8   Section        0  keypad.o(i.Keypad_GetChar)
    i.Keypad_Init                            0x08001748   Section        0  keypad.o(i.Keypad_Init)
    i.OLED_ClearScreen                       0x08001784   Section        0  oled.o(i.OLED_ClearScreen)
    i.OLED_DrawPixel                         0x0800179c   Section        0  oled.o(i.OLED_DrawPixel)
    i.OLED_Fill                              0x08001838   Section        0  oled.o(i.OLED_Fill)
    OLED_Fill                                0x08001839   Thumb Code    28  oled.o(i.OLED_Fill)
    i.OLED_Init                              0x08001858   Section        0  oled.o(i.OLED_Init)
    i.OLED_SetCursor                         0x08001914   Section        0  oled.o(i.OLED_SetCursor)
    i.OLED_UpdateScreen                      0x08001928   Section        0  oled.o(i.OLED_UpdateScreen)
    i.OLED_WriteChar                         0x08001960   Section        0  oled.o(i.OLED_WriteChar)
    i.OLED_WriteCommand                      0x08001a10   Section        0  oled.o(i.OLED_WriteCommand)
    OLED_WriteCommand                        0x08001a11   Thumb Code    18  oled.o(i.OLED_WriteCommand)
    i.OLED_WriteData                         0x08001a28   Section        0  oled.o(i.OLED_WriteData)
    OLED_WriteData                           0x08001a29   Thumb Code    22  oled.o(i.OLED_WriteData)
    i.OutputDev_Init                         0x08001a44   Section        0  output_device.o(i.OutputDev_Init)
    i.OutputDev_Read                         0x08001a74   Section        0  output_device.o(i.OutputDev_Read)
    i.OutputDev_Write                        0x08001a9c   Section        0  output_device.o(i.OutputDev_Write)
    i.PacketInit                             0x08001ac8   Section        0  fingerprint.o(i.PacketInit)
    PacketInit                               0x08001ac9   Thumb Code    74  fingerprint.o(i.PacketInit)
    i.RetryPassword                          0x08001b18   Section        0  app.o(i.RetryPassword)
    i.SelectRow                              0x08001b70   Section        0  keypad.o(i.SelectRow)
    SelectRow                                0x08001b71   Thumb Code   120  keypad.o(i.SelectRow)
    i.SendSecurityReportToApp                0x08001bec   Section        0  main.o(i.SendSecurityReportToApp)
    SendSecurityReportToApp                  0x08001bed   Thumb Code    86  main.o(i.SendSecurityReportToApp)
    i.SetIntertaskData                       0x08001c50   Section        0  app.o(i.SetIntertaskData)
    i.SetSysClock                            0x08001c54   Section        0  system_stm32f10x.o(i.SetSysClock)
    SetSysClock                              0x08001c55   Thumb Code     8  system_stm32f10x.o(i.SetSysClock)
    i.SetSysClockTo72                        0x08001c5c   Section        0  system_stm32f10x.o(i.SetSysClockTo72)
    SetSysClockTo72                          0x08001c5d   Thumb Code   214  system_stm32f10x.o(i.SetSysClockTo72)
    i.StoreFingerprint                       0x08001d3c   Section        0  app.o(i.StoreFingerprint)
    i.SysTick_Handler                        0x08001e24   Section        0  port.o(i.SysTick_Handler)
    i.SystemInit                             0x08001e58   Section        0  system_stm32f10x.o(i.SystemInit)
    i.System_Config                          0x08001eb8   Section        0  system.o(i.System_Config)
    i.Task1                                  0x08001ee8   Section        0  main.o(i.Task1)
    i.Task2                                  0x08001f94   Section        0  main.o(i.Task2)
    i.Task3                                  0x08001fa0   Section        0  main.o(i.Task3)
    i.Task4                                  0x08002018   Section        0  main.o(i.Task4)
    i.TimerCallback                          0x08002084   Section        0  main.o(i.TimerCallback)
    i.USART_Init                             0x08002118   Section        0  uart.o(i.USART_Init)
    i.USART_RxIdleLineDetected               0x08002166   Section        0  uart.o(i.USART_RxIdleLineDetected)
    i.USART_WriteByte                        0x08002182   Section        0  uart.o(i.USART_WriteByte)
    i.USART_WriteBytes                       0x08002192   Section        0  uart.o(i.USART_WriteBytes)
    i.USART_WriteChars                       0x080021b4   Section        0  uart.o(i.USART_WriteChars)
    i.WriteStructuredPacket                  0x080021d4   Section        0  fingerprint.o(i.WriteStructuredPacket)
    WriteStructuredPacket                    0x080021d5   Thumb Code   138  fingerprint.o(i.WriteStructuredPacket)
    i.main                                   0x08002268   Section        0  main.o(i.main)
    i.prvAddCurrentTaskToDelayedList         0x08002294   Section        0  tasks.o(i.prvAddCurrentTaskToDelayedList)
    prvAddCurrentTaskToDelayedList           0x08002295   Thumb Code   124  tasks.o(i.prvAddCurrentTaskToDelayedList)
    i.prvAddNewTaskToReadyList               0x0800232c   Section        0  tasks.o(i.prvAddNewTaskToReadyList)
    prvAddNewTaskToReadyList                 0x0800232d   Thumb Code   150  tasks.o(i.prvAddNewTaskToReadyList)
    i.prvCheckForValidListAndQueue           0x080023e0   Section        0  timers.o(i.prvCheckForValidListAndQueue)
    prvCheckForValidListAndQueue             0x080023e1   Thumb Code    56  timers.o(i.prvCheckForValidListAndQueue)
    i.prvCheckTasksWaitingTermination        0x0800242c   Section        0  tasks.o(i.prvCheckTasksWaitingTermination)
    prvCheckTasksWaitingTermination          0x0800242d   Thumb Code    60  tasks.o(i.prvCheckTasksWaitingTermination)
    i.prvCopyDataFromQueue                   0x08002474   Section        0  queue.o(i.prvCopyDataFromQueue)
    prvCopyDataFromQueue                     0x08002475   Thumb Code    42  queue.o(i.prvCopyDataFromQueue)
    i.prvCopyDataToQueue                     0x0800249e   Section        0  queue.o(i.prvCopyDataToQueue)
    prvCopyDataToQueue                       0x0800249f   Thumb Code   106  queue.o(i.prvCopyDataToQueue)
    i.prvDeleteTCB                           0x08002508   Section        0  tasks.o(i.prvDeleteTCB)
    prvDeleteTCB                             0x08002509   Thumb Code    18  tasks.o(i.prvDeleteTCB)
    i.prvGetNextExpireTime                   0x0800251c   Section        0  timers.o(i.prvGetNextExpireTime)
    prvGetNextExpireTime                     0x0800251d   Thumb Code    36  timers.o(i.prvGetNextExpireTime)
    i.prvIdleTask                            0x08002544   Section        0  tasks.o(i.prvIdleTask)
    prvIdleTask                              0x08002545   Thumb Code    32  tasks.o(i.prvIdleTask)
    i.prvInitialiseNewQueue                  0x0800256c   Section        0  queue.o(i.prvInitialiseNewQueue)
    prvInitialiseNewQueue                    0x0800256d   Thumb Code    38  queue.o(i.prvInitialiseNewQueue)
    i.prvInitialiseNewTask                   0x08002592   Section        0  tasks.o(i.prvInitialiseNewTask)
    prvInitialiseNewTask                     0x08002593   Thumb Code   152  tasks.o(i.prvInitialiseNewTask)
    i.prvInitialiseNewTimer                  0x0800262a   Section        0  timers.o(i.prvInitialiseNewTimer)
    prvInitialiseNewTimer                    0x0800262b   Thumb Code    58  timers.o(i.prvInitialiseNewTimer)
    i.prvInitialiseTaskLists                 0x08002664   Section        0  tasks.o(i.prvInitialiseTaskLists)
    prvInitialiseTaskLists                   0x08002665   Thumb Code    70  tasks.o(i.prvInitialiseTaskLists)
    i.prvInsertTimerInActiveList             0x080026cc   Section        0  timers.o(i.prvInsertTimerInActiveList)
    prvInsertTimerInActiveList               0x080026cd   Thumb Code    80  timers.o(i.prvInsertTimerInActiveList)
    i.prvIsQueueEmpty                        0x08002724   Section        0  queue.o(i.prvIsQueueEmpty)
    prvIsQueueEmpty                          0x08002725   Thumb Code    26  queue.o(i.prvIsQueueEmpty)
    i.prvIsQueueFull                         0x0800273e   Section        0  queue.o(i.prvIsQueueFull)
    prvIsQueueFull                           0x0800273f   Thumb Code    30  queue.o(i.prvIsQueueFull)
    i.prvProcessExpiredTimer                 0x0800275c   Section        0  timers.o(i.prvProcessExpiredTimer)
    prvProcessExpiredTimer                   0x0800275d   Thumb Code    86  timers.o(i.prvProcessExpiredTimer)
    i.prvProcessReceivedCommands             0x080027b8   Section        0  timers.o(i.prvProcessReceivedCommands)
    prvProcessReceivedCommands               0x080027b9   Thumb Code   246  timers.o(i.prvProcessReceivedCommands)
    i.prvProcessTimerOrBlockTask             0x080028b4   Section        0  timers.o(i.prvProcessTimerOrBlockTask)
    prvProcessTimerOrBlockTask               0x080028b5   Thumb Code   102  timers.o(i.prvProcessTimerOrBlockTask)
    i.prvResetNextTaskUnblockTime            0x08002928   Section        0  tasks.o(i.prvResetNextTaskUnblockTime)
    prvResetNextTaskUnblockTime              0x08002929   Thumb Code    40  tasks.o(i.prvResetNextTaskUnblockTime)
    i.prvSampleTimeNow                       0x08002958   Section        0  timers.o(i.prvSampleTimeNow)
    prvSampleTimeNow                         0x08002959   Thumb Code    40  timers.o(i.prvSampleTimeNow)
    i.prvSwitchTimerLists                    0x08002984   Section        0  timers.o(i.prvSwitchTimerLists)
    prvSwitchTimerLists                      0x08002985   Thumb Code   126  timers.o(i.prvSwitchTimerLists)
    i.prvTaskExitError                       0x08002a0c   Section        0  port.o(i.prvTaskExitError)
    prvTaskExitError                         0x08002a0d   Thumb Code    22  port.o(i.prvTaskExitError)
    i.prvTimerTask                           0x08002a22   Section        0  timers.o(i.prvTimerTask)
    prvTimerTask                             0x08002a23   Thumb Code    26  timers.o(i.prvTimerTask)
    i.prvUnlockQueue                         0x08002a3c   Section        0  queue.o(i.prvUnlockQueue)
    prvUnlockQueue                           0x08002a3d   Thumb Code   126  queue.o(i.prvUnlockQueue)
    i.pvPortMalloc                           0x08002abc   Section        0  heap_1.o(i.pvPortMalloc)
    i.pxPortInitialiseStack                  0x08002b40   Section        0  port.o(i.pxPortInitialiseStack)
    i.uxListRemove                           0x08002b64   Section        0  list.o(i.uxListRemove)
    i.vListInitialise                        0x08002b8c   Section        0  list.o(i.vListInitialise)
    i.vListInitialiseItem                    0x08002ba6   Section        0  list.o(i.vListInitialiseItem)
    i.vListInsert                            0x08002bac   Section        0  list.o(i.vListInsert)
    i.vListInsertEnd                         0x08002be0   Section        0  list.o(i.vListInsertEnd)
    i.vPortEnterCritical                     0x08002bf8   Section        0  port.o(i.vPortEnterCritical)
    i.vPortExitCritical                      0x08002c1c   Section        0  port.o(i.vPortExitCritical)
    i.vPortFree                              0x08002c3c   Section        0  heap_1.o(i.vPortFree)
    i.vPortSetupTimerInterrupt               0x08002c40   Section        0  port.o(i.vPortSetupTimerInterrupt)
    i.vQueueWaitForMessageRestricted         0x08002c58   Section        0  queue.o(i.vQueueWaitForMessageRestricted)
    i.vTaskDelay                             0x08002ca4   Section        0  tasks.o(i.vTaskDelay)
    i.vTaskDelete                            0x08002cd8   Section        0  tasks.o(i.vTaskDelete)
    i.vTaskInternalSetTimeOutState           0x08002da4   Section        0  tasks.o(i.vTaskInternalSetTimeOutState)
    i.vTaskMissedYield                       0x08002dbc   Section        0  tasks.o(i.vTaskMissedYield)
    i.vTaskPlaceOnEventList                  0x08002dc8   Section        0  tasks.o(i.vTaskPlaceOnEventList)
    i.vTaskPlaceOnEventListRestricted        0x08002de8   Section        0  tasks.o(i.vTaskPlaceOnEventListRestricted)
    i.vTaskStartScheduler                    0x08002e10   Section        0  tasks.o(i.vTaskStartScheduler)
    i.vTaskSuspendAll                        0x08002e88   Section        0  tasks.o(i.vTaskSuspendAll)
    i.vTaskSwitchContext                     0x08002e98   Section        0  tasks.o(i.vTaskSwitchContext)
    i.xPortStartScheduler                    0x08002ef8   Section        0  port.o(i.xPortStartScheduler)
    i.xQueueGenericCreate                    0x08002f2c   Section        0  queue.o(i.xQueueGenericCreate)
    i.xQueueGenericReset                     0x08002f60   Section        0  queue.o(i.xQueueGenericReset)
    i.xQueueGenericSend                      0x08002fe0   Section        0  queue.o(i.xQueueGenericSend)
    i.xQueueGenericSendFromISR               0x080030f8   Section        0  queue.o(i.xQueueGenericSendFromISR)
    i.xQueueReceive                          0x08003184   Section        0  queue.o(i.xQueueReceive)
    i.xTaskCheckForTimeOut                   0x08003288   Section        0  tasks.o(i.xTaskCheckForTimeOut)
    i.xTaskCreate                            0x080032e8   Section        0  tasks.o(i.xTaskCreate)
    i.xTaskGetSchedulerState                 0x08003348   Section        0  tasks.o(i.xTaskGetSchedulerState)
    i.xTaskGetTickCount                      0x08003368   Section        0  tasks.o(i.xTaskGetTickCount)
    i.xTaskIncrementTick                     0x08003374   Section        0  tasks.o(i.xTaskIncrementTick)
    i.xTaskRemoveFromEventList               0x08003490   Section        0  tasks.o(i.xTaskRemoveFromEventList)
    i.xTaskResumeAll                         0x08003510   Section        0  tasks.o(i.xTaskResumeAll)
    i.xTimerCreate                           0x080035f8   Section        0  timers.o(i.xTimerCreate)
    i.xTimerCreateTimerTask                  0x08003630   Section        0  timers.o(i.xTimerCreateTimerTask)
    i.xTimerGenericCommand                   0x0800366c   Section        0  timers.o(i.xTimerGenericCommand)
    .constdata                               0x080036d8   Section        8  main.o(.constdata)
    .constdata                               0x080036e0   Section       50  app.o(.constdata)
    .constdata                               0x08003714   Section       27  gsm.o(.constdata)
    .constdata                               0x0800372f   Section       16  keypad.o(.constdata)
    .constdata                               0x08003740   Section     1900  oled.o(.constdata)
    .conststring                             0x08003eac   Section       77  app.o(.conststring)
    .data                                    0x20000000   Section       12  main.o(.data)
    numOfInvalidPrints                       0x20000004   Data           1  main.o(.data)
    wrongAttempts                            0x20000005   Data           1  main.o(.data)
    tLock                                    0x20000006   Data           1  main.o(.data)
    tBuzzer                                  0x20000007   Data           1  main.o(.data)
    tKeypadInput                             0x20000008   Data           1  main.o(.data)
    tPrint                                   0x20000009   Data           1  main.o(.data)
    tDeviceTamper                            0x2000000a   Data           1  main.o(.data)
    tBluetooth                               0x2000000b   Data           1  main.o(.data)
    .data                                    0x2000000c   Section        4  oled.o(.data)
    xPos                                     0x2000000c   Data           2  oled.o(.data)
    yPos                                     0x2000000e   Data           2  oled.o(.data)
    .data                                    0x20000010   Section       64  tasks.o(.data)
    pxDelayedTaskList                        0x20000014   Data           4  tasks.o(.data)
    pxOverflowDelayedTaskList                0x20000018   Data           4  tasks.o(.data)
    uxDeletedTasksWaitingCleanUp             0x2000001c   Data           4  tasks.o(.data)
    uxCurrentNumberOfTasks                   0x20000020   Data           4  tasks.o(.data)
    xTickCount                               0x20000024   Data           4  tasks.o(.data)
    uxTopReadyPriority                       0x20000028   Data           4  tasks.o(.data)
    xSchedulerRunning                        0x2000002c   Data           4  tasks.o(.data)
    xPendedTicks                             0x20000030   Data           4  tasks.o(.data)
    xYieldPending                            0x20000034   Data           4  tasks.o(.data)
    xNumOfOverflows                          0x20000038   Data           4  tasks.o(.data)
    uxTaskNumber                             0x2000003c   Data           4  tasks.o(.data)
    xNextTaskUnblockTime                     0x20000040   Data           4  tasks.o(.data)
    xIdleTaskHandle                          0x20000044   Data           4  tasks.o(.data)
    uxSchedulerSuspended                     0x2000004c   Data           4  tasks.o(.data)
    .data                                    0x20000050   Section        4  port.o(.data)
    uxCriticalNesting                        0x20000050   Data           4  port.o(.data)
    .data                                    0x20000054   Section        8  heap_1.o(.data)
    xNextFreeByte                            0x20000054   Data           4  heap_1.o(.data)
    pucAlignedHeap                           0x20000058   Data           4  heap_1.o(.data)
    .data                                    0x2000005c   Section       20  timers.o(.data)
    pxCurrentTimerList                       0x2000005c   Data           4  timers.o(.data)
    pxOverflowTimerList                      0x20000060   Data           4  timers.o(.data)
    xTimerQueue                              0x20000064   Data           4  timers.o(.data)
    xTimerTaskHandle                         0x20000068   Data           4  timers.o(.data)
    xLastTime                                0x2000006c   Data           4  timers.o(.data)
    .bss                                     0x20000070   Section       40  main.o(.bss)
    tamperDetectionTimes                     0x20000070   Data          20  main.o(.bss)
    failedAccessTimes                        0x20000084   Data          20  main.o(.bss)
    .bss                                     0x20000098   Section      124  fingerprint.o(.bss)
    packet                                   0x20000098   Data          74  fingerprint.o(.bss)
    rxPacketBuffer                           0x200000e2   Data          50  fingerprint.o(.bss)
    .bss                                     0x20000114   Section       16  keypad.o(.bss)
    prevPressed                              0x20000114   Data          16  keypad.o(.bss)
    .bss                                     0x20000124   Section     1056  oled.o(.bss)
    screenBuffer                             0x20000124   Data        1056  oled.o(.bss)
    .bss                                     0x20000544   Section      200  tasks.o(.bss)
    pxReadyTasksLists                        0x20000544   Data         100  tasks.o(.bss)
    xDelayedTaskList1                        0x200005a8   Data          20  tasks.o(.bss)
    xDelayedTaskList2                        0x200005bc   Data          20  tasks.o(.bss)
    xPendingReadyList                        0x200005d0   Data          20  tasks.o(.bss)
    xTasksWaitingTermination                 0x200005e4   Data          20  tasks.o(.bss)
    xSuspendedTaskList                       0x200005f8   Data          20  tasks.o(.bss)
    .bss                                     0x2000060c   Section     5120  heap_1.o(.bss)
    ucHeap                                   0x2000060c   Data        5120  heap_1.o(.bss)
    .bss                                     0x20001a0c   Section       40  timers.o(.bss)
    xActiveTimerList1                        0x20001a0c   Data          20  timers.o(.bss)
    xActiveTimerList2                        0x20001a20   Data          20  timers.o(.bss)
    .bss                                     0x20001a34   Section       96  libspace.o(.bss)
    HEAP                                     0x20001a98   Section      512  startup_stm32f10x_md.o(HEAP)
    Heap_Mem                                 0x20001a98   Data         512  startup_stm32f10x_md.o(HEAP)
    STACK                                    0x20001c98   Section     1024  startup_stm32f10x_md.o(STACK)
    Stack_Mem                                0x20001c98   Data        1024  startup_stm32f10x_md.o(STACK)
    __initial_sp                             0x20002098   Data           0  startup_stm32f10x_md.o(STACK)

    Global Symbols

    Symbol Name                              Value     Ov Type        Size  Object(Section)

    BuildAttributes$$THM_ISAv4$P$D$K$B$S$PE$A:L22UL41UL21$X:L11$S22US41US21$IEEE1$IW$USESV6$~STKCKD$USESV7$~SHL$OSPACE$ROPI$EBA8$UX$STANDARDLIB$REQ8$PRES8$EABIv2 0x00000000   Number         0  anon$$obj.o ABSOLUTE
    __ARM_use_no_argv                        0x00000000   Number         0  main.o ABSOLUTE
    __ARM_exceptions_init                     - Undefined Weak Reference
    __alloca_initialize                       - Undefined Weak Reference
    __arm_fini_                               - Undefined Weak Reference
    __arm_preinit_                            - Undefined Weak Reference
    __cpp_initialize__aeabi_                  - Undefined Weak Reference
    __cxa_finalize                            - Undefined Weak Reference
    __rt_locale                               - Undefined Weak Reference
    __sigvec_lookup                           - Undefined Weak Reference
    _atexit_init                              - Undefined Weak Reference
    _call_atexit_fns                          - Undefined Weak Reference
    _clock_init                               - Undefined Weak Reference
    _fp_trap_init                             - Undefined Weak Reference
    _fp_trap_shutdown                         - Undefined Weak Reference
    _get_lc_collate                           - Undefined Weak Reference
    _get_lc_ctype                             - Undefined Weak Reference
    _get_lc_monetary                          - Undefined Weak Reference
    _get_lc_numeric                           - Undefined Weak Reference
    _get_lc_time                              - Undefined Weak Reference
    _getenv_init                              - Undefined Weak Reference
    _handle_redirection                       - Undefined Weak Reference
    _init_alloc                               - Undefined Weak Reference
    _init_user_alloc                          - Undefined Weak Reference
    _initio                                   - Undefined Weak Reference
    _rand_init                                - Undefined Weak Reference
    _signal_finish                            - Undefined Weak Reference
    _signal_init                              - Undefined Weak Reference
    _terminate_alloc                          - Undefined Weak Reference
    _terminate_user_alloc                     - Undefined Weak Reference
    _terminateio                              - Undefined Weak Reference
    __Vectors_Size                           0x000000ec   Number         0  startup_stm32f10x_md.o ABSOLUTE
    __Vectors                                0x08000000   Data           4  startup_stm32f10x_md.o(RESET)
    __Vectors_End                            0x080000ec   Data           0  startup_stm32f10x_md.o(RESET)
    __main                                   0x080000ed   Thumb Code     8  __main.o(!!!main)
    __scatterload                            0x080000f5   Thumb Code     0  __scatter.o(!!!scatter)
    __scatterload_rt2                        0x080000f5   Thumb Code    44  __scatter.o(!!!scatter)
    __scatterload_rt2_thumb_only             0x080000f5   Thumb Code     0  __scatter.o(!!!scatter)
    __scatterload_null                       0x08000103   Thumb Code     0  __scatter.o(!!!scatter)
    __scatterload_copy                       0x08000129   Thumb Code    26  __scatter_copy.o(!!handler_copy)
    __scatterload_zeroinit                   0x08000145   Thumb Code    28  __scatter_zi.o(!!handler_zi)
    __rt_lib_init                            0x08000161   Thumb Code     0  libinit.o(.ARM.Collect$$libinit$$00000000)
    __rt_lib_init_alloca_1                   0x08000163   Thumb Code     0  libinit2.o(.ARM.Collect$$libinit$$0000002E)
    __rt_lib_init_argv_1                     0x08000163   Thumb Code     0  libinit2.o(.ARM.Collect$$libinit$$0000002C)
    __rt_lib_init_atexit_1                   0x08000163   Thumb Code     0  libinit2.o(.ARM.Collect$$libinit$$0000001B)
    __rt_lib_init_clock_1                    0x08000163   Thumb Code     0  libinit2.o(.ARM.Collect$$libinit$$00000021)
    __rt_lib_init_cpp_1                      0x08000163   Thumb Code     0  libinit2.o(.ARM.Collect$$libinit$$00000032)
    __rt_lib_init_exceptions_1               0x08000163   Thumb Code     0  libinit2.o(.ARM.Collect$$libinit$$00000030)
    __rt_lib_init_fp_1                       0x08000163   Thumb Code     0  libinit2.o(.ARM.Collect$$libinit$$00000002)
    __rt_lib_init_fp_trap_1                  0x08000163   Thumb Code     0  libinit2.o(.ARM.Collect$$libinit$$0000001F)
    __rt_lib_init_getenv_1                   0x08000163   Thumb Code     0  libinit2.o(.ARM.Collect$$libinit$$00000023)
    __rt_lib_init_heap_1                     0x08000163   Thumb Code     0  libinit2.o(.ARM.Collect$$libinit$$0000000A)
    __rt_lib_init_lc_collate_1               0x08000163   Thumb Code     0  libinit2.o(.ARM.Collect$$libinit$$00000011)
    __rt_lib_init_lc_ctype_1                 0x08000163   Thumb Code     0  libinit2.o(.ARM.Collect$$libinit$$00000013)
    __rt_lib_init_lc_monetary_1              0x08000163   Thumb Code     0  libinit2.o(.ARM.Collect$$libinit$$00000015)
    __rt_lib_init_lc_numeric_1               0x08000163   Thumb Code     0  libinit2.o(.ARM.Collect$$libinit$$00000017)
    __rt_lib_init_lc_time_1                  0x08000163   Thumb Code     0  libinit2.o(.ARM.Collect$$libinit$$00000019)
    __rt_lib_init_preinit_1                  0x08000163   Thumb Code     0  libinit2.o(.ARM.Collect$$libinit$$00000004)
    __rt_lib_init_rand_1                     0x08000163   Thumb Code     0  libinit2.o(.ARM.Collect$$libinit$$0000000E)
    __rt_lib_init_return                     0x08000163   Thumb Code     0  libinit2.o(.ARM.Collect$$libinit$$00000033)
    __rt_lib_init_signal_1                   0x08000163   Thumb Code     0  libinit2.o(.ARM.Collect$$libinit$$0000001D)
    __rt_lib_init_stdio_1                    0x08000163   Thumb Code     0  libinit2.o(.ARM.Collect$$libinit$$00000025)
    __rt_lib_init_user_alloc_1               0x08000163   Thumb Code     0  libinit2.o(.ARM.Collect$$libinit$$0000000C)
    __rt_lib_shutdown                        0x08000165   Thumb Code     0  libshutdown.o(.ARM.Collect$$libshutdown$$00000000)
    __rt_lib_shutdown_cpp_1                  0x08000167   Thumb Code     0  libshutdown2.o(.ARM.Collect$$libshutdown$$00000004)
    __rt_lib_shutdown_fini_1                 0x08000167   Thumb Code     0  libshutdown2.o(.ARM.Collect$$libshutdown$$00000002)
    __rt_lib_shutdown_fp_trap_1              0x08000167   Thumb Code     0  libshutdown2.o(.ARM.Collect$$libshutdown$$00000009)
    __rt_lib_shutdown_heap_1                 0x08000167   Thumb Code     0  libshutdown2.o(.ARM.Collect$$libshutdown$$00000011)
    __rt_lib_shutdown_return                 0x08000167   Thumb Code     0  libshutdown2.o(.ARM.Collect$$libshutdown$$00000012)
    __rt_lib_shutdown_signal_1               0x08000167   Thumb Code     0  libshutdown2.o(.ARM.Collect$$libshutdown$$0000000C)
    __rt_lib_shutdown_stdio_1                0x08000167   Thumb Code     0  libshutdown2.o(.ARM.Collect$$libshutdown$$00000006)
    __rt_lib_shutdown_user_alloc_1           0x08000167   Thumb Code     0  libshutdown2.o(.ARM.Collect$$libshutdown$$0000000E)
    __rt_entry                               0x08000169   Thumb Code     0  __rtentry.o(.ARM.Collect$$rtentry$$00000000)
    __rt_entry_presh_1                       0x08000169   Thumb Code     0  __rtentry2.o(.ARM.Collect$$rtentry$$00000002)
    __rt_entry_sh                            0x08000169   Thumb Code     0  __rtentry4.o(.ARM.Collect$$rtentry$$00000004)
    __rt_entry_li                            0x0800016f   Thumb Code     0  __rtentry2.o(.ARM.Collect$$rtentry$$0000000A)
    __rt_entry_postsh_1                      0x0800016f   Thumb Code     0  __rtentry2.o(.ARM.Collect$$rtentry$$00000009)
    __rt_entry_main                          0x08000173   Thumb Code     0  __rtentry2.o(.ARM.Collect$$rtentry$$0000000D)
    __rt_entry_postli_1                      0x08000173   Thumb Code     0  __rtentry2.o(.ARM.Collect$$rtentry$$0000000C)
    __rt_exit                                0x0800017b   Thumb Code     0  rtexit.o(.ARM.Collect$$rtexit$$00000000)
    __rt_exit_ls                             0x0800017d   Thumb Code     0  rtexit2.o(.ARM.Collect$$rtexit$$00000003)
    __rt_exit_prels_1                        0x0800017d   Thumb Code     0  rtexit2.o(.ARM.Collect$$rtexit$$00000002)
    __rt_exit_exit                           0x08000181   Thumb Code     0  rtexit2.o(.ARM.Collect$$rtexit$$00000004)
    SVC_Handler                              0x08000189   Thumb Code    32  port.o(.emb_text)
    __asm___6_port_c_39a90d8d__prvStartFirstTask 0x080001ad   Thumb Code    28  port.o(.emb_text)
    PendSV_Handler                           0x080001cd   Thumb Code    72  port.o(.emb_text)
    vPortGetIPSR                             0x08000219   Thumb Code     6  port.o(.emb_text)
    Reset_Handler                            0x08000221   Thumb Code     8  startup_stm32f10x_md.o(.text)
    NMI_Handler                              0x08000229   Thumb Code     2  startup_stm32f10x_md.o(.text)
    HardFault_Handler                        0x0800022b   Thumb Code     2  startup_stm32f10x_md.o(.text)
    MemManage_Handler                        0x0800022d   Thumb Code     2  startup_stm32f10x_md.o(.text)
    BusFault_Handler                         0x0800022f   Thumb Code     2  startup_stm32f10x_md.o(.text)
    UsageFault_Handler                       0x08000231   Thumb Code     2  startup_stm32f10x_md.o(.text)
    DebugMon_Handler                         0x08000235   Thumb Code     2  startup_stm32f10x_md.o(.text)
    ADC1_2_IRQHandler                        0x0800023b   Thumb Code     0  startup_stm32f10x_md.o(.text)
    CAN1_RX1_IRQHandler                      0x0800023b   Thumb Code     0  startup_stm32f10x_md.o(.text)
    CAN1_SCE_IRQHandler                      0x0800023b   Thumb Code     0  startup_stm32f10x_md.o(.text)
    DMA1_Channel1_IRQHandler                 0x0800023b   Thumb Code     0  startup_stm32f10x_md.o(.text)
    DMA1_Channel2_IRQHandler                 0x0800023b   Thumb Code     0  startup_stm32f10x_md.o(.text)
    DMA1_Channel3_IRQHandler                 0x0800023b   Thumb Code     0  startup_stm32f10x_md.o(.text)
    DMA1_Channel4_IRQHandler                 0x0800023b   Thumb Code     0  startup_stm32f10x_md.o(.text)
    DMA1_Channel5_IRQHandler                 0x0800023b   Thumb Code     0  startup_stm32f10x_md.o(.text)
    DMA1_Channel6_IRQHandler                 0x0800023b   Thumb Code     0  startup_stm32f10x_md.o(.text)
    DMA1_Channel7_IRQHandler                 0x0800023b   Thumb Code     0  startup_stm32f10x_md.o(.text)
    EXTI0_IRQHandler                         0x0800023b   Thumb Code     0  startup_stm32f10x_md.o(.text)
    EXTI15_10_IRQHandler                     0x0800023b   Thumb Code     0  startup_stm32f10x_md.o(.text)
    EXTI1_IRQHandler                         0x0800023b   Thumb Code     0  startup_stm32f10x_md.o(.text)
    EXTI2_IRQHandler                         0x0800023b   Thumb Code     0  startup_stm32f10x_md.o(.text)
    EXTI3_IRQHandler                         0x0800023b   Thumb Code     0  startup_stm32f10x_md.o(.text)
    EXTI4_IRQHandler                         0x0800023b   Thumb Code     0  startup_stm32f10x_md.o(.text)
    EXTI9_5_IRQHandler                       0x0800023b   Thumb Code     0  startup_stm32f10x_md.o(.text)
    FLASH_IRQHandler                         0x0800023b   Thumb Code     0  startup_stm32f10x_md.o(.text)
    I2C1_ER_IRQHandler                       0x0800023b   Thumb Code     0  startup_stm32f10x_md.o(.text)
    I2C1_EV_IRQHandler                       0x0800023b   Thumb Code     0  startup_stm32f10x_md.o(.text)
    I2C2_ER_IRQHandler                       0x0800023b   Thumb Code     0  startup_stm32f10x_md.o(.text)
    I2C2_EV_IRQHandler                       0x0800023b   Thumb Code     0  startup_stm32f10x_md.o(.text)
    PVD_IRQHandler                           0x0800023b   Thumb Code     0  startup_stm32f10x_md.o(.text)
    RCC_IRQHandler                           0x0800023b   Thumb Code     0  startup_stm32f10x_md.o(.text)
    RTCAlarm_IRQHandler                      0x0800023b   Thumb Code     0  startup_stm32f10x_md.o(.text)
    RTC_IRQHandler                           0x0800023b   Thumb Code     0  startup_stm32f10x_md.o(.text)
    SPI1_IRQHandler                          0x0800023b   Thumb Code     0  startup_stm32f10x_md.o(.text)
    SPI2_IRQHandler                          0x0800023b   Thumb Code     0  startup_stm32f10x_md.o(.text)
    TAMPER_IRQHandler                        0x0800023b   Thumb Code     0  startup_stm32f10x_md.o(.text)
    TIM1_BRK_IRQHandler                      0x0800023b   Thumb Code     0  startup_stm32f10x_md.o(.text)
    TIM1_CC_IRQHandler                       0x0800023b   Thumb Code     0  startup_stm32f10x_md.o(.text)
    TIM1_TRG_COM_IRQHandler                  0x0800023b   Thumb Code     0  startup_stm32f10x_md.o(.text)
    TIM1_UP_IRQHandler                       0x0800023b   Thumb Code     0  startup_stm32f10x_md.o(.text)
    TIM2_IRQHandler                          0x0800023b   Thumb Code     0  startup_stm32f10x_md.o(.text)
    TIM3_IRQHandler                          0x0800023b   Thumb Code     0  startup_stm32f10x_md.o(.text)
    TIM4_IRQHandler                          0x0800023b   Thumb Code     0  startup_stm32f10x_md.o(.text)
    USART1_IRQHandler                        0x0800023b   Thumb Code     0  startup_stm32f10x_md.o(.text)
    USART2_IRQHandler                        0x0800023b   Thumb Code     0  startup_stm32f10x_md.o(.text)
    USART3_IRQHandler                        0x0800023b   Thumb Code     0  startup_stm32f10x_md.o(.text)
    USBWakeUp_IRQHandler                     0x0800023b   Thumb Code     0  startup_stm32f10x_md.o(.text)
    USB_HP_CAN1_TX_IRQHandler                0x0800023b   Thumb Code     0  startup_stm32f10x_md.o(.text)
    USB_LP_CAN1_RX0_IRQHandler               0x0800023b   Thumb Code     0  startup_stm32f10x_md.o(.text)
    WWDG_IRQHandler                          0x0800023b   Thumb Code     0  startup_stm32f10x_md.o(.text)
    __user_initial_stackheap                 0x0800023d   Thumb Code     0  startup_stm32f10x_md.o(.text)
    strcpy                                   0x08000261   Thumb Code    72  strcpy.o(.text)
    strcat                                   0x080002a9   Thumb Code    24  strcat.o(.text)
    __aeabi_memcpy                           0x080002c1   Thumb Code     0  rt_memcpy_v6.o(.text)
    __rt_memcpy                              0x080002c1   Thumb Code   138  rt_memcpy_v6.o(.text)
    _memcpy_lastbytes                        0x08000327   Thumb Code     0  rt_memcpy_v6.o(.text)
    __aeabi_memcpy4                          0x0800034b   Thumb Code     0  rt_memcpy_w.o(.text)
    __aeabi_memcpy8                          0x0800034b   Thumb Code     0  rt_memcpy_w.o(.text)
    __rt_memcpy_w                            0x0800034b   Thumb Code   100  rt_memcpy_w.o(.text)
    _memcpy_lastbytes_aligned                0x08000393   Thumb Code     0  rt_memcpy_w.o(.text)
    __aeabi_memset                           0x080003af   Thumb Code    16  aeabi_memset.o(.text)
    __aeabi_memclr                           0x080003bf   Thumb Code     0  rt_memclr.o(.text)
    __rt_memclr                              0x080003bf   Thumb Code    68  rt_memclr.o(.text)
    _memset                                  0x080003c3   Thumb Code     0  rt_memclr.o(.text)
    __aeabi_memclr4                          0x08000403   Thumb Code     0  rt_memclr_w.o(.text)
    __aeabi_memclr8                          0x08000403   Thumb Code     0  rt_memclr_w.o(.text)
    __rt_memclr_w                            0x08000403   Thumb Code    78  rt_memclr_w.o(.text)
    _memset_w                                0x08000407   Thumb Code     0  rt_memclr_w.o(.text)
    strcmp                                   0x08000451   Thumb Code   128  strcmpv7m.o(.text)
    __use_two_region_memory                  0x080004d1   Thumb Code     2  heapauxi.o(.text)
    __rt_heap_escrow$2region                 0x080004d3   Thumb Code     2  heapauxi.o(.text)
    __rt_heap_expand$2region                 0x080004d5   Thumb Code     2  heapauxi.o(.text)
    __user_setup_stackheap                   0x080004d7   Thumb Code    74  sys_stackheap_outer.o(.text)
    exit                                     0x08000521   Thumb Code    18  exit.o(.text)
    __user_libspace                          0x08000535   Thumb Code     8  libspace.o(.text)
    __user_perproc_libspace                  0x08000535   Thumb Code     0  libspace.o(.text)
    __user_perthread_libspace                0x08000535   Thumb Code     0  libspace.o(.text)
    _sys_exit                                0x0800053d   Thumb Code     8  sys_exit.o(.text)
    __I$use$semihosting                      0x08000549   Thumb Code     0  use_no_semi.o(.text)
    __use_no_semihosting_swi                 0x08000549   Thumb Code     2  use_no_semi.o(.text)
    __semihosting_library_function           0x0800054b   Thumb Code     0  indicate_semi.o(.text)
    BT_Init                                  0x0800054d   Thumb Code    48  bluetooth.o(i.BT_Init)
    BT_Receive                               0x08000585   Thumb Code    30  bluetooth.o(i.BT_Receive)
    BT_RxBufferInit                          0x080005ad   Thumb Code    24  bluetooth.o(i.BT_RxBufferInit)
    BT_RxBufferReset                         0x080005cd   Thumb Code    22  bluetooth.o(i.BT_RxBufferReset)
    BT_Transmit                              0x080005e5   Thumb Code    14  bluetooth.o(i.BT_Transmit)
    Button_Init                              0x080005f9   Thumb Code    20  button.o(i.Button_Init)
    Button_IsPressed                         0x08000611   Thumb Code    66  button.o(i.Button_IsPressed)
    CheckKey                                 0x08000659   Thumb Code   120  app.o(i.CheckKey)
    Clock_HSI_8MHz_Init                      0x08000729   Thumb Code    68  clock.o(i.Clock_HSI_8MHz_Init)
    DMA_RxBufferFull                         0x08000775   Thumb Code    44  dma.o(i.DMA_RxBufferFull)
    DMA_Rx_CNDTR                             0x080007a1   Thumb Code     8  dma.o(i.DMA_Rx_CNDTR)
    DMA_USART_Rx_Init                        0x080007a9   Thumb Code    26  dma.o(i.DMA_USART_Rx_Init)
    Display                                  0x080007c3   Thumb Code    76  app.o(i.Display)
    EEPROM_GetData                           0x0800080f   Thumb Code    72  eeprom.o(i.EEPROM_GetData)
    EEPROM_StoreData                         0x080008a5   Thumb Code    72  eeprom.o(i.EEPROM_StoreData)
    FindFingerprint                          0x0800093d   Thumb Code    44  app.o(i.FindFingerprint)
    Fingerprint_CreateModel                  0x08000969   Thumb Code    50  fingerprint.o(i.Fingerprint_CreateModel)
    Fingerprint_EmptyDatabase                0x080009a5   Thumb Code    50  fingerprint.o(i.Fingerprint_EmptyDatabase)
    Fingerprint_FingerFastSearch             0x080009e1   Thumb Code    52  fingerprint.o(i.Fingerprint_FingerFastSearch)
    Fingerprint_GetImage                     0x08000a21   Thumb Code    50  fingerprint.o(i.Fingerprint_GetImage)
    Fingerprint_Image2Tz                     0x08000a5d   Thumb Code    56  fingerprint.o(i.Fingerprint_Image2Tz)
    Fingerprint_Init                         0x08000a9d   Thumb Code    66  fingerprint.o(i.Fingerprint_Init)
    Fingerprint_LoadModel                    0x08000af1   Thumb Code    64  fingerprint.o(i.Fingerprint_LoadModel)
    Fingerprint_StoreModel                   0x08000b39   Thumb Code    64  fingerprint.o(i.Fingerprint_StoreModel)
    GPIO_InputInit                           0x08000b81   Thumb Code    32  gpio.o(i.GPIO_InputInit)
    GPIO_InputRead                           0x08000ba1   Thumb Code    18  gpio.o(i.GPIO_InputRead)
    GPIO_OutputInit                          0x08000bb3   Thumb Code    34  gpio.o(i.GPIO_OutputInit)
    GPIO_OutputRead                          0x08000bd5   Thumb Code    18  gpio.o(i.GPIO_OutputRead)
    GPIO_OutputWrite                         0x08000be7   Thumb Code    16  gpio.o(i.GPIO_OutputWrite)
    GPIO_Reset                               0x08000bf9   Thumb Code    74  gpio.o(i.GPIO_Reset)
    GSM_Init                                 0x08000c59   Thumb Code    32  gsm.o(i.GSM_Init)
    GSM_SendText                             0x08000c81   Thumb Code   102  gsm.o(i.GSM_SendText)
    GetKeypadData                            0x08000d05   Thumb Code    48  app.o(i.GetKeypadData)
    HasTimedOut                              0x08001109   Thumb Code    26  app.o(i.HasTimedOut)
    I2C_Init                                 0x08001123   Thumb Code    38  i2c.o(i.I2C_Init)
    I2C_Read2Bytes                           0x08001149   Thumb Code   170  i2c.o(i.I2C_Read2Bytes)
    I2C_ReadByte                             0x080011f3   Thumb Code   158  i2c.o(i.I2C_ReadByte)
    I2C_ReadMultiByte                        0x08001291   Thumb Code   288  i2c.o(i.I2C_ReadMultiByte)
    I2C_WriteByte                            0x080013b5   Thumb Code   114  i2c.o(i.I2C_WriteByte)
    I2C_WriteMultiByte                       0x08001427   Thumb Code   130  i2c.o(i.I2C_WriteMultiByte)
    IRSensor_Init                            0x080014a9   Thumb Code    20  ir_sensor.o(i.IRSensor_Init)
    IRSensor_TamperDetected                  0x080014c1   Thumb Code    12  ir_sensor.o(i.IRSensor_TamperDetected)
    InputNewPassword                         0x080014d1   Thumb Code   124  app.o(i.InputNewPassword)
    InputPhoneNumber                         0x08001591   Thumb Code    88  app.o(i.InputPhoneNumber)
    IntegerToString                          0x080015f5   Thumb Code    68  app.o(i.IntegerToString)
    IntertaskTimeout                         0x08001639   Thumb Code    32  app.o(i.IntertaskTimeout)
    IntruderAlert                            0x08001659   Thumb Code    42  app.o(i.IntruderAlert)
    Keypad_GetChar                           0x080016d9   Thumb Code   102  keypad.o(i.Keypad_GetChar)
    Keypad_Init                              0x08001749   Thumb Code    46  keypad.o(i.Keypad_Init)
    OLED_ClearScreen                         0x08001785   Thumb Code    18  oled.o(i.OLED_ClearScreen)
    OLED_DrawPixel                           0x0800179d   Thumb Code   150  oled.o(i.OLED_DrawPixel)
    OLED_Init                                0x08001859   Thumb Code   188  oled.o(i.OLED_Init)
    OLED_SetCursor                           0x08001915   Thumb Code    10  oled.o(i.OLED_SetCursor)
    OLED_UpdateScreen                        0x08001929   Thumb Code    52  oled.o(i.OLED_UpdateScreen)
    OLED_WriteChar                           0x08001961   Thumb Code   162  oled.o(i.OLED_WriteChar)
    OutputDev_Init                           0x08001a45   Thumb Code    42  output_device.o(i.OutputDev_Init)
    OutputDev_Read                           0x08001a75   Thumb Code    34  output_device.o(i.OutputDev_Read)
    OutputDev_Write                          0x08001a9d   Thumb Code    38  output_device.o(i.OutputDev_Write)
    RetryPassword                            0x08001b19   Thumb Code    84  app.o(i.RetryPassword)
    SetIntertaskData                         0x08001c51   Thumb Code     4  app.o(i.SetIntertaskData)
    StoreFingerprint                         0x08001d3d   Thumb Code   132  app.o(i.StoreFingerprint)
    SysTick_Handler                          0x08001e25   Thumb Code    46  port.o(i.SysTick_Handler)
    SystemInit                               0x08001e59   Thumb Code    78  system_stm32f10x.o(i.SystemInit)
    System_Config                            0x08001eb9   Thumb Code    40  system.o(i.System_Config)
    Task1                                    0x08001ee9   Thumb Code   152  main.o(i.Task1)
    Task2                                    0x08001f95   Thumb Code    12  main.o(i.Task2)
    Task3                                    0x08001fa1   Thumb Code    92  main.o(i.Task3)
    Task4                                    0x08002019   Thumb Code    98  main.o(i.Task4)
    TimerCallback                            0x08002085   Thumb Code   106  main.o(i.TimerCallback)
    USART_Init                               0x08002119   Thumb Code    78  uart.o(i.USART_Init)
    USART_RxIdleLineDetected                 0x08002167   Thumb Code    28  uart.o(i.USART_RxIdleLineDetected)
    USART_WriteByte                          0x08002183   Thumb Code    16  uart.o(i.USART_WriteByte)
    USART_WriteBytes                         0x08002193   Thumb Code    34  uart.o(i.USART_WriteBytes)
    USART_WriteChars                         0x080021b5   Thumb Code    32  uart.o(i.USART_WriteChars)
    main                                     0x08002269   Thumb Code    34  main.o(i.main)
    pvPortMalloc                             0x08002abd   Thumb Code   118  heap_1.o(i.pvPortMalloc)
    pxPortInitialiseStack                    0x08002b41   Thumb Code    30  port.o(i.pxPortInitialiseStack)
    uxListRemove                             0x08002b65   Thumb Code    40  list.o(i.uxListRemove)
    vListInitialise                          0x08002b8d   Thumb Code    26  list.o(i.vListInitialise)
    vListInitialiseItem                      0x08002ba7   Thumb Code     6  list.o(i.vListInitialiseItem)
    vListInsert                              0x08002bad   Thumb Code    52  list.o(i.vListInsert)
    vListInsertEnd                           0x08002be1   Thumb Code    24  list.o(i.vListInsertEnd)
    vPortEnterCritical                       0x08002bf9   Thumb Code    30  port.o(i.vPortEnterCritical)
    vPortExitCritical                        0x08002c1d   Thumb Code    28  port.o(i.vPortExitCritical)
    vPortFree                                0x08002c3d   Thumb Code     2  heap_1.o(i.vPortFree)
    vPortSetupTimerInterrupt                 0x08002c41   Thumb Code    20  port.o(i.vPortSetupTimerInterrupt)
    vQueueWaitForMessageRestricted           0x08002c59   Thumb Code    74  queue.o(i.vQueueWaitForMessageRestricted)
    vTaskDelay                               0x08002ca5   Thumb Code    46  tasks.o(i.vTaskDelay)
    vTaskDelete                              0x08002cd9   Thumb Code   166  tasks.o(i.vTaskDelete)
    vTaskInternalSetTimeOutState             0x08002da5   Thumb Code    14  tasks.o(i.vTaskInternalSetTimeOutState)
    vTaskMissedYield                         0x08002dbd   Thumb Code     8  tasks.o(i.vTaskMissedYield)
    vTaskPlaceOnEventList                    0x08002dc9   Thumb Code    28  tasks.o(i.vTaskPlaceOnEventList)
    vTaskPlaceOnEventListRestricted          0x08002de9   Thumb Code    36  tasks.o(i.vTaskPlaceOnEventListRestricted)
    vTaskStartScheduler                      0x08002e11   Thumb Code    86  tasks.o(i.vTaskStartScheduler)
    vTaskSuspendAll                          0x08002e89   Thumb Code    12  tasks.o(i.vTaskSuspendAll)
    vTaskSwitchContext                       0x08002e99   Thumb Code    76  tasks.o(i.vTaskSwitchContext)
    xPortStartScheduler                      0x08002ef9   Thumb Code    42  port.o(i.xPortStartScheduler)
    xQueueGenericCreate                      0x08002f2d   Thumb Code    52  queue.o(i.xQueueGenericCreate)
    xQueueGenericReset                       0x08002f61   Thumb Code   122  queue.o(i.xQueueGenericReset)
    xQueueGenericSend                        0x08002fe1   Thumb Code   276  queue.o(i.xQueueGenericSend)
    xQueueGenericSendFromISR                 0x080030f9   Thumb Code   138  queue.o(i.xQueueGenericSendFromISR)
    xQueueReceive                            0x08003185   Thumb Code   256  queue.o(i.xQueueReceive)
    xTaskCheckForTimeOut                     0x08003289   Thumb Code    88  tasks.o(i.xTaskCheckForTimeOut)
    xTaskCreate                              0x080032e9   Thumb Code    96  tasks.o(i.xTaskCreate)
    xTaskGetSchedulerState                   0x08003349   Thumb Code    24  tasks.o(i.xTaskGetSchedulerState)
    xTaskGetTickCount                        0x08003369   Thumb Code     6  tasks.o(i.xTaskGetTickCount)
    xTaskIncrementTick                       0x08003375   Thumb Code   238  tasks.o(i.xTaskIncrementTick)
    xTaskRemoveFromEventList                 0x08003491   Thumb Code   104  tasks.o(i.xTaskRemoveFromEventList)
    xTaskResumeAll                           0x08003511   Thumb Code   196  tasks.o(i.xTaskResumeAll)
    xTimerCreate                             0x080035f9   Thumb Code    54  timers.o(i.xTimerCreate)
    xTimerCreateTimerTask                    0x08003631   Thumb Code    40  timers.o(i.xTimerCreateTimerTask)
    xTimerGenericCommand                     0x0800366d   Thumb Code   102  timers.o(i.xTimerGenericCommand)
    keypadMatrix                             0x0800372f   Data          16  keypad.o(.constdata)
    Font_7x10                                0x08003740   Data        1900  oled.o(.constdata)
    Region$$Table$$Base                      0x08003efc   Number         0  anon$$obj.o(Region$$Table)
    Region$$Table$$Limit                     0x08003f1c   Number         0  anon$$obj.o(Region$$Table)
    invalidInput                             0x20000000   Data           1  main.o(.data)
    invalidPrint                             0x20000001   Data           1  main.o(.data)
    deviceTampered                           0x20000002   Data           1  main.o(.data)
    invalidBluetoothPswd                     0x20000003   Data           1  main.o(.data)
    pxCurrentTCB                             0x20000010   Data           4  tasks.o(.data)
    uxTopUsedPriority                        0x20000048   Data           4  tasks.o(.data)
    __libspace_start                         0x20001a34   Data          96  libspace.o(.bss)
    __temporary_stack_top$libspace           0x20001a94   Data           0  libspace.o(.bss)



==============================================================================

Memory Map of the image

  Image Entry point : 0x080000ed

  Load Region LR_IROM1 (Base: 0x08000000, Size: 0x00003f8c, Max: 0x00010000, ABSOLUTE)

    Execution Region ER_IROM1 (Exec base: 0x08000000, Load base: 0x08000000, Size: 0x00003f1c, Max: 0x00010000, ABSOLUTE)

    Exec Addr    Load Addr    Size         Type   Attr      Idx    E Section Name        Object

    0x08000000   0x08000000   0x000000ec   Data   RO         1819    RESET               startup_stm32f10x_md.o
    0x080000ec   0x080000ec   0x00000008   Code   RO         1890  * !!!main             c_w.l(__main.o)
    0x080000f4   0x080000f4   0x00000034   Code   RO         2049    !!!scatter          c_w.l(__scatter.o)
    0x08000128   0x08000128   0x0000001a   Code   RO         2051    !!handler_copy      c_w.l(__scatter_copy.o)
    0x08000142   0x08000142   0x00000002   PAD
    0x08000144   0x08000144   0x0000001c   Code   RO         2053    !!handler_zi        c_w.l(__scatter_zi.o)
    0x08000160   0x08000160   0x00000002   Code   RO         1917    .ARM.Collect$$libinit$$00000000  c_w.l(libinit.o)
    0x08000162   0x08000162   0x00000000   Code   RO         1924    .ARM.Collect$$libinit$$00000002  c_w.l(libinit2.o)
    0x08000162   0x08000162   0x00000000   Code   RO         1926    .ARM.Collect$$libinit$$00000004  c_w.l(libinit2.o)
    0x08000162   0x08000162   0x00000000   Code   RO         1929    .ARM.Collect$$libinit$$0000000A  c_w.l(libinit2.o)
    0x08000162   0x08000162   0x00000000   Code   RO         1931    .ARM.Collect$$libinit$$0000000C  c_w.l(libinit2.o)
    0x08000162   0x08000162   0x00000000   Code   RO         1933    .ARM.Collect$$libinit$$0000000E  c_w.l(libinit2.o)
    0x08000162   0x08000162   0x00000000   Code   RO         1936    .ARM.Collect$$libinit$$00000011  c_w.l(libinit2.o)
    0x08000162   0x08000162   0x00000000   Code   RO         1938    .ARM.Collect$$libinit$$00000013  c_w.l(libinit2.o)
    0x08000162   0x08000162   0x00000000   Code   RO         1940    .ARM.Collect$$libinit$$00000015  c_w.l(libinit2.o)
    0x08000162   0x08000162   0x00000000   Code   RO         1942    .ARM.Collect$$libinit$$00000017  c_w.l(libinit2.o)
    0x08000162   0x08000162   0x00000000   Code   RO         1944    .ARM.Collect$$libinit$$00000019  c_w.l(libinit2.o)
    0x08000162   0x08000162   0x00000000   Code   RO         1946    .ARM.Collect$$libinit$$0000001B  c_w.l(libinit2.o)
    0x08000162   0x08000162   0x00000000   Code   RO         1948    .ARM.Collect$$libinit$$0000001D  c_w.l(libinit2.o)
    0x08000162   0x08000162   0x00000000   Code   RO         1950    .ARM.Collect$$libinit$$0000001F  c_w.l(libinit2.o)
    0x08000162   0x08000162   0x00000000   Code   RO         1952    .ARM.Collect$$libinit$$00000021  c_w.l(libinit2.o)
    0x08000162   0x08000162   0x00000000   Code   RO         1954    .ARM.Collect$$libinit$$00000023  c_w.l(libinit2.o)
    0x08000162   0x08000162   0x00000000   Code   RO         1956    .ARM.Collect$$libinit$$00000025  c_w.l(libinit2.o)
    0x08000162   0x08000162   0x00000000   Code   RO         1960    .ARM.Collect$$libinit$$0000002C  c_w.l(libinit2.o)
    0x08000162   0x08000162   0x00000000   Code   RO         1962    .ARM.Collect$$libinit$$0000002E  c_w.l(libinit2.o)
    0x08000162   0x08000162   0x00000000   Code   RO         1964    .ARM.Collect$$libinit$$00000030  c_w.l(libinit2.o)
    0x08000162   0x08000162   0x00000000   Code   RO         1966    .ARM.Collect$$libinit$$00000032  c_w.l(libinit2.o)
    0x08000162   0x08000162   0x00000002   Code   RO         1967    .ARM.Collect$$libinit$$00000033  c_w.l(libinit2.o)
    0x08000164   0x08000164   0x00000002   Code   RO         1987    .ARM.Collect$$libshutdown$$00000000  c_w.l(libshutdown.o)
    0x08000166   0x08000166   0x00000000   Code   RO         2000    .ARM.Collect$$libshutdown$$00000002  c_w.l(libshutdown2.o)
    0x08000166   0x08000166   0x00000000   Code   RO         2002    .ARM.Collect$$libshutdown$$00000004  c_w.l(libshutdown2.o)
    0x08000166   0x08000166   0x00000000   Code   RO         2004    .ARM.Collect$$libshutdown$$00000006  c_w.l(libshutdown2.o)
    0x08000166   0x08000166   0x00000000   Code   RO         2007    .ARM.Collect$$libshutdown$$00000009  c_w.l(libshutdown2.o)
    0x08000166   0x08000166   0x00000000   Code   RO         2010    .ARM.Collect$$libshutdown$$0000000C  c_w.l(libshutdown2.o)
    0x08000166   0x08000166   0x00000000   Code   RO         2012    .ARM.Collect$$libshutdown$$0000000E  c_w.l(libshutdown2.o)
    0x08000166   0x08000166   0x00000000   Code   RO         2015    .ARM.Collect$$libshutdown$$00000011  c_w.l(libshutdown2.o)
    0x08000166   0x08000166   0x00000002   Code   RO         2016    .ARM.Collect$$libshutdown$$00000012  c_w.l(libshutdown2.o)
    0x08000168   0x08000168   0x00000000   Code   RO         1892    .ARM.Collect$$rtentry$$00000000  c_w.l(__rtentry.o)
    0x08000168   0x08000168   0x00000000   Code   RO         1894    .ARM.Collect$$rtentry$$00000002  c_w.l(__rtentry2.o)
    0x08000168   0x08000168   0x00000006   Code   RO         1906    .ARM.Collect$$rtentry$$00000004  c_w.l(__rtentry4.o)
    0x0800016e   0x0800016e   0x00000000   Code   RO         1896    .ARM.Collect$$rtentry$$00000009  c_w.l(__rtentry2.o)
    0x0800016e   0x0800016e   0x00000004   Code   RO         1897    .ARM.Collect$$rtentry$$0000000A  c_w.l(__rtentry2.o)
    0x08000172   0x08000172   0x00000000   Code   RO         1899    .ARM.Collect$$rtentry$$0000000C  c_w.l(__rtentry2.o)
    0x08000172   0x08000172   0x00000008   Code   RO         1900    .ARM.Collect$$rtentry$$0000000D  c_w.l(__rtentry2.o)
    0x0800017a   0x0800017a   0x00000002   Code   RO         1921    .ARM.Collect$$rtexit$$00000000  c_w.l(rtexit.o)
    0x0800017c   0x0800017c   0x00000000   Code   RO         1969    .ARM.Collect$$rtexit$$00000002  c_w.l(rtexit2.o)
    0x0800017c   0x0800017c   0x00000004   Code   RO         1970    .ARM.Collect$$rtexit$$00000003  c_w.l(rtexit2.o)
    0x08000180   0x08000180   0x00000006   Code   RO         1971    .ARM.Collect$$rtexit$$00000004  c_w.l(rtexit2.o)
    0x08000186   0x08000186   0x00000002   PAD
    0x08000188   0x08000188   0x00000096   Code   RO         1348    .emb_text           port.o
    0x0800021e   0x0800021e   0x00000002   PAD
    0x08000220   0x08000220   0x00000040   Code   RO         1820    .text               startup_stm32f10x_md.o
    0x08000260   0x08000260   0x00000048   Code   RO         1872    .text               c_w.l(strcpy.o)
    0x080002a8   0x080002a8   0x00000018   Code   RO         1874    .text               c_w.l(strcat.o)
    0x080002c0   0x080002c0   0x0000008a   Code   RO         1876    .text               c_w.l(rt_memcpy_v6.o)
    0x0800034a   0x0800034a   0x00000064   Code   RO         1878    .text               c_w.l(rt_memcpy_w.o)
    0x080003ae   0x080003ae   0x00000010   Code   RO         1880    .text               c_w.l(aeabi_memset.o)
    0x080003be   0x080003be   0x00000044   Code   RO         1882    .text               c_w.l(rt_memclr.o)
    0x08000402   0x08000402   0x0000004e   Code   RO         1884    .text               c_w.l(rt_memclr_w.o)
    0x08000450   0x08000450   0x00000080   Code   RO         1886    .text               c_w.l(strcmpv7m.o)
    0x080004d0   0x080004d0   0x00000006   Code   RO         1888    .text               c_w.l(heapauxi.o)
    0x080004d6   0x080004d6   0x0000004a   Code   RO         1908    .text               c_w.l(sys_stackheap_outer.o)
    0x08000520   0x08000520   0x00000012   Code   RO         1910    .text               c_w.l(exit.o)
    0x08000532   0x08000532   0x00000002   PAD
    0x08000534   0x08000534   0x00000008   Code   RO         1918    .text               c_w.l(libspace.o)
    0x0800053c   0x0800053c   0x0000000c   Code   RO         1979    .text               c_w.l(sys_exit.o)
    0x08000548   0x08000548   0x00000002   Code   RO         1990    .text               c_w.l(use_no_semi.o)
    0x0800054a   0x0800054a   0x00000000   Code   RO         1992    .text               c_w.l(indicate_semi.o)
    0x0800054a   0x0800054a   0x00000002   PAD
    0x0800054c   0x0800054c   0x00000038   Code   RO          285    i.BT_Init           bluetooth.o
    0x08000584   0x08000584   0x00000028   Code   RO          286    i.BT_Receive        bluetooth.o
    0x080005ac   0x080005ac   0x00000020   Code   RO          287    i.BT_RxBufferInit   bluetooth.o
    0x080005cc   0x080005cc   0x00000016   Code   RO          288    i.BT_RxBufferReset  bluetooth.o
    0x080005e2   0x080005e2   0x00000002   PAD
    0x080005e4   0x080005e4   0x00000014   Code   RO          289    i.BT_Transmit       bluetooth.o
    0x080005f8   0x080005f8   0x00000018   Code   RO          342    i.Button_Init       button.o
    0x08000610   0x08000610   0x00000048   Code   RO          343    i.Button_IsPressed  button.o
    0x08000658   0x08000658   0x000000d0   Code   RO          187    i.CheckKey          app.o
    0x08000728   0x08000728   0x0000004c   Code   RO         1592    i.Clock_HSI_8MHz_Init  clock.o
    0x08000774   0x08000774   0x0000002c   Code   RO         1616    i.DMA_RxBufferFull  dma.o
    0x080007a0   0x080007a0   0x00000008   Code   RO         1617    i.DMA_Rx_CNDTR      dma.o
    0x080007a8   0x080007a8   0x0000001a   Code   RO         1618    i.DMA_USART_Rx_Init  dma.o
    0x080007c2   0x080007c2   0x0000004c   Code   RO          188    i.Display           app.o
    0x0800080e   0x0800080e   0x00000048   Code   RO          372    i.EEPROM_GetData    eeprom.o
    0x08000856   0x08000856   0x00000002   PAD
    0x08000858   0x08000858   0x0000004c   Code   RO          373    i.EEPROM_ReadPage   eeprom.o
    0x080008a4   0x080008a4   0x00000048   Code   RO          374    i.EEPROM_StoreData  eeprom.o
    0x080008ec   0x080008ec   0x00000050   Code   RO          375    i.EEPROM_WritePage  eeprom.o
    0x0800093c   0x0800093c   0x0000002c   Code   RO          189    i.FindFingerprint   app.o
    0x08000968   0x08000968   0x0000003c   Code   RO          424    i.Fingerprint_CreateModel  fingerprint.o
    0x080009a4   0x080009a4   0x0000003c   Code   RO          426    i.Fingerprint_EmptyDatabase  fingerprint.o
    0x080009e0   0x080009e0   0x00000040   Code   RO          427    i.Fingerprint_FingerFastSearch  fingerprint.o
    0x08000a20   0x08000a20   0x0000003c   Code   RO          428    i.Fingerprint_GetImage  fingerprint.o
    0x08000a5c   0x08000a5c   0x00000040   Code   RO          430    i.Fingerprint_Image2Tz  fingerprint.o
    0x08000a9c   0x08000a9c   0x00000054   Code   RO          431    i.Fingerprint_Init  fingerprint.o
    0x08000af0   0x08000af0   0x00000048   Code   RO          432    i.Fingerprint_LoadModel  fingerprint.o
    0x08000b38   0x08000b38   0x00000048   Code   RO          433    i.Fingerprint_StoreModel  fingerprint.o
    0x08000b80   0x08000b80   0x00000020   Code   RO         1652    i.GPIO_InputInit    gpio.o
    0x08000ba0   0x08000ba0   0x00000012   Code   RO         1653    i.GPIO_InputRead    gpio.o
    0x08000bb2   0x08000bb2   0x00000022   Code   RO         1654    i.GPIO_OutputInit   gpio.o
    0x08000bd4   0x08000bd4   0x00000012   Code   RO         1655    i.GPIO_OutputRead   gpio.o
    0x08000be6   0x08000be6   0x00000010   Code   RO         1656    i.GPIO_OutputWrite  gpio.o
    0x08000bf6   0x08000bf6   0x00000002   PAD
    0x08000bf8   0x08000bf8   0x00000060   Code   RO         1657    i.GPIO_Reset        gpio.o
    0x08000c58   0x08000c58   0x00000028   Code   RO          522    i.GSM_Init          gsm.o
    0x08000c80   0x08000c80   0x00000084   Code   RO          523    i.GSM_SendText      gsm.o
    0x08000d04   0x08000d04   0x00000030   Code   RO          190    i.GetKeypadData     app.o
    0x08000d34   0x08000d34   0x000000f4   Code   RO          434    i.GetStructuredPacket  fingerprint.o
    0x08000e28   0x08000e28   0x000000c4   Code   RO            4    i.HandleFingerprint  main.o
    0x08000eec   0x08000eec   0x000000e0   Code   RO            5    i.HandleHMI         main.o
    0x08000fcc   0x08000fcc   0x0000013c   Code   RO            6    i.HandleRxBluetoothData  main.o
    0x08001108   0x08001108   0x0000001a   Code   RO          191    i.HasTimedOut       app.o
    0x08001122   0x08001122   0x00000026   Code   RO         1706    i.I2C_Init          i2c.o
    0x08001148   0x08001148   0x000000aa   Code   RO         1707    i.I2C_Read2Bytes    i2c.o
    0x080011f2   0x080011f2   0x0000009e   Code   RO         1708    i.I2C_ReadByte      i2c.o
    0x08001290   0x08001290   0x00000124   Code   RO         1709    i.I2C_ReadMultiByte  i2c.o
    0x080013b4   0x080013b4   0x00000072   Code   RO         1711    i.I2C_WriteByte     i2c.o
    0x08001426   0x08001426   0x00000082   Code   RO         1712    i.I2C_WriteMultiByte  i2c.o
    0x080014a8   0x080014a8   0x00000018   Code   RO          553    i.IRSensor_Init     ir_sensor.o
    0x080014c0   0x080014c0   0x00000010   Code   RO          554    i.IRSensor_TamperDetected  ir_sensor.o
    0x080014d0   0x080014d0   0x000000c0   Code   RO          192    i.InputNewPassword  app.o
    0x08001590   0x08001590   0x00000064   Code   RO          193    i.InputPhoneNumber  app.o
    0x080015f4   0x080015f4   0x00000044   Code   RO          194    i.IntegerToString   app.o
    0x08001638   0x08001638   0x00000020   Code   RO          195    i.IntertaskTimeout  app.o
    0x08001658   0x08001658   0x0000002a   Code   RO          196    i.IntruderAlert     app.o
    0x08001682   0x08001682   0x00000002   PAD
    0x08001684   0x08001684   0x00000054   Code   RO          583    i.IsDebounced       keypad.o
    0x080016d8   0x080016d8   0x00000070   Code   RO          584    i.Keypad_GetChar    keypad.o
    0x08001748   0x08001748   0x0000003c   Code   RO          585    i.Keypad_Init       keypad.o
    0x08001784   0x08001784   0x00000018   Code   RO          627    i.OLED_ClearScreen  oled.o
    0x0800179c   0x0800179c   0x0000009c   Code   RO          628    i.OLED_DrawPixel    oled.o
    0x08001838   0x08001838   0x00000020   Code   RO          629    i.OLED_Fill         oled.o
    0x08001858   0x08001858   0x000000bc   Code   RO          630    i.OLED_Init         oled.o
    0x08001914   0x08001914   0x00000014   Code   RO          631    i.OLED_SetCursor    oled.o
    0x08001928   0x08001928   0x00000038   Code   RO          632    i.OLED_UpdateScreen  oled.o
    0x08001960   0x08001960   0x000000b0   Code   RO          633    i.OLED_WriteChar    oled.o
    0x08001a10   0x08001a10   0x00000018   Code   RO          634    i.OLED_WriteCommand  oled.o
    0x08001a28   0x08001a28   0x0000001c   Code   RO          635    i.OLED_WriteData    oled.o
    0x08001a44   0x08001a44   0x00000030   Code   RO          707    i.OutputDev_Init    output_device.o
    0x08001a74   0x08001a74   0x00000028   Code   RO          708    i.OutputDev_Read    output_device.o
    0x08001a9c   0x08001a9c   0x0000002c   Code   RO          709    i.OutputDev_Write   output_device.o
    0x08001ac8   0x08001ac8   0x00000050   Code   RO          435    i.PacketInit        fingerprint.o
    0x08001b18   0x08001b18   0x00000058   Code   RO          197    i.RetryPassword     app.o
    0x08001b70   0x08001b70   0x0000007c   Code   RO          586    i.SelectRow         keypad.o
    0x08001bec   0x08001bec   0x00000064   Code   RO            7    i.SendSecurityReportToApp  main.o
    0x08001c50   0x08001c50   0x00000004   Code   RO          198    i.SetIntertaskData  app.o
    0x08001c54   0x08001c54   0x00000008   Code   RO         1827    i.SetSysClock       system_stm32f10x.o
    0x08001c5c   0x08001c5c   0x000000e0   Code   RO         1828    i.SetSysClockTo72   system_stm32f10x.o
    0x08001d3c   0x08001d3c   0x000000e8   Code   RO          199    i.StoreFingerprint  app.o
    0x08001e24   0x08001e24   0x00000034   Code   RO         1349    i.SysTick_Handler   port.o
    0x08001e58   0x08001e58   0x00000060   Code   RO         1830    i.SystemInit        system_stm32f10x.o
    0x08001eb8   0x08001eb8   0x00000030   Code   RO          795    i.System_Config     system.o
    0x08001ee8   0x08001ee8   0x000000ac   Code   RO            8    i.Task1             main.o
    0x08001f94   0x08001f94   0x0000000c   Code   RO            9    i.Task2             main.o
    0x08001fa0   0x08001fa0   0x00000078   Code   RO           10    i.Task3             main.o
    0x08002018   0x08002018   0x0000006c   Code   RO           11    i.Task4             main.o
    0x08002084   0x08002084   0x00000094   Code   RO           12    i.TimerCallback     main.o
    0x08002118   0x08002118   0x0000004e   Code   RO         1766    i.USART_Init        uart.o
    0x08002166   0x08002166   0x0000001c   Code   RO         1768    i.USART_RxIdleLineDetected  uart.o
    0x08002182   0x08002182   0x00000010   Code   RO         1769    i.USART_WriteByte   uart.o
    0x08002192   0x08002192   0x00000022   Code   RO         1770    i.USART_WriteBytes  uart.o
    0x080021b4   0x080021b4   0x00000020   Code   RO         1771    i.USART_WriteChars  uart.o
    0x080021d4   0x080021d4   0x00000094   Code   RO          436    i.WriteStructuredPacket  fingerprint.o
    0x08002268   0x08002268   0x0000002c   Code   RO           13    i.main              main.o
    0x08002294   0x08002294   0x00000098   Code   RO         1034    i.prvAddCurrentTaskToDelayedList  tasks.o
    0x0800232c   0x0800232c   0x000000b4   Code   RO         1035    i.prvAddNewTaskToReadyList  tasks.o
    0x080023e0   0x080023e0   0x0000004c   Code   RO         1453    i.prvCheckForValidListAndQueue  timers.o
    0x0800242c   0x0800242c   0x00000048   Code   RO         1036    i.prvCheckTasksWaitingTermination  tasks.o
    0x08002474   0x08002474   0x0000002a   Code   RO          877    i.prvCopyDataFromQueue  queue.o
    0x0800249e   0x0800249e   0x0000006a   Code   RO          878    i.prvCopyDataToQueue  queue.o
    0x08002508   0x08002508   0x00000012   Code   RO         1037    i.prvDeleteTCB      tasks.o
    0x0800251a   0x0800251a   0x00000002   PAD
    0x0800251c   0x0800251c   0x00000028   Code   RO         1454    i.prvGetNextExpireTime  timers.o
    0x08002544   0x08002544   0x00000028   Code   RO         1038    i.prvIdleTask       tasks.o
    0x0800256c   0x0800256c   0x00000026   Code   RO          879    i.prvInitialiseNewQueue  queue.o
    0x08002592   0x08002592   0x00000098   Code   RO         1039    i.prvInitialiseNewTask  tasks.o
    0x0800262a   0x0800262a   0x0000003a   Code   RO         1455    i.prvInitialiseNewTimer  timers.o
    0x08002664   0x08002664   0x00000068   Code   RO         1040    i.prvInitialiseTaskLists  tasks.o
    0x080026cc   0x080026cc   0x00000058   Code   RO         1456    i.prvInsertTimerInActiveList  timers.o
    0x08002724   0x08002724   0x0000001a   Code   RO          880    i.prvIsQueueEmpty   queue.o
    0x0800273e   0x0800273e   0x0000001e   Code   RO          881    i.prvIsQueueFull    queue.o
    0x0800275c   0x0800275c   0x0000005c   Code   RO         1457    i.prvProcessExpiredTimer  timers.o
    0x080027b8   0x080027b8   0x000000fc   Code   RO         1458    i.prvProcessReceivedCommands  timers.o
    0x080028b4   0x080028b4   0x00000074   Code   RO         1459    i.prvProcessTimerOrBlockTask  timers.o
    0x08002928   0x08002928   0x00000030   Code   RO         1041    i.prvResetNextTaskUnblockTime  tasks.o
    0x08002958   0x08002958   0x0000002c   Code   RO         1460    i.prvSampleTimeNow  timers.o
    0x08002984   0x08002984   0x00000088   Code   RO         1461    i.prvSwitchTimerLists  timers.o
    0x08002a0c   0x08002a0c   0x00000016   Code   RO         1350    i.prvTaskExitError  port.o
    0x08002a22   0x08002a22   0x0000001a   Code   RO         1462    i.prvTimerTask      timers.o
    0x08002a3c   0x08002a3c   0x0000007e   Code   RO          882    i.prvUnlockQueue    queue.o
    0x08002aba   0x08002aba   0x00000002   PAD
    0x08002abc   0x08002abc   0x00000084   Code   RO         1419    i.pvPortMalloc      heap_1.o
    0x08002b40   0x08002b40   0x00000024   Code   RO         1351    i.pxPortInitialiseStack  port.o
    0x08002b64   0x08002b64   0x00000028   Code   RO          829    i.uxListRemove      list.o
    0x08002b8c   0x08002b8c   0x0000001a   Code   RO          830    i.vListInitialise   list.o
    0x08002ba6   0x08002ba6   0x00000006   Code   RO          831    i.vListInitialiseItem  list.o
    0x08002bac   0x08002bac   0x00000034   Code   RO          832    i.vListInsert       list.o
    0x08002be0   0x08002be0   0x00000018   Code   RO          833    i.vListInsertEnd    list.o
    0x08002bf8   0x08002bf8   0x00000024   Code   RO         1353    i.vPortEnterCritical  port.o
    0x08002c1c   0x08002c1c   0x00000020   Code   RO         1354    i.vPortExitCritical  port.o
    0x08002c3c   0x08002c3c   0x00000002   Code   RO         1420    i.vPortFree         heap_1.o
    0x08002c3e   0x08002c3e   0x00000002   PAD
    0x08002c40   0x08002c40   0x00000018   Code   RO         1355    i.vPortSetupTimerInterrupt  port.o
    0x08002c58   0x08002c58   0x0000004a   Code   RO          887    i.vQueueWaitForMessageRestricted  queue.o
    0x08002ca2   0x08002ca2   0x00000002   PAD
    0x08002ca4   0x08002ca4   0x00000034   Code   RO         1051    i.vTaskDelay        tasks.o
    0x08002cd8   0x08002cd8   0x000000cc   Code   RO         1052    i.vTaskDelete       tasks.o
    0x08002da4   0x08002da4   0x00000018   Code   RO         1055    i.vTaskInternalSetTimeOutState  tasks.o
    0x08002dbc   0x08002dbc   0x0000000c   Code   RO         1056    i.vTaskMissedYield  tasks.o
    0x08002dc8   0x08002dc8   0x00000020   Code   RO         1057    i.vTaskPlaceOnEventList  tasks.o
    0x08002de8   0x08002de8   0x00000028   Code   RO         1058    i.vTaskPlaceOnEventListRestricted  tasks.o
    0x08002e10   0x08002e10   0x00000078   Code   RO         1064    i.vTaskStartScheduler  tasks.o
    0x08002e88   0x08002e88   0x00000010   Code   RO         1066    i.vTaskSuspendAll   tasks.o
    0x08002e98   0x08002e98   0x00000060   Code   RO         1067    i.vTaskSwitchContext  tasks.o
    0x08002ef8   0x08002ef8   0x00000034   Code   RO         1356    i.xPortStartScheduler  port.o
    0x08002f2c   0x08002f2c   0x00000034   Code   RO          888    i.xQueueGenericCreate  queue.o
    0x08002f60   0x08002f60   0x00000080   Code   RO          889    i.xQueueGenericReset  queue.o
    0x08002fe0   0x08002fe0   0x00000118   Code   RO          890    i.xQueueGenericSend  queue.o
    0x080030f8   0x080030f8   0x0000008a   Code   RO          891    i.xQueueGenericSendFromISR  queue.o
    0x08003182   0x08003182   0x00000002   PAD
    0x08003184   0x08003184   0x00000104   Code   RO          897    i.xQueueReceive     queue.o
    0x08003288   0x08003288   0x00000060   Code   RO         1069    i.xTaskCheckForTimeOut  tasks.o
    0x080032e8   0x080032e8   0x00000060   Code   RO         1070    i.xTaskCreate       tasks.o
    0x08003348   0x08003348   0x00000020   Code   RO         1076    i.xTaskGetSchedulerState  tasks.o
    0x08003368   0x08003368   0x0000000c   Code   RO         1077    i.xTaskGetTickCount  tasks.o
    0x08003374   0x08003374   0x0000011c   Code   RO         1079    i.xTaskIncrementTick  tasks.o
    0x08003490   0x08003490   0x00000080   Code   RO         1080    i.xTaskRemoveFromEventList  tasks.o
    0x08003510   0x08003510   0x000000e8   Code   RO         1081    i.xTaskResumeAll    tasks.o
    0x080035f8   0x080035f8   0x00000036   Code   RO         1467    i.xTimerCreate      timers.o
    0x0800362e   0x0800362e   0x00000002   PAD
    0x08003630   0x08003630   0x0000003c   Code   RO         1468    i.xTimerCreateTimerTask  timers.o
    0x0800366c   0x0800366c   0x0000006c   Code   RO         1469    i.xTimerGenericCommand  timers.o
    0x080036d8   0x080036d8   0x00000008   Data   RO           15    .constdata          main.o
    0x080036e0   0x080036e0   0x00000032   Data   RO          200    .constdata          app.o
    0x08003712   0x08003712   0x00000002   PAD
    0x08003714   0x08003714   0x0000001b   Data   RO          524    .constdata          gsm.o
    0x0800372f   0x0800372f   0x00000010   Data   RO          588    .constdata          keypad.o
    0x0800373f   0x0800373f   0x00000001   PAD
    0x08003740   0x08003740   0x0000076c   Data   RO          638    .constdata          oled.o
    0x08003eac   0x08003eac   0x0000004d   Data   RO          201    .conststring        app.o
    0x08003ef9   0x08003ef9   0x00000003   PAD
    0x08003efc   0x08003efc   0x00000020   Data   RO         2047    Region$$Table       anon$$obj.o


    Execution Region RW_IRAM1 (Exec base: 0x20000000, Load base: 0x08003f1c, Size: 0x00002098, Max: 0x00005000, ABSOLUTE)

    Exec Addr    Load Addr    Size         Type   Attr      Idx    E Section Name        Object

    0x20000000   0x08003f1c   0x0000000c   Data   RW           16    .data               main.o
    0x2000000c   0x08003f28   0x00000004   Data   RW          639    .data               oled.o
    0x20000010   0x08003f2c   0x00000040   Data   RW         1084    .data               tasks.o
    0x20000050   0x08003f6c   0x00000004   Data   RW         1357    .data               port.o
    0x20000054   0x08003f70   0x00000008   Data   RW         1424    .data               heap_1.o
    0x2000005c   0x08003f78   0x00000014   Data   RW         1475    .data               timers.o
    0x20000070        -       0x00000028   Zero   RW           14    .bss                main.o
    0x20000098        -       0x0000007c   Zero   RW          437    .bss                fingerprint.o
    0x20000114        -       0x00000010   Zero   RW          587    .bss                keypad.o
    0x20000124        -       0x00000420   Zero   RW          637    .bss                oled.o
    0x20000544        -       0x000000c8   Zero   RW         1083    .bss                tasks.o
    0x2000060c        -       0x00001400   Zero   RW         1423    .bss                heap_1.o
    0x20001a0c        -       0x00000028   Zero   RW         1474    .bss                timers.o
    0x20001a34        -       0x00000060   Zero   RW         1919    .bss                c_w.l(libspace.o)
    0x20001a94   0x08003f8c   0x00000004   PAD
    0x20001a98        -       0x00000200   Zero   RW         1818    HEAP                startup_stm32f10x_md.o
    0x20001c98        -       0x00000400   Zero   RW         1817    STACK               startup_stm32f10x_md.o


==============================================================================

Image component sizes


      Code (inc. data)   RO Data    RW Data    ZI Data      Debug   Object Name

      1160        272        127          0          0       7982   app.o
       170         32          0          0          0       2898   bluetooth.o
        96         10          0          0          0       1085   button.o
        76          8          0          0          0        426   clock.o
        78          0          0          0          0       2142   dma.o
       300         10          0          0          0       3180   eeprom.o
      1008        118          0          0        124       7599   fingerprint.o
       214         22          0          0          0       3606   gpio.o
       172         38         27          0          0       1022   gsm.o
       134         14          0          8       5120       1979   heap_1.o
       902          4          0          0          0       4652   i2c.o
        40          8          0          0          0        890   ir_sensor.o
       380         32         16          0         16       2806   keypad.o
       148          0          0          0          0       4602   list.o
      1440        372          8         12         40     233075   main.o
       704         56       1900          4       1056       5446   oled.o
       132         18          0          0          0       1560   output_device.o
       404         48          0          4          0       9192   port.o
      1300         14          0          0          0      24443   queue.o
        64         26        236          0       1536        824   startup_stm32f10x_md.o
        48          8          0          0          0        428   system.o
       328         28          0          0          0       2029   system_stm32f10x.o
      2242        372          0         64        200      29760   tasks.o
      1150        108          0         20         40      14794   timers.o
       188          0          0          0          0       3148   uart.o

    ----------------------------------------------------------------------
     12900       1618       2352        112       8132     369568   Object Totals
         0          0         32          0          0          0   (incl. Generated)
        22          0          6          0          0          0   (incl. Padding)

    ----------------------------------------------------------------------

      Code (inc. data)   RO Data    RW Data    ZI Data      Debug   Library Member Name

         8          0          0          0          0         68   __main.o
         0          0          0          0          0          0   __rtentry.o
        12          0          0          0          0          0   __rtentry2.o
         6          0          0          0          0          0   __rtentry4.o
        52          8          0          0          0          0   __scatter.o
        26          0          0          0          0          0   __scatter_copy.o
        28          0          0          0          0          0   __scatter_zi.o
        16          0          0          0          0         68   aeabi_memset.o
        18          0          0          0          0         80   exit.o
         6          0          0          0          0        152   heapauxi.o
         0          0          0          0          0          0   indicate_semi.o
         2          0          0          0          0          0   libinit.o
         2          0          0          0          0          0   libinit2.o
         2          0          0          0          0          0   libshutdown.o
         2          0          0          0          0          0   libshutdown2.o
         8          4          0          0         96         68   libspace.o
        68          0          0          0          0         68   rt_memclr.o
        78          0          0          0          0         80   rt_memclr_w.o
       138          0          0          0          0         68   rt_memcpy_v6.o
       100          0          0          0          0         80   rt_memcpy_w.o
         2          0          0          0          0          0   rtexit.o
        10          0          0          0          0          0   rtexit2.o
        24          0          0          0          0         68   strcat.o
       128          0          0          0          0         68   strcmpv7m.o
        72          0          0          0          0         80   strcpy.o
        12          4          0          0          0         68   sys_exit.o
        74          0          0          0          0         80   sys_stackheap_outer.o
         2          0          0          0          0         68   use_no_semi.o

    ----------------------------------------------------------------------
       904         16          0          0        100       1164   Library Totals
         8          0          0          0          4          0   (incl. Padding)

    ----------------------------------------------------------------------

      Code (inc. data)   RO Data    RW Data    ZI Data      Debug   Library Name

       896         16          0          0         96       1164   c_w.l

    ----------------------------------------------------------------------
       904         16          0          0        100       1164   Library Totals

    ----------------------------------------------------------------------

==============================================================================


      Code (inc. data)   RO Data    RW Data    ZI Data      Debug   

     13804       1634       2352        112       8232     362356   Grand Totals
     13804       1634       2352        112       8232     362356   ELF Image Totals
     13804       1634       2352        112          0          0   ROM Totals

==============================================================================

    Total RO  Size (Code + RO Data)                16156 (  15.78kB)
    Total RW  Size (RW Data + ZI Data)              8344 (   8.15kB)
    Total ROM Size (Code + RO Data + RW Data)      16268 (  15.89kB)

==============================================================================

